******************************************************************************
                  TI ARM Linker PC v18.1.1                     
******************************************************************************
>> Linked Fri Mar 23 21:38:28 2018

OUTPUT FILE NAME:   <apes_rtos_1.out>
ENTRY POINT SYMBOL: "_c_int00_noargs"  address: 00002b15


MEMORY CONFIGURATION

         name            origin    length      used     unused   attr    fill
----------------------  --------  ---------  --------  --------  ----  --------
  FLASH                 00000000   00100000  00002fa4  000fd05c  R  X
  SRAM                  20000000   00040000  0000793c  000386c4  RW X


SEGMENT ALLOCATION MAP

run origin  load origin   length   init length attrs members
----------  ----------- ---------- ----------- ----- -------
00000000    00000000    00002fa8   00002fa8    r-x
  00000000    00000000    00000208   00000208    r-- .intvecs
  00000208    00000208    00002a4c   00002a4c    r-x .text
  00002c54    00002c54    00000318   00000318    r-- .const
  00002f70    00002f70    00000038   00000038    r-- .cinit
20000000    20000000    0000793c   00000000    rw-
  20000000    20000000    000076f0   00000000    rw- .bss
  200076f0    200076f0    00000200   00000000    rw- .stack
  200078f0    200078f0    0000004c   00000000    rw- .data


SECTION ALLOCATION MAP

 output                                  attributes/
section   page    origin      length       input sections
--------  ----  ----------  ----------   ----------------
.intvecs   0    00000000    00000208     
                  00000000    00000208     tm4c1292ncpdt_startup_ccs.obj (.intvecs)

.text      0    00000208    00002a4c     
                  00000208    00001780     tasks.obj (.text)
                  00001988    0000049c     uartstdio.obj (.text)
                  00001e24    00000200     driverlib.lib : sysctl.obj (.text:SysCtlClockFreqSet)
                  00002024    000001b8     heap_2.obj (.text)
                  000021dc    00000132     driverlib.lib : gpio.obj (.text:GPIOPadConfigSet)
                  0000230e    0000012a     list.obj (.text)
                  00002438    00000128     port.obj (.text)
                  00002560    00000100     main.obj (.text)
                  00002660    000000d2     portasm.obj (.text)
                  00002732    00000002     rtsv7M4_T_le_v4SPD16_eabi.lib : div0.asm.obj (.text)
                  00002734    000000cc     my_tasks.obj (.text)
                  00002800    0000009c     rtsv7M4_T_le_v4SPD16_eabi.lib : memcpy_t2.asm.obj (.text)
                  0000289c    0000007a                                   : memset_t2.asm.obj (.text)
                  00002916    00000068                                   : copy_decompress_lzss.c.obj (.text:decompress:lzss:__TI_decompress_lzss)
                  0000297e    00000002     --HOLE-- [fill = 0]
                  00002980    00000048     driverlib.lib : gpio.obj (.text:GPIOPinConfigure)
                  000029c8    00000048                   : sysctl.obj (.text:_SysCtlFrequencyGet)
                  00002a10    00000046                   : uart.obj (.text:UARTConfigSetExpClk)
                  00002a56    00000002     --HOLE-- [fill = 0]
                  00002a58    00000044     rtsv7M4_T_le_v4SPD16_eabi.lib : autoinit.c.obj (.text:__TI_auto_init_nobinit_nopinit:__TI_auto_init_nobinit_nopinit)
                  00002a9c    00000040                                   : u_divt2.asm.obj (.text)
                  00002adc    00000038     driverlib.lib : sysctl.obj (.text:SysCtlPeripheralPresent)
                  00002b14    00000038     rtsv7M4_T_le_v4SPD16_eabi.lib : boot_cortex_m.c.obj (.text:_c_int00_noargs:_c_int00_noargs)
                  00002b4c    00000034     driverlib.lib : sysctl.obj (.text:SysCtlPeripheralEnable)
                  00002b80    0000002a                   : gpio.obj (.text:GPIODirModeSet)
                  00002baa    00000002     --HOLE-- [fill = 0]
                  00002bac    00000020                   : uart.obj (.text:UARTDisable)
                  00002bcc    00000020                   : sysctl.obj (.text:_SysCtlMemTimingGet)
                  00002bec    00000014                   : uart.obj (.text:UARTEnable)
                  00002c00    00000012                   : gpio.obj (.text:GPIOPinTypeUART)
                  00002c12    0000000e     rtsv7M4_T_le_v4SPD16_eabi.lib : copy_decompress_none.c.obj (.text:decompress:none:__TI_decompress_none)
                  00002c20    0000000c                                   : copy_zero_init.c.obj (.text:decompress:ZI:__TI_zero_init)
                  00002c2c    0000000c     tm4c1292ncpdt_startup_ccs.obj (.text)
                  00002c38    0000000a     driverlib.lib : uart.obj (.text:UARTCharGet)
                  00002c42    0000000a                   : uart.obj (.text:UARTCharPut)
                  00002c4c    00000004     rtsv7M4_T_le_v4SPD16_eabi.lib : pre_init.c.obj (.text:_system_pre_init)
                  00002c50    00000004                                   : exit.c.obj (.text:abort:abort)

.const     0    00002c54    00000318     
                  00002c54    000001b0     driverlib.lib : sysctl.obj (.const:g_pppui32XTALtoVCO)
                  00002e04    00000090                   : gpio.obj (.const:g_pui32GPIOBaseAddrs)
                  00002e94    0000006c                   : sysctl.obj (.const:g_pui32Xtals)
                  00002f00    00000030                   : sysctl.obj (.const:g_sXTALtoMEMTIM)
                  00002f30    00000012     uartstdio.obj (.const:.string)
                  00002f42    00000002     --HOLE-- [fill = 0]
                  00002f44    0000000c     uartstdio.obj (.const:g_ui32UARTBase)
                  00002f50    0000000c     uartstdio.obj (.const:g_ui32UARTPeriph)
                  00002f5c    00000008     driverlib.lib : sysctl.obj (.const)
                  00002f64    00000004     port.obj (.const)
                  00002f68    00000004     uartstdio.obj (.const)

.cinit     0    00002f70    00000038     
                  00002f70    00000010     (.cinit..data.load) [load image, compression = lzss]
                  00002f80    0000000c     (__TI_handler_table)
                  00002f8c    00000004     --HOLE-- [fill = 0]
                  00002f90    00000008     (.cinit..bss.load) [load image, compression = zero_init]
                  00002f98    00000010     (__TI_cinit_table)

.init_array 
*          0    00000000    00000000     UNINITIALIZED

.bss       0    20000000    000076f0     UNINITIALIZED
                  20000000    00007530     heap_2.obj (.bss:ucHeap)
                  20007530    00000140     tasks.obj (.bss:pxReadyTasksLists)
                  20007670    00000014     tasks.obj (.bss:xDelayedTaskList1)
                  20007684    00000014     tasks.obj (.bss:xDelayedTaskList2)
                  20007698    00000014     tasks.obj (.bss:xPendingReadyList)
                  200076ac    00000014     tasks.obj (.bss:xSuspendedTaskList)
                  200076c0    00000014     tasks.obj (.bss:xTasksWaitingTermination)
                  200076d4    00000008     tasks.obj (.bss)
                  200076dc    00000008     heap_2.obj (.bss:xEnd)
                  200076e4    00000008     heap_2.obj (.bss:xStart)
                  200076ec    00000004     (.common:g_ui32SysClock)

.data      0    200078f0    0000004c     UNINITIALIZED
                  200078f0    00000030     tasks.obj (.data)
                  20007920    00000008     heap_2.obj (.data)
                  20007928    00000008     my_tasks.obj (.data)
                  20007930    00000005     uartstdio.obj (.data)
                  20007935    00000003     --HOLE--
                  20007938    00000004     port.obj (.data)

.stack     0    200076f0    00000200     UNINITIALIZED
                  200076f0    00000004     rtsv7M4_T_le_v4SPD16_eabi.lib : boot_cortex_m.c.obj (.stack)
                  200076f4    000001fc     --HOLE--

MODULE SUMMARY

       Module                          code    ro data   rw data
       ------                          ----    -------   -------
    .\
       uartstdio.obj                   1180    46        5      
       tm4c1292ncpdt_startup_ccs.obj   12      520       0      
       main.obj                        256     0         4      
       my_tasks.obj                    204     0         8      
    +--+-------------------------------+-------+---------+---------+
       Total:                          1652    566       17     
                                                                
    .\third_party\FreeRTOS\Source\
       tasks.obj                       6016    0         476    
       list.obj                        298     0         0      
    +--+-------------------------------+-------+---------+---------+
       Total:                          6314    0         476    
                                                                
    .\third_party\FreeRTOS\Source\portable\CCS\ARM_CM4F\
       port.obj                        296     4         4      
       portasm.obj                     210     0         0      
    +--+-------------------------------+-------+---------+---------+
       Total:                          506     4         4      
                                                                
    .\third_party\FreeRTOS\Source\portable\MemMang\
       heap_2.obj                      440     0         30024  
    +--+-------------------------------+-------+---------+---------+
       Total:                          440     0         30024  
                                                                
    ../driverlib.lib
       sysctl.obj                      724     596       0      
       gpio.obj                        438     144       0      
       uart.obj                        142     0         0      
    +--+-------------------------------+-------+---------+---------+
       Total:                          1304    740       0      
                                                                
    C:\ti\ccsv8\tools\compiler\ti-cgt-arm_18.1.1.LTS\lib\rtsv7M4_T_le_v4SPD16_eabi.lib
       memcpy_t2.asm.obj               156     0         0      
       memset_t2.asm.obj               122     0         0      
       copy_decompress_lzss.c.obj      104     0         0      
       autoinit.c.obj                  68      0         0      
       u_divt2.asm.obj                 64      0         0      
       boot_cortex_m.c.obj             56      0         0      
       copy_decompress_none.c.obj      14      0         0      
       copy_zero_init.c.obj            12      0         0      
       exit.c.obj                      4       0         0      
       pre_init.c.obj                  4       0         0      
       div0.asm.obj                    2       0         0      
    +--+-------------------------------+-------+---------+---------+
       Total:                          606     0         0      
                                                                
       Stack:                          0       0         512    
       Linker Generated:               0       52        0      
    +--+-------------------------------+-------+---------+---------+
       Grand Total:                    10822   1362      31033  


LINKER GENERATED COPY TABLES

__TI_cinit_table @ 00002f98 records: 2, size/record: 8, table size: 16
	.data: load addr=00002f70, load size=00000010 bytes, run addr=200078f0, run size=0000004c bytes, compression=lzss
	.bss: load addr=00002f90, load size=00000008 bytes, run addr=20000000, run size=000076f0 bytes, compression=zero_init


LINKER GENERATED HANDLER TABLE

__TI_handler_table @ 00002f80 records: 3, size/record: 4, table size: 12
	index: 0, handler: __TI_decompress_lzss
	index: 1, handler: __TI_decompress_none
	index: 2, handler: __TI_zero_init


GLOBAL SYMBOLS: SORTED ALPHABETICALLY BY Name 

address   name                             
-------   ----                             
00002c51  C$$EXIT                          
0000256b  ConfigureUART                    
00002b81  GPIODirModeSet                   
000021dd  GPIOPadConfigSet                 
00002981  GPIOPinConfigure                 
00002c01  GPIOPinTypeUART                  
00002c2d  ResetISR                         
00001e25  SysCtlClockFreqSet               
00002b4d  SysCtlPeripheralEnable           
00002add  SysCtlPeripheralPresent          
00002c39  UARTCharGet                      
00002c43  UARTCharPut                      
00002a11  UARTConfigSetExpClk              
00002bad  UARTDisable                      
00002bed  UARTEnable                       
00001989  UARTStdioConfig                  
00001acf  UARTgetc                         
00001a15  UARTgets                         
00001def  UARTprintf                       
00001af5  UARTvprintf                      
000019cf  UARTwrite                        
200078f0  __STACK_END                      
00000200  __STACK_SIZE                     
200078f0  __STACK_TOP                      
00002f98  __TI_CINIT_Base                  
00002fa8  __TI_CINIT_Limit                 
00002f80  __TI_Handler_Table_Base          
00002f8c  __TI_Handler_Table_Limit         
00002a59  __TI_auto_init_nobinit_nopinit   
00002917  __TI_decompress_lzss             
00002c13  __TI_decompress_none             
ffffffff  __TI_pprof_out_hndl              
ffffffff  __TI_prof_data_size              
ffffffff  __TI_prof_data_start             
00000000  __TI_static_base__               
00002c21  __TI_zero_init                   
00002733  __aeabi_idiv0                    
00002733  __aeabi_ldiv0                    
0000289d  __aeabi_memclr                   
0000289d  __aeabi_memclr4                  
0000289d  __aeabi_memclr8                  
00002801  __aeabi_memcpy                   
00002801  __aeabi_memcpy4                  
00002801  __aeabi_memcpy8                  
0000289f  __aeabi_memset                   
0000289f  __aeabi_memset4                  
0000289f  __aeabi_memset8                  
00002a9d  __aeabi_uidiv                    
00002a9d  __aeabi_uidivmod                 
ffffffff  __binit__                        
ffffffff  __c_args__                       
UNDEFED   __mpu_init                       
200076f0  __stack                          
00002b15  _c_int00_noargs                  
UNDEFED   _system_post_cinit               
00002c4d  _system_pre_init                 
00002c51  abort                            
ffffffff  binit                            
00000000  g_pfnVectors                     
200076ec  g_ui32SysClock                   
000025a1  main                             
00002801  memcpy                           
000028a5  memset                           
00002025  pvPortMalloc                     
000014cf  pvTaskIncrementMutexHeldCount    
200078f0  pxCurrentTCB                     
00002439  pxPortInitialiseStack            
00002759  task1Init                        
00002789  task2Init                        
00002f64  ulMaxSyscallInterruptPriority    
00002671  ulPortGetIPSR                    
000014e7  ulTaskNotifyTake                 
000023f1  uxListRemove                     
000009f1  uxTaskGetNumberOfTasks           
000012a9  uxTaskGetStackHighWaterMark      
000009fd  uxTaskGetSystemState             
00000f15  uxTaskGetTaskNumber              
000004c3  uxTaskPriorityGet                
000004f5  uxTaskPriorityGetFromISR         
000014ad  uxTaskResetEventItemValue        
00002561  vApplicationStackOverflowHook    
0000230f  vListInitialise                  
0000233f  vListInitialiseItem              
0000238b  vListInsert                      
0000234f  vListInsertEnd                   
00002725  vPortEnableVFP                   
000024d5  vPortEndScheduler                
000024d7  vPortEnterCritical               
000024f7  vPortExitCritical                
0000211d  vPortFree                        
00002181  vPortInitialiseBlocks            
000026e9  vPortSVCHandler                  
00002533  vPortSetupTimerInterrupt         
00002709  vPortStartFirstTask              
00000467  vTaskDelay                       
000003bf  vTaskDelayUntil                  
00000323  vTaskDelete                      
000008bd  vTaskEndScheduler                
00000f03  vTaskMissedYield                 
00001891  vTaskNotifyGiveFromISR           
00000ca1  vTaskPlaceOnEventList            
00000d09  vTaskPlaceOnUnorderedEventList   
00001355  vTaskPriorityInherit             
00000549  vTaskPrioritySet                 
00000751  vTaskResume                      
00000f35  vTaskSetTaskNumber               
00000e6b  vTaskSetTimeOutState             
00000865  vTaskStartScheduler              
0000065d  vTaskSuspend                     
000008d9  vTaskSuspendAll                  
00000bf9  vTaskSwitchContext               
0000217b  xPortGetFreeHeapSize             
00002689  xPortPendSVHandler               
0000249f  xPortStartScheduler              
0000250d  xPortSysTickHandler              
00000e89  xTaskCheckForTimeOut             
00000209  xTaskGenericCreate               
00001697  xTaskGenericNotify               
00001789  xTaskGenericNotifyFromISR        
00001339  xTaskGetCurrentTaskHandle        
000009c7  xTaskGetTickCount                
000009dd  xTaskGetTickCountFromISR         
00000ad1  xTaskIncrementTick               
00001937  xTaskNotifyStateClear            
000015ad  xTaskNotifyWait                  
0000140f  xTaskPriorityDisinherit          
00000d7d  xTaskRemoveFromEventList         
00000df9  xTaskRemoveFromUnorderedEventList
000008f1  xTaskResumeAll                   
000007d3  xTaskResumeFromISR               


GLOBAL SYMBOLS: SORTED BY Symbol Address 

address   name                             
-------   ----                             
00000000  __TI_static_base__               
00000000  g_pfnVectors                     
00000200  __STACK_SIZE                     
00000209  xTaskGenericCreate               
00000323  vTaskDelete                      
000003bf  vTaskDelayUntil                  
00000467  vTaskDelay                       
000004c3  uxTaskPriorityGet                
000004f5  uxTaskPriorityGetFromISR         
00000549  vTaskPrioritySet                 
0000065d  vTaskSuspend                     
00000751  vTaskResume                      
000007d3  xTaskResumeFromISR               
00000865  vTaskStartScheduler              
000008bd  vTaskEndScheduler                
000008d9  vTaskSuspendAll                  
000008f1  xTaskResumeAll                   
000009c7  xTaskGetTickCount                
000009dd  xTaskGetTickCountFromISR         
000009f1  uxTaskGetNumberOfTasks           
000009fd  uxTaskGetSystemState             
00000ad1  xTaskIncrementTick               
00000bf9  vTaskSwitchContext               
00000ca1  vTaskPlaceOnEventList            
00000d09  vTaskPlaceOnUnorderedEventList   
00000d7d  xTaskRemoveFromEventList         
00000df9  xTaskRemoveFromUnorderedEventList
00000e6b  vTaskSetTimeOutState             
00000e89  xTaskCheckForTimeOut             
00000f03  vTaskMissedYield                 
00000f15  uxTaskGetTaskNumber              
00000f35  vTaskSetTaskNumber               
000012a9  uxTaskGetStackHighWaterMark      
00001339  xTaskGetCurrentTaskHandle        
00001355  vTaskPriorityInherit             
0000140f  xTaskPriorityDisinherit          
000014ad  uxTaskResetEventItemValue        
000014cf  pvTaskIncrementMutexHeldCount    
000014e7  ulTaskNotifyTake                 
000015ad  xTaskNotifyWait                  
00001697  xTaskGenericNotify               
00001789  xTaskGenericNotifyFromISR        
00001891  vTaskNotifyGiveFromISR           
00001937  xTaskNotifyStateClear            
00001989  UARTStdioConfig                  
000019cf  UARTwrite                        
00001a15  UARTgets                         
00001acf  UARTgetc                         
00001af5  UARTvprintf                      
00001def  UARTprintf                       
00001e25  SysCtlClockFreqSet               
00002025  pvPortMalloc                     
0000211d  vPortFree                        
0000217b  xPortGetFreeHeapSize             
00002181  vPortInitialiseBlocks            
000021dd  GPIOPadConfigSet                 
0000230f  vListInitialise                  
0000233f  vListInitialiseItem              
0000234f  vListInsertEnd                   
0000238b  vListInsert                      
000023f1  uxListRemove                     
00002439  pxPortInitialiseStack            
0000249f  xPortStartScheduler              
000024d5  vPortEndScheduler                
000024d7  vPortEnterCritical               
000024f7  vPortExitCritical                
0000250d  xPortSysTickHandler              
00002533  vPortSetupTimerInterrupt         
00002561  vApplicationStackOverflowHook    
0000256b  ConfigureUART                    
000025a1  main                             
00002671  ulPortGetIPSR                    
00002689  xPortPendSVHandler               
000026e9  vPortSVCHandler                  
00002709  vPortStartFirstTask              
00002725  vPortEnableVFP                   
00002733  __aeabi_idiv0                    
00002733  __aeabi_ldiv0                    
00002759  task1Init                        
00002789  task2Init                        
00002801  __aeabi_memcpy                   
00002801  __aeabi_memcpy4                  
00002801  __aeabi_memcpy8                  
00002801  memcpy                           
0000289d  __aeabi_memclr                   
0000289d  __aeabi_memclr4                  
0000289d  __aeabi_memclr8                  
0000289f  __aeabi_memset                   
0000289f  __aeabi_memset4                  
0000289f  __aeabi_memset8                  
000028a5  memset                           
00002917  __TI_decompress_lzss             
00002981  GPIOPinConfigure                 
00002a11  UARTConfigSetExpClk              
00002a59  __TI_auto_init_nobinit_nopinit   
00002a9d  __aeabi_uidiv                    
00002a9d  __aeabi_uidivmod                 
00002add  SysCtlPeripheralPresent          
00002b15  _c_int00_noargs                  
00002b4d  SysCtlPeripheralEnable           
00002b81  GPIODirModeSet                   
00002bad  UARTDisable                      
00002bed  UARTEnable                       
00002c01  GPIOPinTypeUART                  
00002c13  __TI_decompress_none             
00002c21  __TI_zero_init                   
00002c2d  ResetISR                         
00002c39  UARTCharGet                      
00002c43  UARTCharPut                      
00002c4d  _system_pre_init                 
00002c51  C$$EXIT                          
00002c51  abort                            
00002f64  ulMaxSyscallInterruptPriority    
00002f80  __TI_Handler_Table_Base          
00002f8c  __TI_Handler_Table_Limit         
00002f98  __TI_CINIT_Base                  
00002fa8  __TI_CINIT_Limit                 
200076ec  g_ui32SysClock                   
200076f0  __stack                          
200078f0  __STACK_END                      
200078f0  __STACK_TOP                      
200078f0  pxCurrentTCB                     
ffffffff  __TI_pprof_out_hndl              
ffffffff  __TI_prof_data_size              
ffffffff  __TI_prof_data_start             
ffffffff  __binit__                        
ffffffff  __c_args__                       
ffffffff  binit                            
UNDEFED   __mpu_init                       
UNDEFED   _system_post_cinit               

[130 symbols]
