******************************************************************************
                  TI ARM Linker Unix v18.1.1                   
******************************************************************************
>> Linked Sat Apr 28 23:57:59 2018

OUTPUT FILE NAME:   <project2-ecen5013.out>
ENTRY POINT SYMBOL: "_c_int00_noargs"  address: 0000c2f1


MEMORY CONFIGURATION

         name            origin    length      used     unused   attr    fill
----------------------  --------  ---------  --------  --------  ----  --------
  FLASH                 00000000   00100000  0000cd42  000f32be  R  X
  SRAM                  20000000   00040000  00009889  00036777  RW X


SEGMENT ALLOCATION MAP

run origin  load origin   length   init length attrs members
----------  ----------- ---------- ----------- ----- -------
00000000    00000000    0000cd48   0000cd48    r-x
  00000000    00000000    00000208   00000208    r-- .intvecs
  00000208    00000208    0000c5da   0000c5da    r-x .text
  0000c7e4    0000c7e4    000004f0   000004f0    r-- .const
  0000ccd8    0000ccd8    00000070   00000070    r-- .cinit
20000000    20000000    0000988c   00000000    rw-
  20000000    20000000    0000026c   00000000    rw- .vtable
  2000026c    2000026c    00008d11   00000000    rw- .bss
  20008f80    20008f80    00000800   00000000    rw- .stack
  20009780    20009780    0000010c   00000000    rw- .data


SECTION ALLOCATION MAP

 output                                  attributes/
section   page    origin      length       input sections
--------  ----  ----------  ----------   ----------------
.intvecs   0    00000000    00000208     
                  00000000    00000208     tm4c1292ncpdt_startup_ccs.obj (.intvecs)

.text      0    00000208    0000c5da     
                  00000208    00001e20     FreeRTOS_TCP_IP.obj (.text)
                  00002028    0000193c     FreeRTOS_Sockets.obj (.text)
                  00003964    0000182c     tasks.obj (.text)
                  00005190    00000fac     FreeRTOS_IP.obj (.text)
                  0000613c    00000ddc     FreeRTOS_TCP_WIN.obj (.text)
                  00006f18    00000a08     queue.obj (.text)
                  00007920    000006c8     FreeRTOS_DHCP.obj (.text)
                  00007fe8    00000534     timers.obj (.text)
                  0000851c    00000524     FreeRTOS_ARP.obj (.text)
                  00008a40    0000049c     uartstdio.obj (.text)
                  00008edc    0000041c     project2_tasks.obj (.text)
                  000092f8    000003c8     FreeRTOS_DNS.obj (.text)
                  000096c0    000003ae     event_groups.obj (.text)
                  00009a6e    00000002     rtsv7M4_T_le_v4SPD16_eabi.lib : div0.asm.obj (.text)
                  00009a70    00000328     ethernet.obj (.text)
                  00009d98    000002c4     FreeRTOS_Stream_Buffer.obj (.text)
                  0000a05c    000002c0     packet_comm.obj (.text)
                  0000a31c    000002bc     heap_4.obj (.text)
                  0000a5d8    000002ac     NetworkInterface.obj (.text)
                  0000a884    00000294     BufferAllocation_2.obj (.text)
                  0000ab18    00000208     FreeRTOS_UDP_IP.obj (.text)
                  0000ad20    00000200     driverlib.lib : sysctl.obj (.text:SysCtlClockFreqSet)
                  0000af20    000001c4     serial_interface.obj (.text)
                  0000b0e4    00000184     main.obj (.text)
                  0000b268    00000154     motor_control.obj (.text)
                  0000b3bc    00000136     rtsv7M4_T_le_v4SPD16_eabi.lib : fd_div_t2.asm.obj (.text)
                  0000b4f2    00000132     driverlib.lib : gpio.obj (.text:GPIOPadConfigSet)
                  0000b624    0000012a     list.obj (.text)
                  0000b74e    00000002     --HOLE-- [fill = 0]
                  0000b750    00000128     port.obj (.text)
                  0000b878    000000fc     rtsv7M4_T_le_v4SPD16_eabi.lib : fd_mul_t2.asm.obj (.text)
                  0000b974    000000d4     current_sensor.obj (.text)
                  0000ba48    000000d2     portasm.obj (.text)
                  0000bb1a    00000002     --HOLE-- [fill = 0]
                  0000bb1c    000000d0     speed_sensor.obj (.text)
                  0000bbec    0000009c     rtsv7M4_T_le_v4SPD16_eabi.lib : memcpy_t2.asm.obj (.text)
                  0000bc88    0000007a     driverlib.lib : adc.obj (.text:ADCSequenceStepConfigure)
                  0000bd02    0000007a     rtsv7M4_T_le_v4SPD16_eabi.lib : memset_t2.asm.obj (.text)
                  0000bd7c    00000078     driverlib.lib : emac.obj (.text:EMACInit)
                  0000bdf4    0000006e     rtsv7M4_T_le_v4SPD16_eabi.lib : fd_tos_t2.asm.obj (.text)
                  0000be62    00000002     --HOLE-- [fill = 0]
                  0000be64    00000068     driverlib.lib : interrupt.obj (.text:IntEnable)
                  0000becc    00000068     rtsv7M4_T_le_v4SPD16_eabi.lib : copy_decompress_lzss.c.obj (.text:decompress:lzss:__TI_decompress_lzss)
                  0000bf34    00000058     driverlib.lib : emac.obj (.text:EMACPHYConfigSet)
                  0000bf8c    00000050                   : adc.obj (.text:ADCSequenceConfigure)
                  0000bfdc    00000050                   : sysctl.obj (.text:SysCtlPeripheralReset)
                  0000c02c    00000048                   : gpio.obj (.text:GPIOPinConfigure)
                  0000c074    00000048                   : sysctl.obj (.text:_SysCtlFrequencyGet)
                  0000c0bc    00000046                   : uart.obj (.text:UARTConfigSetExpClk)
                  0000c102    00000002     --HOLE-- [fill = 0]
                  0000c104    00000044     rtsv7M4_T_le_v4SPD16_eabi.lib : autoinit.c.obj (.text:__TI_auto_init_nobinit_nopinit:__TI_auto_init_nobinit_nopinit)
                  0000c148    00000044     leds.obj (.text)
                  0000c18c    00000040     driverlib.lib : uart.obj (.text:_UARTIntNumberGet)
                  0000c1cc    00000040     rtsv7M4_T_le_v4SPD16_eabi.lib : u_divt2.asm.obj (.text)
                  0000c20c    0000003a     driverlib.lib : emac.obj (.text:EMACIntEnable)
                  0000c246    00000002     --HOLE-- [fill = 0]
                  0000c248    00000038                   : emac.obj (.text:EMACConfigSet)
                  0000c280    00000038                   : sysctl.obj (.text:SysCtlPeripheralPresent)
                  0000c2b8    00000038                   : sysctl.obj (.text:SysCtlPeripheralReady)
                  0000c2f0    00000038     rtsv7M4_T_le_v4SPD16_eabi.lib : boot_cortex_m.c.obj (.text:_c_int00_noargs:_c_int00_noargs)
                  0000c328    00000034     driverlib.lib : emac.obj (.text:EMACIntClear)
                  0000c35c    00000034                   : interrupt.obj (.text:IntRegister)
                  0000c390    00000034                   : sysctl.obj (.text:SysCtlPeripheralEnable)
                  0000c3c4    00000030                   : emac.obj (.text:EMACAddrSet)
                  0000c3f4    0000002e                   : adc.obj (.text:ADCIntStatus)
                  0000c422    0000002c                   : emac.obj (.text:EMACIntStatus)
                  0000c44e    0000002a                   : gpio.obj (.text:GPIODirModeSet)
                  0000c478    00000024     rtsv7M4_T_le_v4SPD16_eabi.lib : memcmp.c.obj (.text:memcmp)
                  0000c49c    00000024                                   : memmov.c.obj (.text:memmove)
                  0000c4c0    00000022     driverlib.lib : pwm.obj (.text:PWMGenConfigure)
                  0000c4e2    00000002     --HOLE-- [fill = 0]
                  0000c4e4    00000020                   : uart.obj (.text:UARTDisable)
                  0000c504    00000020                   : sysctl.obj (.text:_SysCtlMemTimingGet)
                  0000c524    00000020     rtsv7M4_T_le_v4SPD16_eabi.lib : u_tofd_t2.asm.obj (.text)
                  0000c544    0000001e     driverlib.lib : adc.obj (.text:ADCSequenceDataGet)
                  0000c562    0000001e                   : pwm.obj (.text:PWMPulseWidthSet)
                  0000c580    00000018                   : adc.obj (.text:ADCProcessorTrigger)
                  0000c598    00000018                   : gpio.obj (.text:GPIOPinTypeGPIOOutput)
                  0000c5b0    00000018                   : uart.obj (.text:UARTIntRegister)
                  0000c5c8    00000016                   : emac.obj (.text:EMACReset)
                  0000c5de    00000016                   : emac.obj (.text:EMACRxEnable)
                  0000c5f4    00000016                   : emac.obj (.text:EMACTxEnable)
                  0000c60a    00000002     --HOLE-- [fill = 0]
                  0000c60c    00000014                   : flash.obj (.text:FlashUserGet)
                  0000c620    00000014                   : pwm.obj (.text:PWMClockSet)
                  0000c634    00000014                   : uart.obj (.text:UARTEnable)
                  0000c648    00000014     rtsv7M4_T_le_v4SPD16_eabi.lib : strcpy.c.obj (.text:strcpy)
                  0000c65c    00000014                                   : strlen.c.obj (.text:strlen)
                  0000c670    00000012     driverlib.lib : gpio.obj (.text:GPIOPinTypeADC)
                  0000c682    00000012                   : gpio.obj (.text:GPIOPinTypePWM)
                  0000c694    00000012                   : gpio.obj (.text:GPIOPinTypeQEI)
                  0000c6a6    00000012                   : gpio.obj (.text:GPIOPinTypeUART)
                  0000c6b8    00000012                   : pwm.obj (.text:PWMGenPeriodGet)
                  0000c6ca    00000012                   : pwm.obj (.text:PWMOutputInvert)
                  0000c6dc    00000012                   : pwm.obj (.text:PWMOutputState)
                  0000c6ee    00000002     --HOLE-- [fill = 0]
                  0000c6f0    00000010                   : emac.obj (.text:EMACFrameFilterSet)
                  0000c700    00000010                   : pwm.obj (.text:PWMGenPeriodSet)
                  0000c710    00000010                   : qei.obj (.text:QEIVelocityConfigure)
                  0000c720    0000000e                   : adc.obj (.text:ADCSequenceEnable)
                  0000c72e    0000000e                   : qei.obj (.text:QEIConfigure)
                  0000c73c    0000000e                   : uart.obj (.text:UARTCharsAvail)
                  0000c74a    0000000e     rtsv7M4_T_le_v4SPD16_eabi.lib : copy_decompress_none.c.obj (.text:decompress:none:__TI_decompress_none)
                  0000c758    0000000c     driverlib.lib : pwm.obj (.text:PWMGenEnable)
                  0000c764    0000000c     rtsv7M4_T_le_v4SPD16_eabi.lib : copy_zero_init.c.obj (.text:decompress:ZI:__TI_zero_init)
                  0000c770    0000000c     tm4c1292ncpdt_startup_ccs.obj (.text)
                  0000c77c    0000000a     driverlib.lib : qei.obj (.text:QEIEnable)
                  0000c786    0000000a                   : qei.obj (.text:QEIVelocityEnable)
                  0000c790    0000000a                   : uart.obj (.text:UARTCharGet)
                  0000c79a    0000000a                   : uart.obj (.text:UARTCharPut)
                  0000c7a4    0000000a                   : uart.obj (.text:UARTIntDisable)
                  0000c7ae    00000008                   : uart.obj (.text:UARTIntEnable)
                  0000c7b6    00000006                   : emac.obj (.text:EMACRxDMADescriptorListSet)
                  0000c7bc    00000006                   : emac.obj (.text:EMACTxDMADescriptorListSet)
                  0000c7c2    00000006                   : gpio.obj (.text:GPIOPinWrite)
                  0000c7c8    00000006                   : sysctl.obj (.text:SysCtlDelay)
                  0000c7ce    00000004                   : qei.obj (.text:QEIPositionGet)
                  0000c7d2    00000004                   : qei.obj (.text:QEIVelocityGet)
                  0000c7d6    00000004                   : uart.obj (.text:UARTIntClear)
                  0000c7da    00000004     rtsv7M4_T_le_v4SPD16_eabi.lib : pre_init.c.obj (.text:_system_pre_init)
                  0000c7de    00000004                                   : exit.c.obj (.text:abort:abort)

.const     0    0000c7e4    000004f0     
                  0000c7e4    000001b0     driverlib.lib : sysctl.obj (.const:g_pppui32XTALtoVCO)
                  0000c994    00000090                   : gpio.obj (.const:g_pui32GPIOBaseAddrs)
                  0000ca24    00000070                   : interrupt.obj (.const)
                  0000ca94    0000006c                   : sysctl.obj (.const:g_pui32Xtals)
                  0000cb00    00000046     packet_comm.obj (.const:.string)
                  0000cb46    00000002     --HOLE-- [fill = 0]
                  0000cb48    00000040     driverlib.lib : uart.obj (.const:g_ppui32UARTIntMap)
                  0000cb88    00000040                   : uart.obj (.const:g_ppui32UARTIntMapSnowflake)
                  0000cbc8    00000030                   : sysctl.obj (.const:g_sXTALtoMEMTIM)
                  0000cbf8    00000026     FreeRTOS_ARP.obj (.const:.string:xDefaultPartARPPacketHeader)
                  0000cc1e    00000018     FreeRTOS_DHCP.obj (.const:.string:ucDHCPRequestOptions$1)
                  0000cc36    00000002     --HOLE-- [fill = 0]
                  0000cc38    00000018     driverlib.lib : emac.obj (.const)
                  0000cc50    00000012     uartstdio.obj (.const:.string)
                  0000cc62    00000011     FreeRTOS_DHCP.obj (.const:.string:ucDHCPDiscoverOptions$2)
                  0000cc73    00000001     --HOLE-- [fill = 0]
                  0000cc74    0000000c     uartstdio.obj (.const:g_ui32UARTBase)
                  0000cc80    0000000c     uartstdio.obj (.const:g_ui32UARTPeriph)
                  0000cc8c    0000000c     FreeRTOS_DNS.obj (.const:xDefaultPartDNSHeader$3)
                  0000cc98    00000008     FreeRTOS_Sockets.obj (.const:$P$T0$1)
                  0000cca0    00000008     FreeRTOS_IP.obj (.const:$P$T0$5)
                  0000cca8    00000008     driverlib.lib : sysctl.obj (.const)
                  0000ccb0    00000008     FreeRTOS_IP.obj (.const:xNetworkDownEvent$2)
                  0000ccb8    00000008     FreeRTOS_IP.obj (.const:xNetworkDownEvent$3)
                  0000ccc0    00000006     FreeRTOS_IP.obj (.const:xBroadcastMACAddress)
                  0000ccc6    00000002     --HOLE-- [fill = 0]
                  0000ccc8    00000004     BufferAllocation_2.obj (.const)
                  0000cccc    00000004     port.obj (.const)
                  0000ccd0    00000004     uartstdio.obj (.const)

.cinit     0    0000ccd8    00000070     
                  0000ccd8    0000003c     (.cinit..data.load) [load image, compression = lzss]
                  0000cd14    0000000c     (__TI_handler_table)
                  0000cd20    00000008     (.cinit..bss.load) [load image, compression = zero_init]
                  0000cd28    00000008     (.cinit..vtable.load) [load image, compression = zero_init]
                  0000cd30    00000018     (__TI_cinit_table)

.init_array 
*          0    00000000    00000000     UNINITIALIZED

.vtable    0    20000000    0000026c     UNINITIALIZED
                  20000000    0000026c     driverlib.lib : interrupt.obj (.vtable)

.bss       0    2000026c    00008d11     UNINITIALIZED
                  2000026c    00007530     heap_4.obj (.bss:ucHeap)
                  2000779c    00001200     (.common:g_ppui8RxBuffer)
                  2000899c    00000168     BufferAllocation_2.obj (.bss:xNetworkBufferDescriptors)
                  20008b04    00000140     tasks.obj (.bss:pxReadyTasksLists)
                  20008c44    00000060     (.common:g_psRxDescriptor)
                  20008ca4    00000060     (.common:g_psTxDescriptor)
                  20008d04    00000050     (.common:xQueueRegistry)
                  20008d54    00000048     FreeRTOS_ARP.obj (.bss:xARPCache)
                  20008d9c    0000002c     (.common:my_packet)
                  20008dc8    00000024     FreeRTOS_DHCP.obj (.bss:xDHCPData)
                  20008dec    00000020     (.common:gMotorValues)
                  20008e0c    00000014     FreeRTOS_IP.obj (.bss:xARPTimer)
                  20008e20    00000014     timers.obj (.bss:xActiveTimerList1)
                  20008e34    00000014     timers.obj (.bss:xActiveTimerList2)
                  20008e48    00000014     FreeRTOS_IP.obj (.bss:xDHCPTimer)
                  20008e5c    00000014     tasks.obj (.bss:xDelayedTaskList1)
                  20008e70    00000014     tasks.obj (.bss:xDelayedTaskList2)
                  20008e84    00000014     BufferAllocation_2.obj (.bss:xFreeBuffersList)
                  20008e98    00000014     tasks.obj (.bss:xPendingReadyList)
                  20008eac    00000014     FreeRTOS_TCP_WIN.obj (.bss:xSegmentList)
                  20008ec0    00000014     tasks.obj (.bss:xSuspendedTaskList)
                  20008ed4    00000014     FreeRTOS_IP.obj (.bss:xTCPTimer)
                  20008ee8    00000014     tasks.obj (.bss:xTasksWaitingTermination)
                  20008efc    00000014     (.common:xBoundTCPSocketsList)
                  20008f10    00000014     (.common:xBoundUDPSocketsList)
                  20008f24    00000008     tasks.obj (.bss)
                  20008f2c    00000008     timers.obj (.bss)
                  20008f34    00000008     heap_4.obj (.bss:xStart)
                  20008f3c    00000008     (.common:pui8MACAddr)
                  20008f44    00000004     BufferAllocation_2.obj (.bss)
                  20008f48    00000004     FreeRTOS_DNS.obj (.bss)
                  20008f4c    00000004     FreeRTOS_IP.obj (.bss)
                  20008f50    00000004     (.common:g_ui32RxDescIndex)
                  20008f54    00000004     (.common:g_ui32SysClock)
                  20008f58    00000004     (.common:g_ui32TxDescIndex)
                  20008f5c    00000004     (.common:ip)
                  20008f60    00000004     (.common:length)
                  20008f64    00000004     (.common:ui32Loop)
                  20008f68    00000004     (.common:ui32User0)
                  20008f6c    00000004     (.common:ui32User1)
                  20008f70    00000004     (.common:xData_Semaphore)
                  20008f74    00000004     (.common:xEMACRxEventSemaphore)
                  20008f78    00000004     (.common:xPingReplyQueue)
                  20008f7c    00000001     (.common:ui8PHYAddr)

.data      0    20009780    0000010c     UNINITIALIZED
                  20009780    00000030     tasks.obj (.data)
                  200097b0    00000024     FreeRTOS_IP.obj (.data)
                  200097d4    00000018     FreeRTOS_UDP_IP.obj (.data:xDefaultPartUDPPacketHeader)
                  200097ec    00000014     packet_comm.obj (.data:packet_type_strings)
                  20009800    00000014     FreeRTOS_IP.obj (.data:xDefaultAddressing)
                  20009814    00000014     FreeRTOS_IP.obj (.data:xNetworkAddressing)
                  20009828    00000011     project2_tasks.obj (.data)
                  20009839    00000003     --HOLE--
                  2000983c    00000010     heap_4.obj (.data)
                  2000984c    00000008     FreeRTOS_DNS.obj (.data)
                  20009854    00000008     FreeRTOS_TCP_WIN.obj (.data)
                  2000985c    00000008     packet_comm.obj (.data)
                  20009864    00000008     timers.obj (.data)
                  2000986c    00000005     uartstdio.obj (.data)
                  20009871    00000003     --HOLE--
                  20009874    00000004     BufferAllocation_2.obj (.data)
                  20009878    00000004     FreeRTOS_ARP.obj (.data)
                  2000987c    00000004     FreeRTOS_Sockets.obj (.data)
                  20009880    00000004     FreeRTOS_TCP_IP.obj (.data)
                  20009884    00000004     port.obj (.data)
                  20009888    00000004     FreeRTOS_Sockets.obj (.data:usNextPortToUse)

.stack     0    20008f80    00000800     UNINITIALIZED
                  20008f80    00000004     rtsv7M4_T_le_v4SPD16_eabi.lib : boot_cortex_m.c.obj (.stack)
                  20008f84    000007fc     --HOLE--

MODULE SUMMARY

       Module                          code    ro data   rw data
       ------                          ----    -------   -------
    ./
       uartstdio.obj                   1180    46        5      
       project2_tasks.obj              1052    0         49     
       packet_comm.obj                 704     70        28     
       tm4c1292ncpdt_startup_ccs.obj   12      520       0      
       main.obj                        388     0         20     
    +--+-------------------------------+-------+---------+---------+
       Total:                          3336    636       102    
                                                                
    ./driver/
       ethernet.obj                    808     0         4821   
       serial_interface.obj            452     0         48     
       motor_control.obj               340     0         0      
       current_sensor.obj              212     0         0      
       speed_sensor.obj                208     0         0      
       leds.obj                        68      0         0      
    +--+-------------------------------+-------+---------+---------+
       Total:                          2088    0         4869   
                                                                
    ./third_party/FreeRTOS-Plus-TCP/
       FreeRTOS_TCP_IP.obj             7712    0         4      
       FreeRTOS_Sockets.obj            6460    8         48     
       FreeRTOS_IP.obj                 4012    30        140    
       FreeRTOS_TCP_WIN.obj            3548    0         28     
       FreeRTOS_DHCP.obj               1736    41        36     
       FreeRTOS_ARP.obj                1316    38        76     
       FreeRTOS_DNS.obj                968     12        12     
       FreeRTOS_Stream_Buffer.obj      708     0         0      
       FreeRTOS_UDP_IP.obj             520     0         24     
    +--+-------------------------------+-------+---------+---------+
       Total:                          26980   129       368    
                                                                
    ./third_party/FreeRTOS-Plus-TCP/portable/BufferManagement/
       BufferAllocation_2.obj          660     4         388    
    +--+-------------------------------+-------+---------+---------+
       Total:                          660     4         388    
                                                                
    ./third_party/FreeRTOS-Plus-TCP/portable/NetworkInterface/ARM_CM4F/
       NetworkInterface.obj            684     0         8      
    +--+-------------------------------+-------+---------+---------+
       Total:                          684     0         8      
                                                                
    ./third_party/FreeRTOS/Source/
       tasks.obj                       6188    0         476    
       queue.obj                       2568    0         80     
       timers.obj                      1332    0         56     
       event_groups.obj                942     0         0      
       list.obj                        298     0         0      
    +--+-------------------------------+-------+---------+---------+
       Total:                          11328   0         612    
                                                                
    ./third_party/FreeRTOS/Source/portable/CCS/ARM_CM4F/
       port.obj                        296     4         4      
       portasm.obj                     210     0         0      
    +--+-------------------------------+-------+---------+---------+
       Total:                          506     4         4      
                                                                
    ./third_party/FreeRTOS/Source/portable/MemMang/
       heap_4.obj                      700     0         30024  
    +--+-------------------------------+-------+---------+---------+
       Total:                          700     0         30024  
                                                                
    ../driverlib.lib
       sysctl.obj                      866     596       0      
       interrupt.obj                   156     112       620    
       gpio.obj                        522     144       0      
       emac.obj                        560     24        0      
       uart.obj                        266     128       0      
       adc.obj                         316     0         0      
       pwm.obj                         166     0         0      
       qei.obj                         58      0         0      
       flash.obj                       20      0         0      
    +--+-------------------------------+-------+---------+---------+
       Total:                          2930    1004      620    
                                                                
    /opt/ti/ccsv8/tools/compiler/ti-cgt-arm_18.1.1.LTS/lib/rtsv7M4_T_le_v4SPD16_eabi.lib
       fd_div_t2.asm.obj               310     0         0      
       fd_mul_t2.asm.obj               252     0         0      
       memcpy_t2.asm.obj               156     0         0      
       memset_t2.asm.obj               122     0         0      
       fd_tos_t2.asm.obj               110     0         0      
       copy_decompress_lzss.c.obj      104     0         0      
       autoinit.c.obj                  68      0         0      
       u_divt2.asm.obj                 64      0         0      
       boot_cortex_m.c.obj             56      0         0      
       memcmp.c.obj                    36      0         0      
       memmov.c.obj                    36      0         0      
       u_tofd_t2.asm.obj               32      0         0      
       strcpy.c.obj                    20      0         0      
       strlen.c.obj                    20      0         0      
       copy_decompress_none.c.obj      14      0         0      
       copy_zero_init.c.obj            12      0         0      
       exit.c.obj                      4       0         0      
       pre_init.c.obj                  4       0         0      
       div0.asm.obj                    2       0         0      
    +--+-------------------------------+-------+---------+---------+
       Total:                          1422    0         0      
                                                                
       Stack:                          0       0         2048   
       Linker Generated:               0       112       0      
    +--+-------------------------------+-------+---------+---------+
       Grand Total:                    50634   1889      39043  


LINKER GENERATED COPY TABLES

__TI_cinit_table @ 0000cd30 records: 3, size/record: 8, table size: 24
	.data: load addr=0000ccd8, load size=0000003c bytes, run addr=20009780, run size=0000010c bytes, compression=lzss
	.bss: load addr=0000cd20, load size=00000008 bytes, run addr=2000026c, run size=00008d11 bytes, compression=zero_init
	.vtable: load addr=0000cd28, load size=00000008 bytes, run addr=20000000, run size=0000026c bytes, compression=zero_init


LINKER GENERATED HANDLER TABLE

__TI_handler_table @ 0000cd14 records: 3, size/record: 4, table size: 12
	index: 0, handler: __TI_zero_init
	index: 1, handler: __TI_decompress_lzss
	index: 2, handler: __TI_decompress_none


GLOBAL SYMBOLS: SORTED ALPHABETICALLY BY Name 

address   name                                  
-------   ----                                  
0000c3f5  ADCIntStatus                          
0000c581  ADCProcessorTrigger                   
0000bf8d  ADCSequenceConfigure                  
0000c545  ADCSequenceDataGet                    
0000c721  ADCSequenceEnable                     
0000bc89  ADCSequenceStepConfigure              
0000c7df  C$$EXIT                               
0000c149  ConfigureLEDs                         
0000c3c5  EMACAddrSet                           
0000c249  EMACConfigSet                         
0000c6f1  EMACFrameFilterSet                    
0000bd7d  EMACInit                              
0000c329  EMACIntClear                          
0000c20d  EMACIntEnable                         
0000c423  EMACIntStatus                         
0000bf35  EMACPHYConfigSet                      
0000c5c9  EMACReset                             
0000c7b7  EMACRxDMADescriptorListSet            
0000c5df  EMACRxEnable                          
0000c7bd  EMACTxDMADescriptorListSet            
0000c5f5  EMACTxEnable                          
0000a5d9  EthernetIntHandler                    
0000c60d  FlashUserGet                          
00008a11  FreeRTOS_ClearARP                     
000056c9  FreeRTOS_GetAddressConfiguration      
000060ad  FreeRTOS_GetDNSServerAddress          
000060a7  FreeRTOS_GetGatewayAddress            
00006091  FreeRTOS_GetIPAddress                 
00002cd7  FreeRTOS_GetLocalAddress              
000060b9  FreeRTOS_GetMACAddress                
000060b3  FreeRTOS_GetNetmask                   
00003757  FreeRTOS_GetRemoteAddress             
000054b1  FreeRTOS_GetUDPPayloadBuffer          
00005599  FreeRTOS_IPInit                       
00006115  FreeRTOS_IsNetworkUp                  
00005465  FreeRTOS_NetworkDown                  
00005487  FreeRTOS_NetworkDownFromISR           
0000899d  FreeRTOS_OutputARPRequest             
0000556d  FreeRTOS_ReleaseUDPPayloadBuffer      
00005751  FreeRTOS_SendPingRequest              
00005711  FreeRTOS_SetAddressConfiguration      
000060cd  FreeRTOS_SetGatewayAddress            
00006097  FreeRTOS_SetIPAddress                 
000060bd  FreeRTOS_SetNetmask                   
00002ec5  FreeRTOS_accept                       
000025bf  FreeRTOS_bind                         
00002705  FreeRTOS_closesocket                  
00002e37  FreeRTOS_connect                      
000038eb  FreeRTOS_connstatus                   
000035cf  FreeRTOS_get_rx_buf                   
000031e7  FreeRTOS_get_tx_head                  
00009311  FreeRTOS_gethostbyname                
00002bfb  FreeRTOS_inet_addr                    
00003885  FreeRTOS_issocketconnected            
00003387  FreeRTOS_listen                       
000037b9  FreeRTOS_maywrite                     
000038c3  FreeRTOS_mss                          
0000394d  FreeRTOS_netstat                      
00003015  FreeRTOS_recv                         
000023b9  FreeRTOS_recvfrom                     
00003919  FreeRTOS_rx_size                      
0000323d  FreeRTOS_send                         
000024d1  FreeRTOS_sendto                       
0000284d  FreeRTOS_setsockopt                   
0000343f  FreeRTOS_shutdown                     
000022ad  FreeRTOS_socket                       
00003851  FreeRTOS_tx_size                      
0000381b  FreeRTOS_tx_space                     
0000c44f  GPIODirModeSet                        
0000b4f3  GPIOPadConfigSet                      
0000c02d  GPIOPinConfigure                      
0000c671  GPIOPinTypeADC                        
0000c599  GPIOPinTypeGPIOOutput                 
0000c683  GPIOPinTypePWM                        
0000c695  GPIOPinTypeQEI                        
0000c6a7  GPIOPinTypeUART                       
0000c7c3  GPIOPinWrite                          
00009ae1  InitDescriptors                       
0000be65  IntEnable                             
0000c35d  IntRegister                           
0000c621  PWMClockSet                           
0000c4c1  PWMGenConfigure                       
0000c759  PWMGenEnable                          
0000c6b9  PWMGenPeriodGet                       
0000c701  PWMGenPeriodSet                       
0000c6cb  PWMOutputInvert                       
0000c6dd  PWMOutputState                        
0000c563  PWMPulseWidthSet                      
00009a71  ProcessReceivedPacket                 
0000c72f  QEIConfigure                          
0000c77d  QEIEnable                             
0000c7cf  QEIPositionGet                        
0000c711  QEIVelocityConfigure                  
0000c787  QEIVelocityEnable                     
0000c7d3  QEIVelocityGet                        
0000c771  ResetISR                              
0000ad21  SysCtlClockFreqSet                    
0000c7c9  SysCtlDelay                           
0000c391  SysCtlPeripheralEnable                
0000c281  SysCtlPeripheralPresent               
0000c2b9  SysCtlPeripheralReady                 
0000bfdd  SysCtlPeripheralReset                 
0000af21  UART0_Init                            
0000b037  UART3IntHandler                       
0000af6f  UART3_Init                            
0000c791  UARTCharGet                           
0000c79b  UARTCharPut                           
0000c73d  UARTCharsAvail                        
0000c0bd  UARTConfigSetExpClk                   
0000c4e5  UARTDisable                           
0000c635  UARTEnable                            
0000c7d7  UARTIntClear                          
0000c7a5  UARTIntDisable                        
0000c7af  UARTIntEnable                         
0000c5b1  UARTIntRegister                       
00008a41  UARTStdioConfig                       
00008b87  UARTgetc                              
00008acd  UARTgets                              
00008ea7  UARTprintf                            
00008bad  UARTvprintf                           
00008a87  UARTwrite                             
20009780  __STACK_END                           
00000800  __STACK_SIZE                          
20009180  __STACK_TOP                           
0000cd30  __TI_CINIT_Base                       
0000cd48  __TI_CINIT_Limit                      
0000cd14  __TI_Handler_Table_Base               
0000cd20  __TI_Handler_Table_Limit              
0000c105  __TI_auto_init_nobinit_nopinit        
0000becd  __TI_decompress_lzss                  
0000c74b  __TI_decompress_none                  
ffffffff  __TI_pprof_out_hndl                   
ffffffff  __TI_prof_data_size                   
ffffffff  __TI_prof_data_start                  
00000000  __TI_static_base__                    
0000c765  __TI_zero_init                        
0000bdf5  __aeabi_d2f                           
0000b3bd  __aeabi_ddiv                          
0000b879  __aeabi_dmul                          
00009a6f  __aeabi_idiv0                         
00009a6f  __aeabi_ldiv0                         
0000bd03  __aeabi_memclr                        
0000bd03  __aeabi_memclr4                       
0000bd03  __aeabi_memclr8                       
0000bbed  __aeabi_memcpy                        
0000bbed  __aeabi_memcpy4                       
0000bbed  __aeabi_memcpy8                       
0000bd05  __aeabi_memset                        
0000bd05  __aeabi_memset4                       
0000bd05  __aeabi_memset8                       
0000c525  __aeabi_ui2d                          
0000c1cd  __aeabi_uidiv                         
0000c1cd  __aeabi_uidivmod                      
ffffffff  __binit__                             
ffffffff  __c_args__                            
UNDEFED   __mpu_init                            
20008f80  __stack                               
0000c2f1  _c_int00_noargs                       
UNDEFED   _system_post_cinit                    
0000c7db  _system_pre_init                      
0000c7df  abort                                 
0000b975  adc_init                              
ffffffff  binit                                 
0000a1f9  calc_checksum                         
2000985c  comm_hw_used                          
000090d5  current_measure_task_create           
00008f19  current_update_timer_callback         
00008785  eARPGetCacheEntry                     
0000851d  eARPProcessPacket                     
000058e5  eConsiderFrameForProcessing           
00009bab  enable_eth0                           
20008dec  gMotorValues                          
20000000  g_pfnRAMVectors                       
00000000  g_pfnVectors                          
2000779c  g_ppui8RxBuffer                       
20008c44  g_psRxDescriptor                      
20008ca4  g_psTxDescriptor                      
20008f50  g_ui32RxDescIndex                     
20008f54  g_ui32SysClock                        
20008f58  g_ui32TxDescIndex                     
0000b9b7  get_adc_count                         
0000b9e3  get_current                           
0000b361  get_dvalue                            
0000bbbb  get_error                             
0000a107  get_heartbeat                         
0000b351  get_ivalue                            
0000b391  get_kd                                
0000b381  get_ki                                
0000b371  get_kp                                
0000a127  get_motor_values                      
0000a1c7  get_pid_config                        
0000a189  get_pid_params                        
0000bb6b  get_position                          
0000b341  get_pvalue                            
0000bb75  get_speed                             
0000bbab  get_speed_setpoint                    
0000bb99  get_speed_test                        
00008edd  heartbeat_timer_callback              
20008f5c  ip                                    
000036c1  lTCPAddRxdata                         
00006671  lTCPWindowRxCheck                     
0000685b  lTCPWindowTxAdd                       
0000b315  led_bright                            
20008f60  length                                
00009141  logger_task_create                    
00008efb  logger_timer_callback                 
0000b0f3  main                                  
0000c479  memcmp                                
0000bbed  memcpy                                
0000c49d  memmove                               
0000bd0b  memset                                
0000b2e9  motor_speed                           
0000909f  motor_task_create                     
20008d9c  my_packet                             
0000a0fb  packet_recieve                        
0000a05d  packet_send                           
200097ec  packet_type_strings                   
000080e1  pcTimerGetTimerName                   
00008f2d  pid_timer_callback                    
0000a237  print_data_packet                     
0000a92b  pucGetNetworkBuffer                   
20008f3c  pui8MACAddr                           
0000a31d  pvPortMalloc                          
00004ccb  pvTaskIncrementMutexHeldCount         
000084cd  pvTimerGetTimerID                     
0000b269  pwm_init                              
20009780  pxCurrentTCB                          
000054e9  pxDuplicateNetworkBufferWithDescriptor
0000a985  pxGetNetworkBufferWithDescriptor      
0000b751  pxPortInitialiseStack                 
0000aa91  pxResizeNetworkBufferWithDescriptor   
0000354f  pxTCPSocketLookup                     
00005531  pxUDPPayloadBuffer_to_NetworkBuffer   
00002bdb  pxUDPSocketLookup                     
0000bb1d  quad_encoder_init                     
00009111  speed_measure_task_create             
0000c649  strcpy                                
0000c65d  strlen                                
20009838  toggle                                
0000affd  uart_get_n                            
0000afc3  uart_send_n                           
00007639  ucQueueGetQueueType                   
20008f64  ui32Loop                              
20008f68  ui32User0                             
20008f6c  ui32User1                             
20008f7c  ui8PHYAddr                            
00009521  ulDNSHandlePacket                     
0000cccc  ulMaxSyscallInterruptPriority         
20009880  ulNextInitialSequenceNumber           
0000ba59  ulPortGetIPSR                         
00006e9f  ulTCPWindowTxAck                      
00006b13  ulTCPWindowTxGet                      
00006ed1  ulTCPWindowTxSack                     
00004ce9  ulTaskNotifyTake                      
00005ed5  usGenerateChecksum                    
00005d85  usGenerateProtocolChecksum            
200097b4  usPacketIdentifier                    
00009a4f  uxEventGroupGetNumber                 
0000aa8b  uxGetMinimumFreeNetworkBuffers        
0000aa85  uxGetNumberOfFreeNetworkBuffers       
0000b707  uxListRemove                          
00007619  uxQueueGetQueueNumber                 
000075bb  uxQueueMessagesWaiting                
000075f1  uxQueueMessagesWaitingFromISR         
000075d1  uxQueueSpacesAvailable                
00009ea9  uxStreamBufferAdd                     
00009f8b  uxStreamBufferGet                     
00004159  uxTaskGetNumberOfTasks                
00004a81  uxTaskGetStackHighWaterMark           
00004169  uxTaskGetSystemState                  
000046df  uxTaskGetTaskNumber                   
00003c1f  uxTaskPriorityGet                     
00003c51  uxTaskPriorityGetFromISR              
00004ca9  uxTaskResetEventItemValue             
000088c1  vARPAgeCache                          
000089c5  vARPGenerateRequestPacket             
000085eb  vARPRefreshCacheEntry                 
0000898d  vARPSendGratuitous                    
0000a64d  vApplicationIPNetworkEventHook        
0000a691  vApplicationPingReplyHook             
0000b0e5  vApplicationStackOverflowHook         
00007941  vDHCPProcess                          
0000a5fb  vEMACHandlerTask                      
00009a09  vEventGroupClearBitsCallback          
000099c5  vEventGroupDelete                     
000099f9  vEventGroupSetBitsCallback            
000059a1  vIPNetworkUpCalls                     
00006101  vIPReloadDHCPTimer                    
000060dd  vIPSetDHCPTimerEnableState            
0000b625  vListInitialise                       
0000b655  vListInitialiseItem                   
0000b6a1  vListInsert                           
0000b665  vListInsertEnd                        
00006213  vListInsertGeneric                    
0000a635  vNetworkInterfaceAllocateRAMToBuffers 
0000220f  vNetworkSocketsInit                   
0000bb0d  vPortEnableVFP                        
0000b7ed  vPortEndScheduler                     
0000b7ef  vPortEnterCritical                    
0000b80f  vPortExitCritical                     
0000a41f  vPortFree                             
0000a47d  vPortInitialiseBlocks                 
0000bad1  vPortSVCHandler                       
0000b84b  vPortSetupTimerInterrupt              
0000baf1  vPortStartFirstTask                   
0000ab19  vProcessGeneratedUDPPacket            
00007847  vQueueAddToRegistry                   
00007603  vQueueDelete                          
00007627  vQueueSetQueueNumber                  
00007889  vQueueUnregisterQueue                 
000078c3  vQueueWaitForMessageRestricted        
0000a96f  vReleaseNetworkBuffer                 
0000aa3b  vReleaseNetworkBufferAndDescriptor    
0000605f  vReturnEthernetFrame                  
0000a6d7  vSendPing                             
00002663  vSocketBind                           
00002749  vSocketClose                          
00002d03  vSocketWakeUpUser                     
00000c6f  vTCPStateChange                       
000064d3  vTCPWindowCreate                      
00006475  vTCPWindowDestroy                     
0000653d  vTCPWindowInit                        
00003bc3  vTaskDelay                            
00003b1b  vTaskDelayUntil                       
00003a7f  vTaskDelete                           
00004025  vTaskEndScheduler                     
000046d7  vTaskMissedYield                      
00005099  vTaskNotifyGiveFromISR                
00004409  vTaskPlaceOnEventList                 
000044e5  vTaskPlaceOnEventListRestricted       
00004471  vTaskPlaceOnUnorderedEventList        
00004b51  vTaskPriorityInherit                  
00003ca5  vTaskPrioritySet                      
00003ead  vTaskResume                           
00004705  vTaskSetTaskNumber                    
00004639  vTaskSetTimeOutState                  
00003fc1  vTaskStartScheduler                   
00003db9  vTaskSuspend                          
00004045  vTaskSuspendAll                       
00004361  vTaskSwitchContext                    
000084e7  vTimerSetTimerID                      
20008efc  xBoundTCPSocketsList                  
20008f10  xBoundUDPSocketsList                  
0000ccc0  xBroadcastMACAddress                  
0000ccc8  xBufferAllocFixedSize                 
20008f70  xData_Semaphore                       
20009800  xDefaultAddressing                    
200097d4  xDefaultPartUDPPacketHeader           
20008f74  xEMACRxEventSemaphore                 
0000989b  xEventGroupClearBits                  
000096c1  xEventGroupCreate                     
000098c7  xEventGroupGetBitsFromISR             
000098f7  xEventGroupSetBits                    
000096e1  xEventGroupSync                       
000097b1  xEventGroupWaitBits                   
0000a641  xGetPhyLinkStatus                     
0000610f  xIPIsNetworkTaskReady                 
000052b9  xIsCallingFromIPTask                  
00007921  xIsDHCPSocket                         
20009814  xNetworkAddressing                    
0000a885  xNetworkBuffersInitialise             
200097b0  xNetworkEventQueue                    
0000a607  xNetworkInterfaceInitialise           
0000a61f  xNetworkInterfaceOutput               
20008f78  xPingReplyQueue                       
0000a471  xPortGetFreeHeapSize                  
0000a477  xPortGetMinimumEverFreeHeapSize       
0000ba71  xPortPendSVHandler                    
0000b7b7  xPortStartScheduler                   
0000b825  xPortSysTickHandler                   
00001bcd  xProcessReceivedTCPPacket             
0000ac6d  xProcessReceivedUDPPacket             
00007121  xQueueCreateCountingSemaphore         
00007025  xQueueCreateMutex                     
00006fb5  xQueueGenericCreate                   
00007375  xQueueGenericReceive                  
00006f19  xQueueGenericReset                    
00007141  xQueueGenericSend                     
00007269  xQueueGenericSendFromISR              
000072f5  xQueueGiveFromISR                     
0000709b  xQueueGiveMutexRecursive              
000077e3  xQueueIsQueueEmptyFromISR             
00007825  xQueueIsQueueFullFromISR              
00007569  xQueuePeekFromISR                     
000074e3  xQueueReceiveFromISR                  
20008d04  xQueueRegistry                        
000070d7  xQueueTakeMutexRecursive              
00005851  xSendEventStructToIPTask              
00005813  xSendEventToIPTask                    
20009860  xSocket                               
00001faf  xTCPCheckNewClient                    
000003b9  xTCPSocketCheck                       
00003497  xTCPTimerCheck                        
20009858  xTCPWindowLoggingLevel                
000063a3  xTCPWindowRxEmpty                     
000069c9  xTCPWindowTxDone                      
00006a65  xTCPWindowTxHasData                   
0000465d  xTaskCheckForTimeOut                  
00003965  xTaskGenericCreate                    
00004e9f  xTaskGenericNotify                    
00004f91  xTaskGenericNotifyFromISR             
00004b0b  xTaskGetCurrentTaskHandle             
00004b25  xTaskGetSchedulerState                
00004135  xTaskGetTickCount                     
00004145  xTaskGetTickCountFromISR              
00004239  xTaskIncrementTick                    
0000513f  xTaskNotifyStateClear                 
00004db5  xTaskNotifyWait                       
00004c0b  xTaskPriorityDisinherit               
00004549  xTaskRemoveFromEventList              
000045c5  xTaskRemoveFromUnorderedEventList     
00004059  xTaskResumeAll                        
00003f2f  xTaskResumeFromISR                    
00008021  xTimerCreate                          
00007fe9  xTimerCreateTimerTask                 
00008075  xTimerGenericCommand                  
000084a1  xTimerIsTimerActive                   


GLOBAL SYMBOLS: SORTED BY Symbol Address 

address   name                                  
-------   ----                                  
00000000  __TI_static_base__                    
00000000  g_pfnVectors                          
000003b9  xTCPSocketCheck                       
00000800  __STACK_SIZE                          
00000c6f  vTCPStateChange                       
00001bcd  xProcessReceivedTCPPacket             
00001faf  xTCPCheckNewClient                    
0000220f  vNetworkSocketsInit                   
000022ad  FreeRTOS_socket                       
000023b9  FreeRTOS_recvfrom                     
000024d1  FreeRTOS_sendto                       
000025bf  FreeRTOS_bind                         
00002663  vSocketBind                           
00002705  FreeRTOS_closesocket                  
00002749  vSocketClose                          
0000284d  FreeRTOS_setsockopt                   
00002bdb  pxUDPSocketLookup                     
00002bfb  FreeRTOS_inet_addr                    
00002cd7  FreeRTOS_GetLocalAddress              
00002d03  vSocketWakeUpUser                     
00002e37  FreeRTOS_connect                      
00002ec5  FreeRTOS_accept                       
00003015  FreeRTOS_recv                         
000031e7  FreeRTOS_get_tx_head                  
0000323d  FreeRTOS_send                         
00003387  FreeRTOS_listen                       
0000343f  FreeRTOS_shutdown                     
00003497  xTCPTimerCheck                        
0000354f  pxTCPSocketLookup                     
000035cf  FreeRTOS_get_rx_buf                   
000036c1  lTCPAddRxdata                         
00003757  FreeRTOS_GetRemoteAddress             
000037b9  FreeRTOS_maywrite                     
0000381b  FreeRTOS_tx_space                     
00003851  FreeRTOS_tx_size                      
00003885  FreeRTOS_issocketconnected            
000038c3  FreeRTOS_mss                          
000038eb  FreeRTOS_connstatus                   
00003919  FreeRTOS_rx_size                      
0000394d  FreeRTOS_netstat                      
00003965  xTaskGenericCreate                    
00003a7f  vTaskDelete                           
00003b1b  vTaskDelayUntil                       
00003bc3  vTaskDelay                            
00003c1f  uxTaskPriorityGet                     
00003c51  uxTaskPriorityGetFromISR              
00003ca5  vTaskPrioritySet                      
00003db9  vTaskSuspend                          
00003ead  vTaskResume                           
00003f2f  xTaskResumeFromISR                    
00003fc1  vTaskStartScheduler                   
00004025  vTaskEndScheduler                     
00004045  vTaskSuspendAll                       
00004059  xTaskResumeAll                        
00004135  xTaskGetTickCount                     
00004145  xTaskGetTickCountFromISR              
00004159  uxTaskGetNumberOfTasks                
00004169  uxTaskGetSystemState                  
00004239  xTaskIncrementTick                    
00004361  vTaskSwitchContext                    
00004409  vTaskPlaceOnEventList                 
00004471  vTaskPlaceOnUnorderedEventList        
000044e5  vTaskPlaceOnEventListRestricted       
00004549  xTaskRemoveFromEventList              
000045c5  xTaskRemoveFromUnorderedEventList     
00004639  vTaskSetTimeOutState                  
0000465d  xTaskCheckForTimeOut                  
000046d7  vTaskMissedYield                      
000046df  uxTaskGetTaskNumber                   
00004705  vTaskSetTaskNumber                    
00004a81  uxTaskGetStackHighWaterMark           
00004b0b  xTaskGetCurrentTaskHandle             
00004b25  xTaskGetSchedulerState                
00004b51  vTaskPriorityInherit                  
00004c0b  xTaskPriorityDisinherit               
00004ca9  uxTaskResetEventItemValue             
00004ccb  pvTaskIncrementMutexHeldCount         
00004ce9  ulTaskNotifyTake                      
00004db5  xTaskNotifyWait                       
00004e9f  xTaskGenericNotify                    
00004f91  xTaskGenericNotifyFromISR             
00005099  vTaskNotifyGiveFromISR                
0000513f  xTaskNotifyStateClear                 
000052b9  xIsCallingFromIPTask                  
00005465  FreeRTOS_NetworkDown                  
00005487  FreeRTOS_NetworkDownFromISR           
000054b1  FreeRTOS_GetUDPPayloadBuffer          
000054e9  pxDuplicateNetworkBufferWithDescriptor
00005531  pxUDPPayloadBuffer_to_NetworkBuffer   
0000556d  FreeRTOS_ReleaseUDPPayloadBuffer      
00005599  FreeRTOS_IPInit                       
000056c9  FreeRTOS_GetAddressConfiguration      
00005711  FreeRTOS_SetAddressConfiguration      
00005751  FreeRTOS_SendPingRequest              
00005813  xSendEventToIPTask                    
00005851  xSendEventStructToIPTask              
000058e5  eConsiderFrameForProcessing           
000059a1  vIPNetworkUpCalls                     
00005d85  usGenerateProtocolChecksum            
00005ed5  usGenerateChecksum                    
0000605f  vReturnEthernetFrame                  
00006091  FreeRTOS_GetIPAddress                 
00006097  FreeRTOS_SetIPAddress                 
000060a7  FreeRTOS_GetGatewayAddress            
000060ad  FreeRTOS_GetDNSServerAddress          
000060b3  FreeRTOS_GetNetmask                   
000060b9  FreeRTOS_GetMACAddress                
000060bd  FreeRTOS_SetNetmask                   
000060cd  FreeRTOS_SetGatewayAddress            
000060dd  vIPSetDHCPTimerEnableState            
00006101  vIPReloadDHCPTimer                    
0000610f  xIPIsNetworkTaskReady                 
00006115  FreeRTOS_IsNetworkUp                  
00006213  vListInsertGeneric                    
000063a3  xTCPWindowRxEmpty                     
00006475  vTCPWindowDestroy                     
000064d3  vTCPWindowCreate                      
0000653d  vTCPWindowInit                        
00006671  lTCPWindowRxCheck                     
0000685b  lTCPWindowTxAdd                       
000069c9  xTCPWindowTxDone                      
00006a65  xTCPWindowTxHasData                   
00006b13  ulTCPWindowTxGet                      
00006e9f  ulTCPWindowTxAck                      
00006ed1  ulTCPWindowTxSack                     
00006f19  xQueueGenericReset                    
00006fb5  xQueueGenericCreate                   
00007025  xQueueCreateMutex                     
0000709b  xQueueGiveMutexRecursive              
000070d7  xQueueTakeMutexRecursive              
00007121  xQueueCreateCountingSemaphore         
00007141  xQueueGenericSend                     
00007269  xQueueGenericSendFromISR              
000072f5  xQueueGiveFromISR                     
00007375  xQueueGenericReceive                  
000074e3  xQueueReceiveFromISR                  
00007569  xQueuePeekFromISR                     
000075bb  uxQueueMessagesWaiting                
000075d1  uxQueueSpacesAvailable                
000075f1  uxQueueMessagesWaitingFromISR         
00007603  vQueueDelete                          
00007619  uxQueueGetQueueNumber                 
00007627  vQueueSetQueueNumber                  
00007639  ucQueueGetQueueType                   
000077e3  xQueueIsQueueEmptyFromISR             
00007825  xQueueIsQueueFullFromISR              
00007847  vQueueAddToRegistry                   
00007889  vQueueUnregisterQueue                 
000078c3  vQueueWaitForMessageRestricted        
00007921  xIsDHCPSocket                         
00007941  vDHCPProcess                          
00007fe9  xTimerCreateTimerTask                 
00008021  xTimerCreate                          
00008075  xTimerGenericCommand                  
000080e1  pcTimerGetTimerName                   
000084a1  xTimerIsTimerActive                   
000084cd  pvTimerGetTimerID                     
000084e7  vTimerSetTimerID                      
0000851d  eARPProcessPacket                     
000085eb  vARPRefreshCacheEntry                 
00008785  eARPGetCacheEntry                     
000088c1  vARPAgeCache                          
0000898d  vARPSendGratuitous                    
0000899d  FreeRTOS_OutputARPRequest             
000089c5  vARPGenerateRequestPacket             
00008a11  FreeRTOS_ClearARP                     
00008a41  UARTStdioConfig                       
00008a87  UARTwrite                             
00008acd  UARTgets                              
00008b87  UARTgetc                              
00008bad  UARTvprintf                           
00008ea7  UARTprintf                            
00008edd  heartbeat_timer_callback              
00008efb  logger_timer_callback                 
00008f19  current_update_timer_callback         
00008f2d  pid_timer_callback                    
0000909f  motor_task_create                     
000090d5  current_measure_task_create           
00009111  speed_measure_task_create             
00009141  logger_task_create                    
00009311  FreeRTOS_gethostbyname                
00009521  ulDNSHandlePacket                     
000096c1  xEventGroupCreate                     
000096e1  xEventGroupSync                       
000097b1  xEventGroupWaitBits                   
0000989b  xEventGroupClearBits                  
000098c7  xEventGroupGetBitsFromISR             
000098f7  xEventGroupSetBits                    
000099c5  vEventGroupDelete                     
000099f9  vEventGroupSetBitsCallback            
00009a09  vEventGroupClearBitsCallback          
00009a4f  uxEventGroupGetNumber                 
00009a6f  __aeabi_idiv0                         
00009a6f  __aeabi_ldiv0                         
00009a71  ProcessReceivedPacket                 
00009ae1  InitDescriptors                       
00009bab  enable_eth0                           
00009ea9  uxStreamBufferAdd                     
00009f8b  uxStreamBufferGet                     
0000a05d  packet_send                           
0000a0fb  packet_recieve                        
0000a107  get_heartbeat                         
0000a127  get_motor_values                      
0000a189  get_pid_params                        
0000a1c7  get_pid_config                        
0000a1f9  calc_checksum                         
0000a237  print_data_packet                     
0000a31d  pvPortMalloc                          
0000a41f  vPortFree                             
0000a471  xPortGetFreeHeapSize                  
0000a477  xPortGetMinimumEverFreeHeapSize       
0000a47d  vPortInitialiseBlocks                 
0000a5d9  EthernetIntHandler                    
0000a5fb  vEMACHandlerTask                      
0000a607  xNetworkInterfaceInitialise           
0000a61f  xNetworkInterfaceOutput               
0000a635  vNetworkInterfaceAllocateRAMToBuffers 
0000a641  xGetPhyLinkStatus                     
0000a64d  vApplicationIPNetworkEventHook        
0000a691  vApplicationPingReplyHook             
0000a6d7  vSendPing                             
0000a885  xNetworkBuffersInitialise             
0000a92b  pucGetNetworkBuffer                   
0000a96f  vReleaseNetworkBuffer                 
0000a985  pxGetNetworkBufferWithDescriptor      
0000aa3b  vReleaseNetworkBufferAndDescriptor    
0000aa85  uxGetNumberOfFreeNetworkBuffers       
0000aa8b  uxGetMinimumFreeNetworkBuffers        
0000aa91  pxResizeNetworkBufferWithDescriptor   
0000ab19  vProcessGeneratedUDPPacket            
0000ac6d  xProcessReceivedUDPPacket             
0000ad21  SysCtlClockFreqSet                    
0000af21  UART0_Init                            
0000af6f  UART3_Init                            
0000afc3  uart_send_n                           
0000affd  uart_get_n                            
0000b037  UART3IntHandler                       
0000b0e5  vApplicationStackOverflowHook         
0000b0f3  main                                  
0000b269  pwm_init                              
0000b2e9  motor_speed                           
0000b315  led_bright                            
0000b341  get_pvalue                            
0000b351  get_ivalue                            
0000b361  get_dvalue                            
0000b371  get_kp                                
0000b381  get_ki                                
0000b391  get_kd                                
0000b3bd  __aeabi_ddiv                          
0000b4f3  GPIOPadConfigSet                      
0000b625  vListInitialise                       
0000b655  vListInitialiseItem                   
0000b665  vListInsertEnd                        
0000b6a1  vListInsert                           
0000b707  uxListRemove                          
0000b751  pxPortInitialiseStack                 
0000b7b7  xPortStartScheduler                   
0000b7ed  vPortEndScheduler                     
0000b7ef  vPortEnterCritical                    
0000b80f  vPortExitCritical                     
0000b825  xPortSysTickHandler                   
0000b84b  vPortSetupTimerInterrupt              
0000b879  __aeabi_dmul                          
0000b975  adc_init                              
0000b9b7  get_adc_count                         
0000b9e3  get_current                           
0000ba59  ulPortGetIPSR                         
0000ba71  xPortPendSVHandler                    
0000bad1  vPortSVCHandler                       
0000baf1  vPortStartFirstTask                   
0000bb0d  vPortEnableVFP                        
0000bb1d  quad_encoder_init                     
0000bb6b  get_position                          
0000bb75  get_speed                             
0000bb99  get_speed_test                        
0000bbab  get_speed_setpoint                    
0000bbbb  get_error                             
0000bbed  __aeabi_memcpy                        
0000bbed  __aeabi_memcpy4                       
0000bbed  __aeabi_memcpy8                       
0000bbed  memcpy                                
0000bc89  ADCSequenceStepConfigure              
0000bd03  __aeabi_memclr                        
0000bd03  __aeabi_memclr4                       
0000bd03  __aeabi_memclr8                       
0000bd05  __aeabi_memset                        
0000bd05  __aeabi_memset4                       
0000bd05  __aeabi_memset8                       
0000bd0b  memset                                
0000bd7d  EMACInit                              
0000bdf5  __aeabi_d2f                           
0000be65  IntEnable                             
0000becd  __TI_decompress_lzss                  
0000bf35  EMACPHYConfigSet                      
0000bf8d  ADCSequenceConfigure                  
0000bfdd  SysCtlPeripheralReset                 
0000c02d  GPIOPinConfigure                      
0000c0bd  UARTConfigSetExpClk                   
0000c105  __TI_auto_init_nobinit_nopinit        
0000c149  ConfigureLEDs                         
0000c1cd  __aeabi_uidiv                         
0000c1cd  __aeabi_uidivmod                      
0000c20d  EMACIntEnable                         
0000c249  EMACConfigSet                         
0000c281  SysCtlPeripheralPresent               
0000c2b9  SysCtlPeripheralReady                 
0000c2f1  _c_int00_noargs                       
0000c329  EMACIntClear                          
0000c35d  IntRegister                           
0000c391  SysCtlPeripheralEnable                
0000c3c5  EMACAddrSet                           
0000c3f5  ADCIntStatus                          
0000c423  EMACIntStatus                         
0000c44f  GPIODirModeSet                        
0000c479  memcmp                                
0000c49d  memmove                               
0000c4c1  PWMGenConfigure                       
0000c4e5  UARTDisable                           
0000c525  __aeabi_ui2d                          
0000c545  ADCSequenceDataGet                    
0000c563  PWMPulseWidthSet                      
0000c581  ADCProcessorTrigger                   
0000c599  GPIOPinTypeGPIOOutput                 
0000c5b1  UARTIntRegister                       
0000c5c9  EMACReset                             
0000c5df  EMACRxEnable                          
0000c5f5  EMACTxEnable                          
0000c60d  FlashUserGet                          
0000c621  PWMClockSet                           
0000c635  UARTEnable                            
0000c649  strcpy                                
0000c65d  strlen                                
0000c671  GPIOPinTypeADC                        
0000c683  GPIOPinTypePWM                        
0000c695  GPIOPinTypeQEI                        
0000c6a7  GPIOPinTypeUART                       
0000c6b9  PWMGenPeriodGet                       
0000c6cb  PWMOutputInvert                       
0000c6dd  PWMOutputState                        
0000c6f1  EMACFrameFilterSet                    
0000c701  PWMGenPeriodSet                       
0000c711  QEIVelocityConfigure                  
0000c721  ADCSequenceEnable                     
0000c72f  QEIConfigure                          
0000c73d  UARTCharsAvail                        
0000c74b  __TI_decompress_none                  
0000c759  PWMGenEnable                          
0000c765  __TI_zero_init                        
0000c771  ResetISR                              
0000c77d  QEIEnable                             
0000c787  QEIVelocityEnable                     
0000c791  UARTCharGet                           
0000c79b  UARTCharPut                           
0000c7a5  UARTIntDisable                        
0000c7af  UARTIntEnable                         
0000c7b7  EMACRxDMADescriptorListSet            
0000c7bd  EMACTxDMADescriptorListSet            
0000c7c3  GPIOPinWrite                          
0000c7c9  SysCtlDelay                           
0000c7cf  QEIPositionGet                        
0000c7d3  QEIVelocityGet                        
0000c7d7  UARTIntClear                          
0000c7db  _system_pre_init                      
0000c7df  C$$EXIT                               
0000c7df  abort                                 
0000ccc0  xBroadcastMACAddress                  
0000ccc8  xBufferAllocFixedSize                 
0000cccc  ulMaxSyscallInterruptPriority         
0000cd14  __TI_Handler_Table_Base               
0000cd20  __TI_Handler_Table_Limit              
0000cd30  __TI_CINIT_Base                       
0000cd48  __TI_CINIT_Limit                      
20000000  g_pfnRAMVectors                       
2000779c  g_ppui8RxBuffer                       
20008c44  g_psRxDescriptor                      
20008ca4  g_psTxDescriptor                      
20008d04  xQueueRegistry                        
20008d9c  my_packet                             
20008dec  gMotorValues                          
20008efc  xBoundTCPSocketsList                  
20008f10  xBoundUDPSocketsList                  
20008f3c  pui8MACAddr                           
20008f50  g_ui32RxDescIndex                     
20008f54  g_ui32SysClock                        
20008f58  g_ui32TxDescIndex                     
20008f5c  ip                                    
20008f60  length                                
20008f64  ui32Loop                              
20008f68  ui32User0                             
20008f6c  ui32User1                             
20008f70  xData_Semaphore                       
20008f74  xEMACRxEventSemaphore                 
20008f78  xPingReplyQueue                       
20008f7c  ui8PHYAddr                            
20008f80  __stack                               
20009180  __STACK_TOP                           
20009780  __STACK_END                           
20009780  pxCurrentTCB                          
200097b0  xNetworkEventQueue                    
200097b4  usPacketIdentifier                    
200097d4  xDefaultPartUDPPacketHeader           
200097ec  packet_type_strings                   
20009800  xDefaultAddressing                    
20009814  xNetworkAddressing                    
20009838  toggle                                
20009858  xTCPWindowLoggingLevel                
2000985c  comm_hw_used                          
20009860  xSocket                               
20009880  ulNextInitialSequenceNumber           
ffffffff  __TI_pprof_out_hndl                   
ffffffff  __TI_prof_data_size                   
ffffffff  __TI_prof_data_start                  
ffffffff  __binit__                             
ffffffff  __c_args__                            
ffffffff  binit                                 
UNDEFED   __mpu_init                            
UNDEFED   _system_post_cinit                    

[417 symbols]
