******************************************************************************
                  TI ARM Linker PC v18.1.1                     
******************************************************************************
>> Linked Sun Apr 29 20:59:42 2018

OUTPUT FILE NAME:   <project2-ecen5013.out>
ENTRY POINT SYMBOL: "_c_int00_noargs"  address: 0000eed5


MEMORY CONFIGURATION

         name            origin    length      used     unused   attr    fill
----------------------  --------  ---------  --------  --------  ----  --------
  FLASH                 00000000   00100000  0001000a  000efff6  R  X
  SRAM                  20000000   00040000  00009c6d  00036393  RW X


SEGMENT ALLOCATION MAP

run origin  load origin   length   init length attrs members
----------  ----------- ---------- ----------- ----- -------
00000000    00000000    00010010   00010010    r-x
  00000000    00000000    00000208   00000208    r-- .intvecs
  00000208    00000208    0000f4fa   0000f4fa    r-x .text
  0000f704    0000f704    00000830   00000830    r-- .const
  0000ff38    0000ff38    000000d8   000000d8    r-- .cinit
20000000    20000000    00009c70   00000000    rw-
  20000000    20000000    0000026c   00000000    rw- .vtable
  2000026c    2000026c    00008ef9   00000000    rw- .bss
  20009168    20009168    00000800   00000000    rw- .stack
  20009968    20009968    00000300   00000000    rw- .data
  20009c68    20009c68    00000008   00000000    rw- .sysmem


SECTION ALLOCATION MAP

 output                                  attributes/
section   page    origin      length       input sections
--------  ----  ----------  ----------   ----------------
.intvecs   0    00000000    00000208     
                  00000000    00000208     tm4c1292ncpdt_startup_ccs.obj (.intvecs)

.text      0    00000208    0000f4fa     
                  00000208    00001e20     FreeRTOS_TCP_IP.obj (.text)
                  00002028    0000193c     FreeRTOS_Sockets.obj (.text)
                  00003964    0000182c     tasks.obj (.text)
                  00005190    00000fac     FreeRTOS_IP.obj (.text)
                  0000613c    00000ddc     FreeRTOS_TCP_WIN.obj (.text)
                  00006f18    00000a5e     rtsv7M4_T_le_v4SPD16_eabi.lib : _printfi.c.obj (.text:__TI_printfi)
                  00007976    00000002                                   : _lock.c.obj (.text:_nop)
                  00007978    00000a08     queue.obj (.text)
                  00008380    000006c8     FreeRTOS_DHCP.obj (.text)
                  00008a48    000005a8     project2_tasks.obj (.text)
                  00008ff0    00000534     timers.obj (.text)
                  00009524    00000524     FreeRTOS_ARP.obj (.text)
                  00009a48    000004e0     pid.obj (.text)
                  00009f28    0000049c     uartstdio.obj (.text)
                  0000a3c4    000003e4     NetworkInterface.obj (.text)
                  0000a7a8    000003c8     FreeRTOS_DNS.obj (.text)
                  0000ab70    000003ae     event_groups.obj (.text)
                  0000af1e    00000002     rtsv7M4_T_le_v4SPD16_eabi.lib : div0.asm.obj (.text)
                  0000af20    00000398     ethernet.obj (.text)
                  0000b2b8    000002cc     packet_comm.obj (.text)
                  0000b584    000002c4     FreeRTOS_Stream_Buffer.obj (.text)
                  0000b848    000002bc     heap_4.obj (.text)
                  0000bb04    00000294     BufferAllocation_2.obj (.text)
                  0000bd98    00000270     rtsv7M4_T_le_v4SPD16_eabi.lib : _printfi.c.obj (.text:_pconv_a)
                  0000c008    00000208     FreeRTOS_UDP_IP.obj (.text)
                  0000c210    00000200     driverlib.lib : sysctl.obj (.text:SysCtlClockFreqSet)
                  0000c410    000001fc     main.obj (.text)
                  0000c60c    000001d0     rtsv7M4_T_le_v4SPD16_eabi.lib : _printfi.c.obj (.text:_pconv_g)
                  0000c7dc    000001b6                                   : fd_add_t2.asm.obj (.text)
                  0000c992    00000002     --HOLE-- [fill = 0]
                  0000c994    00000198     motor_control.obj (.text)
                  0000cb2c    00000148     serial_interface.obj (.text)
                  0000cc74    0000013c     rtsv7M4_T_le_v4SPD16_eabi.lib : _printfi.c.obj (.text:_pconv_e)
                  0000cdb0    00000136                                   : fd_div_t2.asm.obj (.text)
                  0000cee6    00000132     driverlib.lib : gpio.obj (.text:GPIOPadConfigSet)
                  0000d018    0000012c     speed_sensor.obj (.text)
                  0000d144    0000012a     list.obj (.text)
                  0000d26e    00000002     --HOLE-- [fill = 0]
                  0000d270    00000128     port.obj (.text)
                  0000d398    00000120     rtsv7M4_T_le_v4SPD16_eabi.lib : _printfi.c.obj (.text:fcvt)
                  0000d4b8    00000114                                   : fputs.c.obj (.text:fputs)
                  0000d5cc    00000110                                   : s_scalbn.c.obj (.text:scalbn)
                  0000d6dc    000000fc                                   : fd_mul_t2.asm.obj (.text)
                  0000d7d8    000000dc                                   : setvbuf.c.obj (.text:setvbuf)
                  0000d8b4    000000d8                                   : memory.c.obj (.text:free)
                  0000d98c    000000d4     current_sensor.obj (.text)
                  0000da60    000000d2     portasm.obj (.text)
                  0000db32    00000002     --HOLE-- [fill = 0]
                  0000db34    000000b1     rtsv7M4_T_le_v4SPD16_eabi.lib : _printfi.c.obj (.text:_ltostr)
                  0000dbe5    00000001     --HOLE-- [fill = 0]
                  0000dbe6    0000009c                                   : memcpy_t2.asm.obj (.text)
                  0000dc82    00000096                                   : ull_div_t2.asm.obj (.text)
                  0000dd18    0000008c                                   : fputc.c.obj (.text:fputc)
                  0000dda4    00000086                                   : fd_cmp_t2.asm.obj (.text:__aeabi_cdcmple)
                  0000de2a    00000086                                   : fd_cmp_t2.asm.obj (.text:__aeabi_cdrcmple)
                  0000deb0    0000007a     driverlib.lib : adc.obj (.text:ADCSequenceStepConfigure)
                  0000df2a    0000007a     rtsv7M4_T_le_v4SPD16_eabi.lib : memset_t2.asm.obj (.text)
                  0000dfa4    00000078     driverlib.lib : emac.obj (.text:EMACInit)
                  0000e01c    00000078     rtsv7M4_T_le_v4SPD16_eabi.lib : memory.c.obj (.text:malloc)
                  0000e094    00000074                                   : fclose.c.obj (.text:__TI_closefile)
                  0000e108    0000006e                                   : _printfi.c.obj (.text:_mcpy)
                  0000e176    0000006e                                   : fd_tos_t2.asm.obj (.text)
                  0000e1e4    00000068                                   : hostlseek.c.obj (.text:HOSTlseek)
                  0000e24c    00000068                                   : hostrename.c.obj (.text:HOSTrename)
                  0000e2b4    00000068     driverlib.lib : interrupt.obj (.text:IntEnable)
                  0000e31c    00000068     rtsv7M4_T_le_v4SPD16_eabi.lib : copy_decompress_lzss.c.obj (.text:decompress:lzss:__TI_decompress_lzss)
                  0000e384    00000068                                   : printf.c.obj (.text:printf)
                  0000e3ec    00000064                                   : s_frexp.c.obj (.text:frexp)
                  0000e450    00000064                                   : fseek.c.obj (.text:fseek)
                  0000e4b4    00000062                                   : _io_perm.c.obj (.text:__TI_wrt_ok)
                  0000e516    00000002     --HOLE-- [fill = 0]
                  0000e518    00000060                                   : hostopen.c.obj (.text:HOSTopen)
                  0000e578    0000005c                                   : close.c.obj (.text:close)
                  0000e5d4    00000058     driverlib.lib : emac.obj (.text:EMACPHYConfigSet)
                  0000e62c    00000058     rtsv7M4_T_le_v4SPD16_eabi.lib : hostread.c.obj (.text:HOSTread)
                  0000e684    00000058                                   : hostwrite.c.obj (.text:HOSTwrite)
                  0000e6dc    00000058     leds.obj (.text)
                  0000e734    00000056     driverlib.lib : gpio.obj (.text:GPIOIntTypeSet)
                  0000e78a    00000056     rtsv7M4_T_le_v4SPD16_eabi.lib : _printfi.c.obj (.text:_pconv_f)
                  0000e7e0    00000054                                   : ltoa.c.obj (.text:ltoa)
                  0000e834    00000052                                   : _printfi.c.obj (.text:_ecpy)
                  0000e886    00000050     driverlib.lib : adc.obj (.text:ADCSequenceConfigure)
                  0000e8d6    00000002     --HOLE-- [fill = 0]
                  0000e8d8    00000050                   : sysctl.obj (.text:SysCtlPeripheralReset)
                  0000e928    0000004c     rtsv7M4_T_le_v4SPD16_eabi.lib : fflush.c.obj (.text:__TI_doflush)
                  0000e974    0000004c                                   : atoi.c.obj (.text:atoi)
                  0000e9c0    00000048     driverlib.lib : gpio.obj (.text:GPIOPinConfigure)
                  0000ea08    00000048                   : sysctl.obj (.text:_SysCtlFrequencyGet)
                  0000ea50    00000048     rtsv7M4_T_le_v4SPD16_eabi.lib : exit.c.obj (.text:exit)
                  0000ea98    00000048                                   : fd_toi_t2.asm.obj (.text)
                  0000eae0    00000046     driverlib.lib : uart.obj (.text:UARTConfigSetExpClk)
                  0000eb26    00000002     --HOLE-- [fill = 0]
                  0000eb28    00000044     rtsv7M4_T_le_v4SPD16_eabi.lib : hostclose.c.obj (.text:HOSTclose)
                  0000eb6c    00000044                                   : hostunlink.c.obj (.text:HOSTunlink)
                  0000ebb0    00000044     driverlib.lib : gpio.obj (.text:_GPIOIntNumberGet)
                  0000ebf4    00000044     rtsv7M4_T_le_v4SPD16_eabi.lib : autoinit.c.obj (.text:__TI_auto_init_nobinit_nopinit:__TI_auto_init_nobinit_nopinit)
                  0000ec38    00000044                                   : getdevice.c.obj (.text:getdevice)
                  0000ec7c    00000040     driverlib.lib : uart.obj (.text:_UARTIntNumberGet)
                  0000ecbc    00000040     rtsv7M4_T_le_v4SPD16_eabi.lib : u_divt2.asm.obj (.text)
                  0000ecfc    00000040                                   : sprintf.c.obj (.text:sprintf)
                  0000ed3c    0000003e                                   : _printfi.c.obj (.text:_fcpy)
                  0000ed7a    00000002     --HOLE-- [fill = 0]
                  0000ed7c    0000003c                                   : memory.c.obj (.text:minsert)
                  0000edb8    0000003a     driverlib.lib : emac.obj (.text:EMACIntEnable)
                  0000edf2    00000002     --HOLE-- [fill = 0]
                  0000edf4    00000038                   : emac.obj (.text:EMACConfigSet)
                  0000ee2c    00000038                   : sysctl.obj (.text:SysCtlPeripheralPresent)
                  0000ee64    00000038                   : sysctl.obj (.text:SysCtlPeripheralReady)
                  0000ee9c    00000038     rtsv7M4_T_le_v4SPD16_eabi.lib : trgmsg.c.obj (.text:__TI_writemsg)
                  0000eed4    00000038                                   : boot_cortex_m.c.obj (.text:_c_int00_noargs:_c_int00_noargs)
                  0000ef0c    00000038                                   : memory.c.obj (.text:minit)
                  0000ef44    00000038                                   : fs_tod_t2.asm.obj (.text)
                  0000ef7c    00000036                                   : strncpy.c.obj (.text:strncpy)
                  0000efb2    00000034     driverlib.lib : emac.obj (.text:EMACIntClear)
                  0000efe6    00000002     --HOLE-- [fill = 0]
                  0000efe8    00000034                   : interrupt.obj (.text:IntRegister)
                  0000f01c    00000034                   : sysctl.obj (.text:SysCtlPeripheralEnable)
                  0000f050    00000034     rtsv7M4_T_le_v4SPD16_eabi.lib : fopen.c.obj (.text:__TI_cleanup)
                  0000f084    00000034                                   : trgmsg.c.obj (.text:__TI_readmsg)
                  0000f0b8    00000030     driverlib.lib : emac.obj (.text:EMACAddrSet)
                  0000f0e8    00000030     rtsv7M4_T_le_v4SPD16_eabi.lib : getdevice.c.obj (.text:finddevice)
                  0000f118    0000002e     driverlib.lib : adc.obj (.text:ADCIntStatus)
                  0000f146    0000002e     rtsv7M4_T_le_v4SPD16_eabi.lib : i_tofd_t2.asm.obj (.text)
                  0000f174    0000002c     driverlib.lib : emac.obj (.text:EMACIntStatus)
                  0000f1a0    0000002c     rtsv7M4_T_le_v4SPD16_eabi.lib : unlink.c.obj (.text:unlink)
                  0000f1cc    0000002a     driverlib.lib : gpio.obj (.text:GPIODirModeSet)
                  0000f1f6    00000002     --HOLE-- [fill = 0]
                  0000f1f8    00000028     rtsv7M4_T_le_v4SPD16_eabi.lib : lseek.c.obj (.text:lseek)
                  0000f220    00000028                                   : memory.c.obj (.text:mremove)
                  0000f248    00000028                                   : write.c.obj (.text:write)
                  0000f270    00000024     driverlib.lib : interrupt.obj (.text:IntPrioritySet)
                  0000f294    00000024     rtsv7M4_T_le_v4SPD16_eabi.lib : memcmp.c.obj (.text:memcmp)
                  0000f2b8    00000024                                   : memmov.c.obj (.text:memmove)
                  0000f2dc    00000022     driverlib.lib : pwm.obj (.text:PWMGenConfigure)
                  0000f2fe    00000002     --HOLE-- [fill = 0]
                  0000f300    00000020                   : uart.obj (.text:UARTDisable)
                  0000f320    00000020                   : sysctl.obj (.text:_SysCtlMemTimingGet)
                  0000f340    00000020     rtsv7M4_T_le_v4SPD16_eabi.lib : memchr.c.obj (.text:memchr)
                  0000f360    00000020                                   : u_tofd_t2.asm.obj (.text)
                  0000f380    0000001e     driverlib.lib : adc.obj (.text:ADCSequenceDataGet)
                  0000f39e    0000001e                   : pwm.obj (.text:PWMPulseWidthSet)
                  0000f3bc    0000001c     rtsv7M4_T_le_v4SPD16_eabi.lib : memccpy.c.obj (.text:memccpy)
                  0000f3d8    00000018     driverlib.lib : adc.obj (.text:ADCProcessorTrigger)
                  0000f3f0    00000018                   : gpio.obj (.text:GPIOIntRegister)
                  0000f408    00000018                   : gpio.obj (.text:GPIOPinTypeGPIOOutput)
                  0000f420    00000018                   : uart.obj (.text:UARTIntRegister)
                  0000f438    00000018     rtsv7M4_T_le_v4SPD16_eabi.lib : sprintf.c.obj (.text:_outs)
                  0000f450    00000018                                   : strcmp.c.obj (.text:strcmp)
                  0000f468    00000016     driverlib.lib : emac.obj (.text:EMACReset)
                  0000f47e    00000016                   : emac.obj (.text:EMACRxEnable)
                  0000f494    00000016                   : emac.obj (.text:EMACTxEnable)
                  0000f4aa    00000016     rtsv7M4_T_le_v4SPD16_eabi.lib : strchr.c.obj (.text:strchr)
                  0000f4c0    00000014     driverlib.lib : flash.obj (.text:FlashUserGet)
                  0000f4d4    00000014                   : pwm.obj (.text:PWMClockSet)
                  0000f4e8    00000014                   : uart.obj (.text:UARTEnable)
                  0000f4fc    00000014     rtsv7M4_T_le_v4SPD16_eabi.lib : s_copysign.c.obj (.text:copysign)
                  0000f510    00000014                                   : strcpy.c.obj (.text:strcpy)
                  0000f524    00000014                                   : strlen.c.obj (.text:strlen)
                  0000f538    00000012     driverlib.lib : gpio.obj (.text:GPIOPinTypeADC)
                  0000f54a    00000012                   : gpio.obj (.text:GPIOPinTypeGPIOInput)
                  0000f55c    00000012                   : gpio.obj (.text:GPIOPinTypePWM)
                  0000f56e    00000012                   : gpio.obj (.text:GPIOPinTypeQEI)
                  0000f580    00000012                   : gpio.obj (.text:GPIOPinTypeUART)
                  0000f592    00000012                   : pwm.obj (.text:PWMGenPeriodGet)
                  0000f5a4    00000012                   : pwm.obj (.text:PWMOutputInvert)
                  0000f5b6    00000012                   : pwm.obj (.text:PWMOutputState)
                  0000f5c8    00000012     rtsv7M4_T_le_v4SPD16_eabi.lib : wcslen.c.obj (.text:wcslen)
                  0000f5da    00000002     --HOLE-- [fill = 0]
                  0000f5dc    00000010     driverlib.lib : emac.obj (.text:EMACFrameFilterSet)
                  0000f5ec    00000010                   : pwm.obj (.text:PWMGenPeriodSet)
                  0000f5fc    00000010                   : qei.obj (.text:QEIVelocityConfigure)
                  0000f60c    0000000e                   : adc.obj (.text:ADCSequenceEnable)
                  0000f61a    0000000e                   : qei.obj (.text:QEIConfigure)
                  0000f628    0000000e                   : uart.obj (.text:UARTCharsAvail)
                  0000f636    0000000e     rtsv7M4_T_le_v4SPD16_eabi.lib : copy_decompress_none.c.obj (.text:decompress:none:__TI_decompress_none)
                  0000f644    0000000c     driverlib.lib : gpio.obj (.text:GPIOIntEnable)
                  0000f650    0000000c                   : pwm.obj (.text:PWMGenEnable)
                  0000f65c    0000000c     rtsv7M4_T_le_v4SPD16_eabi.lib : copy_zero_init.c.obj (.text:decompress:ZI:__TI_zero_init)
                  0000f668    0000000c     tm4c1292ncpdt_startup_ccs.obj (.text)
                  0000f674    0000000a     driverlib.lib : qei.obj (.text:QEIEnable)
                  0000f67e    0000000a                   : qei.obj (.text:QEIVelocityEnable)
                  0000f688    0000000a                   : uart.obj (.text:UARTCharGet)
                  0000f692    0000000a                   : uart.obj (.text:UARTCharPut)
                  0000f69c    0000000a                   : uart.obj (.text:UARTIntDisable)
                  0000f6a6    0000000a     rtsv7M4_T_le_v4SPD16_eabi.lib : sprintf.c.obj (.text:_outc)
                  0000f6b0    00000008     driverlib.lib : emac.obj (.text:EMACTxDMAPollDemand)
                  0000f6b8    00000008                   : uart.obj (.text:UARTIntEnable)
                  0000f6c0    00000008     rtsv7M4_T_le_v4SPD16_eabi.lib : errno.c.obj (.text:__aeabi_errno_addr)
                  0000f6c8    00000006     driverlib.lib : emac.obj (.text:EMACRxDMADescriptorListSet)
                  0000f6ce    00000006                   : emac.obj (.text:EMACTxDMADescriptorListSet)
                  0000f6d4    00000006                   : gpio.obj (.text:GPIOIntClear)
                  0000f6da    00000006                   : gpio.obj (.text:GPIOPinWrite)
                  0000f6e0    00000006                   : sysctl.obj (.text:SysCtlDelay)
                  0000f6e6    00000004                   : qei.obj (.text:QEIPositionGet)
                  0000f6ea    00000004                   : qei.obj (.text:QEIVelocityGet)
                  0000f6ee    00000004                   : uart.obj (.text:UARTIntClear)
                  0000f6f2    00000004     rtsv7M4_T_le_v4SPD16_eabi.lib : printf.c.obj (.text:_outc)
                  0000f6f6    00000004                                   : printf.c.obj (.text:_outs)
                  0000f6fa    00000004                                   : pre_init.c.obj (.text:_system_pre_init)
                  0000f6fe    00000004                                   : exit.c.obj (.text:abort:abort)

.const     0    0000f704    00000830     
                  0000f704    000001b0     driverlib.lib : sysctl.obj (.const:g_pppui32XTALtoVCO)
                  0000f8b4    00000101     rtsv7M4_T_le_v4SPD16_eabi.lib : ctype.c.obj (.const:.string:_ctypes_)
                  0000f9b5    00000003     --HOLE-- [fill = 0]
                  0000f9b8    000000d8     driverlib.lib : gpio.obj (.const:g_ppui32GPIOIntMapSnowflake)
                  0000fa90    000000c0                   : gpio.obj (.const:g_ppui32GPIOIntMapBlizzard)
                  0000fb50    0000009c                   : interrupt.obj (.const:g_pui32Regs)
                  0000fbec    00000090                   : gpio.obj (.const:g_pui32GPIOBaseAddrs)
                  0000fc7c    00000070                   : interrupt.obj (.const)
                  0000fcec    0000006c                   : sysctl.obj (.const:g_pui32Xtals)
                  0000fd58    00000046     packet_comm.obj (.const:.string)
                  0000fd9e    00000002     --HOLE-- [fill = 0]
                  0000fda0    00000040     driverlib.lib : uart.obj (.const:g_ppui32UARTIntMap)
                  0000fde0    00000040                   : uart.obj (.const:g_ppui32UARTIntMapSnowflake)
                  0000fe20    00000030                   : sysctl.obj (.const:g_sXTALtoMEMTIM)
                  0000fe50    00000026     FreeRTOS_ARP.obj (.const:.string:xDefaultPartARPPacketHeader)
                  0000fe76    00000018     FreeRTOS_DHCP.obj (.const:.string:ucDHCPRequestOptions$1)
                  0000fe8e    00000002     --HOLE-- [fill = 0]
                  0000fe90    00000018     driverlib.lib : emac.obj (.const)
                  0000fea8    00000012     uartstdio.obj (.const:.string)
                  0000feba    00000011     FreeRTOS_DHCP.obj (.const:.string:ucDHCPDiscoverOptions$2)
                  0000fecb    00000001     --HOLE-- [fill = 0]
                  0000fecc    0000000c     uartstdio.obj (.const:g_ui32UARTBase)
                  0000fed8    0000000c     uartstdio.obj (.const:g_ui32UARTPeriph)
                  0000fee4    0000000c     FreeRTOS_DNS.obj (.const:xDefaultPartDNSHeader$3)
                  0000fef0    00000008     FreeRTOS_Sockets.obj (.const:$P$T0$1)
                  0000fef8    00000008     NetworkInterface.obj (.const:$P$T0$1)
                  0000ff00    00000008     FreeRTOS_IP.obj (.const:$P$T0$5)
                  0000ff08    00000008     driverlib.lib : sysctl.obj (.const)
                  0000ff10    00000008     FreeRTOS_IP.obj (.const:xNetworkDownEvent$2)
                  0000ff18    00000008     FreeRTOS_IP.obj (.const:xNetworkDownEvent$3)
                  0000ff20    00000006     FreeRTOS_IP.obj (.const:xBroadcastMACAddress)
                  0000ff26    00000002     --HOLE-- [fill = 0]
                  0000ff28    00000004     BufferAllocation_2.obj (.const)
                  0000ff2c    00000004     port.obj (.const)
                  0000ff30    00000004     uartstdio.obj (.const)

.cinit     0    0000ff38    000000d8     
                  0000ff38    000000a1     (.cinit..data.load) [load image, compression = lzss]
                  0000ffd9    00000003     --HOLE-- [fill = 0]
                  0000ffdc    0000000c     (__TI_handler_table)
                  0000ffe8    00000008     (.cinit..bss.load) [load image, compression = zero_init]
                  0000fff0    00000008     (.cinit..vtable.load) [load image, compression = zero_init]
                  0000fff8    00000018     (__TI_cinit_table)

.init_array 
*          0    00000000    00000000     UNINITIALIZED

.vtable    0    20000000    0000026c     UNINITIALIZED
                  20000000    0000026c     driverlib.lib : interrupt.obj (.vtable)

.bss       0    2000026c    00008ef9     UNINITIALIZED
                  2000026c    00007530     heap_4.obj (.bss:ucHeap)
                  2000779c    00001200     (.common:g_ppui8RxBuffer)
                  2000899c    00000168     BufferAllocation_2.obj (.bss:xNetworkBufferDescriptors)
                  20008b04    00000140     tasks.obj (.bss:pxReadyTasksLists)
                  20008c44    00000120     rtsv7M4_T_le_v4SPD16_eabi.lib : trgmsg.c.obj (.bss:_CIOBUF_)
                  20008d64    000000a0     (.common:__TI_tmpnams)
                  20008e04    00000060     (.common:g_psRxDescriptor)
                  20008e64    00000060     (.common:g_psTxDescriptor)
                  20008ec4    00000050     (.common:xQueueRegistry)
                  20008f14    00000048     FreeRTOS_ARP.obj (.bss:xARPCache)
                  20008f5c    00000040     (.common:g_pid_values)
                  20008f9c    00000024     FreeRTOS_DHCP.obj (.bss:xDHCPData)
                  20008fc0    00000020     (.common:gMotorValues)
                  20008fe0    00000014     FreeRTOS_IP.obj (.bss:xARPTimer)
                  20008ff4    00000014     timers.obj (.bss:xActiveTimerList1)
                  20009008    00000014     timers.obj (.bss:xActiveTimerList2)
                  2000901c    00000014     FreeRTOS_IP.obj (.bss:xDHCPTimer)
                  20009030    00000014     tasks.obj (.bss:xDelayedTaskList1)
                  20009044    00000014     tasks.obj (.bss:xDelayedTaskList2)
                  20009058    00000014     BufferAllocation_2.obj (.bss:xFreeBuffersList)
                  2000906c    00000014     tasks.obj (.bss:xPendingReadyList)
                  20009080    00000014     FreeRTOS_TCP_WIN.obj (.bss:xSegmentList)
                  20009094    00000014     tasks.obj (.bss:xSuspendedTaskList)
                  200090a8    00000014     FreeRTOS_IP.obj (.bss:xTCPTimer)
                  200090bc    00000014     tasks.obj (.bss:xTasksWaitingTermination)
                  200090d0    00000014     (.common:xBoundTCPSocketsList)
                  200090e4    00000014     (.common:xBoundUDPSocketsList)
                  200090f8    0000000c     (.common:g_pid_params)
                  20009104    00000008     tasks.obj (.bss)
                  2000910c    00000008     timers.obj (.bss)
                  20009114    00000008     heap_4.obj (.bss:xStart)
                  2000911c    00000008     (.common:parmbuf)
                  20009124    00000008     (.common:pui8MACAddr)
                  2000912c    00000004     BufferAllocation_2.obj (.bss)
                  20009130    00000004     FreeRTOS_DNS.obj (.bss)
                  20009134    00000004     FreeRTOS_IP.obj (.bss)
                  20009138    00000004     (.common:g_ui32RxDescIndex)
                  2000913c    00000004     (.common:g_ui32SysClock)
                  20009140    00000004     (.common:g_ui32TxDescIndex)
                  20009144    00000004     (.common:ip)
                  20009148    00000004     (.common:ui32Loop)
                  2000914c    00000004     (.common:ui32User0)
                  20009150    00000004     (.common:ui32User1)
                  20009154    00000004     (.common:xData_Semaphore)
                  20009158    00000004     (.common:xEMACRxEventSemaphore)
                  2000915c    00000004     (.common:xPingReplyQueue)
                  20009160    00000004     (.common:xUARTRxEventSemaphore)
                  20009164    00000001     (.common:ui8PHYAddr)

.stack     0    20009168    00000800     UNINITIALIZED
                  20009168    00000004     rtsv7M4_T_le_v4SPD16_eabi.lib : boot_cortex_m.c.obj (.stack)
                  2000916c    000007fc     --HOLE--

.data      0    20009968    00000300     UNINITIALIZED
                  20009968    000000f0     rtsv7M4_T_le_v4SPD16_eabi.lib : defs.c.obj (.data:_ftable)
                  20009a58    00000078                                   : write.c.obj (.data:_device)
                  20009ad0    00000050                                   : write.c.obj (.data:_stream)
                  20009b20    00000030     tasks.obj (.data)
                  20009b50    00000024     FreeRTOS_IP.obj (.data)
                  20009b74    00000018     FreeRTOS_UDP_IP.obj (.data:xDefaultPartUDPPacketHeader)
                  20009b8c    00000015     project2_tasks.obj (.data)
                  20009ba1    00000003     --HOLE--
                  20009ba4    00000014     packet_comm.obj (.data:packet_type_strings)
                  20009bb8    00000014     FreeRTOS_IP.obj (.data:xDefaultAddressing)
                  20009bcc    00000014     FreeRTOS_IP.obj (.data:xNetworkAddressing)
                  20009be0    00000010     heap_4.obj (.data)
                  20009bf0    00000010     rtsv7M4_T_le_v4SPD16_eabi.lib : defs.c.obj (.data)
                  20009c00    0000000c                                   : exit.c.obj (.data:$O1$$)
                  20009c0c    0000000c                                   : memory.c.obj (.data:$O1$$)
                  20009c18    00000008                                   : _lock.c.obj (.data:$O1$$)
                  20009c20    00000008     FreeRTOS_DNS.obj (.data)
                  20009c28    00000008     FreeRTOS_TCP_WIN.obj (.data)
                  20009c30    00000008     packet_comm.obj (.data)
                  20009c38    00000008     timers.obj (.data)
                  20009c40    00000005     uartstdio.obj (.data)
                  20009c45    00000003     --HOLE--
                  20009c48    00000004     BufferAllocation_2.obj (.data)
                  20009c4c    00000004     FreeRTOS_ARP.obj (.data)
                  20009c50    00000004     FreeRTOS_Sockets.obj (.data)
                  20009c54    00000004     FreeRTOS_TCP_IP.obj (.data)
                  20009c58    00000004     port.obj (.data)
                  20009c5c    00000004     rtsv7M4_T_le_v4SPD16_eabi.lib : errno.c.obj (.data)
                  20009c60    00000004     speed_sensor.obj (.data)
                  20009c64    00000004     FreeRTOS_Sockets.obj (.data:usNextPortToUse)

.sysmem    0    20009c68    00000008     UNINITIALIZED
                  20009c68    00000008     rtsv7M4_T_le_v4SPD16_eabi.lib : memory.c.obj (.sysmem)

MODULE SUMMARY

       Module                          code    ro data   rw data
       ------                          ----    -------   -------
    .\
       project2_tasks.obj              1448    0         129    
       pid.obj                         1248    0         0      
       uartstdio.obj                   1180    46        5      
       packet_comm.obj                 716     70        28     
       tm4c1292ncpdt_startup_ccs.obj   12      520       0      
       main.obj                        508     0         16     
    +--+-------------------------------+-------+---------+---------+
       Total:                          5112    636       178    
                                                                
    .\driver\
       ethernet.obj                    920     0         4829   
       motor_control.obj               408     0         0      
       serial_interface.obj            328     0         0      
       speed_sensor.obj                300     0         4      
       current_sensor.obj              212     0         0      
       leds.obj                        88      0         0      
    +--+-------------------------------+-------+---------+---------+
       Total:                          2256    0         4833   
                                                                
    .\third_party\FreeRTOS-Plus-TCP\
       FreeRTOS_TCP_IP.obj             7712    0         4      
       FreeRTOS_Sockets.obj            6460    8         48     
       FreeRTOS_IP.obj                 4012    30        140    
       FreeRTOS_TCP_WIN.obj            3548    0         28     
       FreeRTOS_DHCP.obj               1736    41        36     
       FreeRTOS_ARP.obj                1316    38        76     
       FreeRTOS_DNS.obj                968     12        12     
       FreeRTOS_Stream_Buffer.obj      708     0         0      
       FreeRTOS_UDP_IP.obj             520     0         24     
    +--+-------------------------------+-------+---------+---------+
       Total:                          26980   129       368    
                                                                
    .\third_party\FreeRTOS-Plus-TCP\portable\BufferManagement\
       BufferAllocation_2.obj          660     4         388    
    +--+-------------------------------+-------+---------+---------+
       Total:                          660     4         388    
                                                                
    .\third_party\FreeRTOS-Plus-TCP\portable\NetworkInterface\ARM_CM4F\
       NetworkInterface.obj            996     8         8      
    +--+-------------------------------+-------+---------+---------+
       Total:                          996     8         8      
                                                                
    .\third_party\FreeRTOS\Source\
       tasks.obj                       6188    0         476    
       queue.obj                       2568    0         80     
       timers.obj                      1332    0         56     
       event_groups.obj                942     0         0      
       list.obj                        298     0         0      
    +--+-------------------------------+-------+---------+---------+
       Total:                          11328   0         612    
                                                                
    .\third_party\FreeRTOS\Source\portable\CCS\ARM_CM4F\
       port.obj                        296     4         4      
       portasm.obj                     210     0         0      
    +--+-------------------------------+-------+---------+---------+
       Total:                          506     4         4      
                                                                
    .\third_party\FreeRTOS\Source\portable\MemMang\
       heap_4.obj                      700     0         30024  
    +--+-------------------------------+-------+---------+---------+
       Total:                          700     0         30024  
                                                                
    ../driverlib.lib
       sysctl.obj                      866     596       0      
       gpio.obj                        736     552       0      
       interrupt.obj                   192     268       620    
       emac.obj                        568     24        0      
       uart.obj                        266     128       0      
       adc.obj                         316     0         0      
       pwm.obj                         166     0         0      
       qei.obj                         58      0         0      
       flash.obj                       20      0         0      
    +--+-------------------------------+-------+---------+---------+
       Total:                          3188    1568      620    
                                                                
    C:\ti\ccsv8\tools\compiler\ti-cgt-arm_18.1.1.LTS\lib\rtsv7M4_T_le_v4SPD16_eabi.lib
       _printfi.c.obj                  4863    0         0      
       memory.c.obj                    492     0         12     
       fd_add_t2.asm.obj               438     0         0      
       defs.c.obj                      0       0         416    
       trgmsg.c.obj                    108     0         288    
       fd_div_t2.asm.obj               310     0         0      
       fputs.c.obj                     276     0         0      
       s_scalbn.c.obj                  272     0         0      
       fd_cmp_t2.asm.obj               268     0         0      
       ctype.c.obj                     0       257       0      
       fd_mul_t2.asm.obj               252     0         0      
       write.c.obj                     40      0         200    
       setvbuf.c.obj                   220     0         0      
       memcpy_t2.asm.obj               156     0         0      
       ull_div_t2.asm.obj              150     0         0      
       fputc.c.obj                     140     0         0      
       memset_t2.asm.obj               122     0         0      
       fclose.c.obj                    116     0         0      
       getdevice.c.obj                 116     0         0      
       printf.c.obj                    112     0         0      
       fd_tos_t2.asm.obj               110     0         0      
       copy_decompress_lzss.c.obj      104     0         0      
       hostlseek.c.obj                 104     0         0      
       hostopen.c.obj                  96      0         8      
       hostrename.c.obj                104     0         0      
       fseek.c.obj                     100     0         0      
       s_frexp.c.obj                   100     0         0      
       _io_perm.c.obj                  98      0         0      
       sprintf.c.obj                   98      0         0      
       close.c.obj                     92      0         0      
       exit.c.obj                      76      0         12     
       hostread.c.obj                  88      0         0      
       hostwrite.c.obj                 88      0         0      
       ltoa.c.obj                      84      0         0      
       atoi.c.obj                      76      0         0      
       fflush.c.obj                    76      0         0      
       fd_toi_t2.asm.obj               72      0         0      
       autoinit.c.obj                  68      0         0      
       hostclose.c.obj                 68      0         0      
       hostunlink.c.obj                68      0         0      
       u_divt2.asm.obj                 64      0         0      
       boot_cortex_m.c.obj             56      0         0      
       fs_tod_t2.asm.obj               56      0         0      
       strncpy.c.obj                   54      0         0      
       fopen.c.obj                     52      0         0      
       i_tofd_t2.asm.obj               46      0         0      
       unlink.c.obj                    44      0         0      
       lseek.c.obj                     40      0         0      
       memcmp.c.obj                    36      0         0      
       memmov.c.obj                    36      0         0      
       memchr.c.obj                    32      0         0      
       u_tofd_t2.asm.obj               32      0         0      
       memccpy.c.obj                   28      0         0      
       strcmp.c.obj                    24      0         0      
       strchr.c.obj                    22      0         0      
       s_copysign.c.obj                20      0         0      
       strcpy.c.obj                    20      0         0      
       strlen.c.obj                    20      0         0      
       wcslen.c.obj                    18      0         0      
       copy_decompress_none.c.obj      14      0         0      
       copy_zero_init.c.obj            12      0         0      
       errno.c.obj                     8       0         4      
       _lock.c.obj                     2       0         8      
       pre_init.c.obj                  4       0         0      
       div0.asm.obj                    2       0         0      
    +--+-------------------------------+-------+---------+---------+
       Total:                          10963   257       948    
                                                                
       Heap:                           0       0         8      
       Stack:                          0       0         2048   
       Linker Generated:               0       213       0      
    +--+-------------------------------+-------+---------+---------+
       Grand Total:                    62689   2819      40039  


LINKER GENERATED COPY TABLES

__TI_cinit_table @ 0000fff8 records: 3, size/record: 8, table size: 24
	.data: load addr=0000ff38, load size=000000a1 bytes, run addr=20009968, run size=00000300 bytes, compression=lzss
	.bss: load addr=0000ffe8, load size=00000008 bytes, run addr=2000026c, run size=00008ef9 bytes, compression=zero_init
	.vtable: load addr=0000fff0, load size=00000008 bytes, run addr=20000000, run size=0000026c bytes, compression=zero_init


LINKER GENERATED HANDLER TABLE

__TI_handler_table @ 0000ffdc records: 3, size/record: 4, table size: 12
	index: 0, handler: __TI_zero_init
	index: 1, handler: __TI_decompress_lzss
	index: 2, handler: __TI_decompress_none


GLOBAL SYMBOLS: SORTED ALPHABETICALLY BY Name 

address   name                                  
-------   ----                                  
0000f119  ADCIntStatus                          
0000f3d9  ADCProcessorTrigger                   
0000e887  ADCSequenceConfigure                  
0000f381  ADCSequenceDataGet                    
0000f60d  ADCSequenceEnable                     
0000deb1  ADCSequenceStepConfigure              
0000f6ff  C$$EXIT                               
0000eecb  C$$IO$$                               
0000e6dd  ConfigureLEDs                         
0000f0b9  EMACAddrSet                           
0000edf5  EMACConfigSet                         
0000f5dd  EMACFrameFilterSet                    
0000dfa5  EMACInit                              
0000efb3  EMACIntClear                          
0000edb9  EMACIntEnable                         
0000f175  EMACIntStatus                         
0000e5d5  EMACPHYConfigSet                      
0000f469  EMACReset                             
0000f6c9  EMACRxDMADescriptorListSet            
0000f47f  EMACRxEnable                          
0000f6cf  EMACTxDMADescriptorListSet            
0000f6b1  EMACTxDMAPollDemand                   
0000f495  EMACTxEnable                          
0000a48b  EthernetIntHandler                    
0000f4c1  FlashUserGet                          
00009a19  FreeRTOS_ClearARP                     
000056c9  FreeRTOS_GetAddressConfiguration      
000060ad  FreeRTOS_GetDNSServerAddress          
000060a7  FreeRTOS_GetGatewayAddress            
00006091  FreeRTOS_GetIPAddress                 
00002cd7  FreeRTOS_GetLocalAddress              
000060b9  FreeRTOS_GetMACAddress                
000060b3  FreeRTOS_GetNetmask                   
00003757  FreeRTOS_GetRemoteAddress             
000054b1  FreeRTOS_GetUDPPayloadBuffer          
00005599  FreeRTOS_IPInit                       
00006115  FreeRTOS_IsNetworkUp                  
00005465  FreeRTOS_NetworkDown                  
00005487  FreeRTOS_NetworkDownFromISR           
000099a5  FreeRTOS_OutputARPRequest             
0000556d  FreeRTOS_ReleaseUDPPayloadBuffer      
00005751  FreeRTOS_SendPingRequest              
00005711  FreeRTOS_SetAddressConfiguration      
000060cd  FreeRTOS_SetGatewayAddress            
00006097  FreeRTOS_SetIPAddress                 
000060bd  FreeRTOS_SetNetmask                   
00002ec5  FreeRTOS_accept                       
000025bf  FreeRTOS_bind                         
00002705  FreeRTOS_closesocket                  
00002e37  FreeRTOS_connect                      
000038eb  FreeRTOS_connstatus                   
000035cf  FreeRTOS_get_rx_buf                   
000031e7  FreeRTOS_get_tx_head                  
0000a7c1  FreeRTOS_gethostbyname                
00002bfb  FreeRTOS_inet_addr                    
00003885  FreeRTOS_issocketconnected            
00003387  FreeRTOS_listen                       
000037b9  FreeRTOS_maywrite                     
000038c3  FreeRTOS_mss                          
0000394d  FreeRTOS_netstat                      
00003015  FreeRTOS_recv                         
000023b9  FreeRTOS_recvfrom                     
00003919  FreeRTOS_rx_size                      
0000323d  FreeRTOS_send                         
000024d1  FreeRTOS_sendto                       
0000284d  FreeRTOS_setsockopt                   
0000343f  FreeRTOS_shutdown                     
000022ad  FreeRTOS_socket                       
00003851  FreeRTOS_tx_size                      
0000381b  FreeRTOS_tx_space                     
0000f1cd  GPIODirModeSet                        
0000f6d5  GPIOIntClear                          
0000f645  GPIOIntEnable                         
0000f3f1  GPIOIntRegister                       
0000e735  GPIOIntTypeSet                        
0000d0a9  GPIOPP3IntHandler                     
0000cee7  GPIOPadConfigSet                      
0000e9c1  GPIOPinConfigure                      
0000f539  GPIOPinTypeADC                        
0000f54b  GPIOPinTypeGPIOInput                  
0000f409  GPIOPinTypeGPIOOutput                 
0000f55d  GPIOPinTypePWM                        
0000f56f  GPIOPinTypeQEI                        
0000f581  GPIOPinTypeUART                       
0000f6db  GPIOPinWrite                          
0000eb29  HOSTclose                             
0000e1e5  HOSTlseek                             
0000e519  HOSTopen                              
0000e62d  HOSTread                              
0000e24d  HOSTrename                            
0000eb6d  HOSTunlink                            
0000e685  HOSTwrite                             
0000afe9  InitDescriptors                       
0000ca59  Init_PID                              
0000e2b5  IntEnable                             
0000f271  IntPrioritySet                        
0000efe9  IntRegister                           
00009abf  PID_Compute                           
00009f15  PID_GetDirection                      
00009ee9  PID_GetKd                             
00009ed9  PID_GetKi                             
00009ec9  PID_GetKp                             
00009ef9  PID_GetMode                           
00009e05  PID_Initialize                        
00009e5d  PID_SetControllerDirection            
00009dbb  PID_SetMode                           
00009d05  PID_SetOutputLimits                   
00009ca1  PID_SetSampleTime                     
00009bbf  PID_SetTunings                        
0000caa5  PID_compute_output                    
00009a49  PID_init                              
0000f4d5  PWMClockSet                           
0000f2dd  PWMGenConfigure                       
0000f651  PWMGenEnable                          
0000f593  PWMGenPeriodGet                       
0000f5ed  PWMGenPeriodSet                       
0000f5a5  PWMOutputInvert                       
0000f5b7  PWMOutputState                        
0000f39f  PWMPulseWidthSet                      
0000af91  PacketTransmit                        
0000af21  ProcessReceivedPacket                 
0000f61b  QEIConfigure                          
0000f675  QEIEnable                             
0000f6e7  QEIPositionGet                        
0000f5fd  QEIVelocityConfigure                  
0000f67f  QEIVelocityEnable                     
0000f6eb  QEIVelocityGet                        
0000f669  ResetISR                              
0000c211  SysCtlClockFreqSet                    
0000f6e1  SysCtlDelay                           
0000f01d  SysCtlPeripheralEnable                
0000ee2d  SysCtlPeripheralPresent               
0000ee65  SysCtlPeripheralReady                 
0000e8d9  SysCtlPeripheralReset                 
0000cb2d  UART0_Init                            
0000cc43  UART3IntHandler                       
0000cb7b  UART3_Init                            
0000f689  UARTCharGet                           
0000f693  UARTCharPut                           
0000f629  UARTCharsAvail                        
0000eae1  UARTConfigSetExpClk                   
0000f301  UARTDisable                           
0000f4e9  UARTEnable                            
0000f6ef  UARTIntClear                          
0000f69d  UARTIntDisable                        
0000f6b9  UARTIntEnable                         
0000f421  UARTIntRegister                       
00009f29  UARTStdioConfig                       
0000a06f  UARTgetc                              
00009fb5  UARTgets                              
0000a38f  UARTprintf                            
0000a095  UARTvprintf                           
00009f6f  UARTwrite                             
20008c44  __CIOBUF_                             
20009968  __STACK_END                           
00000800  __STACK_SIZE                          
20009368  __STACK_TOP                           
00000008  __SYSMEM_SIZE                         
0000fff8  __TI_CINIT_Base                       
00010010  __TI_CINIT_Limit                      
0000ffdc  __TI_Handler_Table_Base               
0000ffe8  __TI_Handler_Table_Limit              
0000ebf5  __TI_auto_init_nobinit_nopinit        
0000f051  __TI_cleanup                          
20009c00  __TI_cleanup_ptr                      
0000e095  __TI_closefile                        
0000e31d  __TI_decompress_lzss                  
0000f637  __TI_decompress_none                  
0000e929  __TI_doflush                          
20009c04  __TI_dtors_ptr                        
20009c08  __TI_enable_exit_profile_output       
20009bf0  __TI_ft_end                           
ffffffff  __TI_pprof_out_hndl                   
00006f19  __TI_printfi                          
ffffffff  __TI_prof_data_size                   
ffffffff  __TI_prof_data_start                  
0000f085  __TI_readmsg                          
00000000  __TI_static_base__                    
20008d64  __TI_tmpnams                          
0000ee9d  __TI_writemsg                         
0000e4b5  __TI_wrt_ok                           
0000f65d  __TI_zero_init                        
0000dda5  __aeabi_cdcmpeq                       
0000dda5  __aeabi_cdcmple                       
0000de2b  __aeabi_cdrcmple                      
0000e177  __aeabi_d2f                           
0000ea99  __aeabi_d2iz                          
0000c7e7  __aeabi_dadd                          
0000cdb1  __aeabi_ddiv                          
0000d6dd  __aeabi_dmul                          
0000c7dd  __aeabi_dsub                          
0000f6c1  __aeabi_errno_addr                    
0000ef45  __aeabi_f2d                           
0000f147  __aeabi_i2d                           
0000af1f  __aeabi_idiv0                         
0000af1f  __aeabi_ldiv0                         
0000df2b  __aeabi_memclr                        
0000df2b  __aeabi_memclr4                       
0000df2b  __aeabi_memclr8                       
0000dbe7  __aeabi_memcpy                        
0000dbe7  __aeabi_memcpy4                       
0000dbe7  __aeabi_memcpy8                       
0000df2d  __aeabi_memset                        
0000df2d  __aeabi_memset4                       
0000df2d  __aeabi_memset8                       
20009bfc  __aeabi_stderr                        
20009bf4  __aeabi_stdin                         
20009bf8  __aeabi_stdout                        
0000f361  __aeabi_ui2d                          
0000ecbd  __aeabi_uidiv                         
0000ecbd  __aeabi_uidivmod                      
0000dc83  __aeabi_uldivmod                      
ffffffff  __binit__                             
ffffffff  __c_args__                            
UNDEFED   __mpu_init                            
20009168  __stack                               
0000eed5  _c_int00_noargs                       
0000f8b4  _ctypes_                              
20009a58  _device                               
20009968  _ftable                               
20009c18  _lock                                 
00007977  _nop                                  
20009ad0  _stream                               
20009c68  _sys_memory                           
UNDEFED   _system_post_cinit                    
0000f6fb  _system_pre_init                      
20009c1c  _unlock                               
0000f6ff  abort                                 
0000d98d  adc_init                              
0000e975  atoi                                  
ffffffff  binit                                 
0000b445  calc_checksum                         
0000e579  close                                 
20009c30  comm_hw_used                          
0000f4fd  copysign                              
0000f4fd  copysignl                             
00008e25  current_measure_task_create           
00008a85  current_update_timer_callback         
0000978d  eARPGetCacheEntry                     
00009525  eARPProcessPacket                     
000058e5  eConsiderFrameForProcessing           
0000b0b9  enable_eth0                           
20009c5c  errno                                 
0000ea51  exit                                  
0000f0e9  finddevice                            
0000dd19  fputc                                 
0000d4b9  fputs                                 
0000d8b5  free                                  
0000e3ed  frexp                                 
0000e3ed  frexpl                                
0000e451  fseek                                 
20008fc0  gMotorValues                          
20000000  g_pfnRAMVectors                       
00000000  g_pfnVectors                          
200090f8  g_pid_params                          
20008f5c  g_pid_values                          
2000779c  g_ppui8RxBuffer                       
20008e04  g_psRxDescriptor                      
20008e64  g_psTxDescriptor                      
20009138  g_ui32RxDescIndex                     
2000913c  g_ui32SysClock                        
20009140  g_ui32TxDescIndex                     
0000d9cf  get_adc_count                         
0000d9fb  get_current                           
0000d105  get_error                             
0000b363  get_heartbeat                         
0000b383  get_motor_values                      
0000b413  get_pid_config                        
0000b3db  get_pid_params                        
0000d067  get_position                          
0000d0bf  get_speed                             
0000d0f5  get_speed_setpoint                    
0000d0e3  get_speed_test                        
0000ec39  getdevice                             
00008a49  heartbeat_timer_callback              
20009144  ip                                    
000036c1  lTCPAddRxdata                         
00006671  lTCPWindowRxCheck                     
0000685b  lTCPWindowTxAdd                       
0000d5cd  ldexp                                 
0000d5cd  ldexpl                                
0000ca2d  led_bright                            
00008ee3  log_receive_task_create               
00008eb1  logger_task_create                    
00008a67  logger_timer_callback                 
0000f1f9  lseek                                 
0000e7e1  ltoa                                  
0000c41f  main                                  
0000e01d  malloc                                
0000f3bd  memccpy                               
0000f341  memchr                                
0000f295  memcmp                                
0000dbe7  memcpy                                
0000f2b9  memmove                               
0000df33  memset                                
0000ef0d  minit                                 
0000ca05  motor_speed                           
00008d8d  motor_task_create                     
0000b357  packet_recieve                        
0000b2b9  packet_send                           
20009ba4  packet_type_strings                   
2000911c  parmbuf                               
000090e9  pcTimerGetTimerName                   
00008a99  pid_timer_callback                    
0000b483  print_data_packet                     
0000e385  printf                                
0000bbab  pucGetNetworkBuffer                   
20009124  pui8MACAddr                           
0000dd19  putc                                  
0000b849  pvPortMalloc                          
00004ccb  pvTaskIncrementMutexHeldCount         
000094d5  pvTimerGetTimerID                     
0000c995  pwm_init                              
20009b20  pxCurrentTCB                          
000054e9  pxDuplicateNetworkBufferWithDescriptor
0000bc05  pxGetNetworkBufferWithDescriptor      
0000d271  pxPortInitialiseStack                 
0000bd11  pxResizeNetworkBufferWithDescriptor   
0000354f  pxTCPSocketLookup                     
00005531  pxUDPPayloadBuffer_to_NetworkBuffer   
00002bdb  pxUDPSocketLookup                     
0000d019  quad_encoder_init                     
0000f1a1  remove                                
0000d5cd  scalbn                                
0000d5cd  scalbnl                               
0000d7d9  setvbuf                               
00008e5d  speed_measure_task_create             
0000ecfd  sprintf                               
0000f4ab  strchr                                
0000f451  strcmp                                
0000f511  strcpy                                
0000f525  strlen                                
0000ef7d  strncpy                               
0000d071  tachometer_init                       
0000d0bd  timer_init                            
20009ba0  toggle                                
0000cc09  uart_get_n                            
0000cbcf  uart_send_n                           
00008099  ucQueueGetQueueType                   
20009148  ui32Loop                              
2000914c  ui32User0                             
20009150  ui32User1                             
20009164  ui8PHYAddr                            
0000a9d1  ulDNSHandlePacket                     
0000ff2c  ulMaxSyscallInterruptPriority         
20009c54  ulNextInitialSequenceNumber           
0000da71  ulPortGetIPSR                         
00006e9f  ulTCPWindowTxAck                      
00006b13  ulTCPWindowTxGet                      
00006ed1  ulTCPWindowTxSack                     
00004ce9  ulTaskNotifyTake                      
0000f1a1  unlink                                
00005ed5  usGenerateChecksum                    
00005d85  usGenerateProtocolChecksum            
20009b54  usPacketIdentifier                    
0000aeff  uxEventGroupGetNumber                 
0000bd0b  uxGetMinimumFreeNetworkBuffers        
0000bd05  uxGetNumberOfFreeNetworkBuffers       
0000d227  uxListRemove                          
00008079  uxQueueGetQueueNumber                 
0000801b  uxQueueMessagesWaiting                
00008051  uxQueueMessagesWaitingFromISR         
00008031  uxQueueSpacesAvailable                
0000b695  uxStreamBufferAdd                     
0000b777  uxStreamBufferGet                     
00004159  uxTaskGetNumberOfTasks                
00004a81  uxTaskGetStackHighWaterMark           
00004169  uxTaskGetSystemState                  
000046df  uxTaskGetTaskNumber                   
00003c1f  uxTaskPriorityGet                     
00003c51  uxTaskPriorityGetFromISR              
00004ca9  uxTaskResetEventItemValue             
000098c9  vARPAgeCache                          
000099cd  vARPGenerateRequestPacket             
000095f3  vARPRefreshCacheEntry                 
00009995  vARPSendGratuitous                    
0000a507  vApplicationIPNetworkEventHook        
0000a5ad  vApplicationPingReplyHook             
0000c411  vApplicationStackOverflowHook         
000083a1  vDHCPProcess                          
0000a3c5  vEMACHandlerTask                      
0000aeb9  vEventGroupClearBitsCallback          
0000ae75  vEventGroupDelete                     
0000aea9  vEventGroupSetBitsCallback            
000059a1  vIPNetworkUpCalls                     
00006101  vIPReloadDHCPTimer                    
000060dd  vIPSetDHCPTimerEnableState            
0000d145  vListInitialise                       
0000d175  vListInitialiseItem                   
0000d1c1  vListInsert                           
0000d185  vListInsertEnd                        
00006213  vListInsertGeneric                    
0000a4ef  vNetworkInterfaceAllocateRAMToBuffers 
0000220f  vNetworkSocketsInit                   
0000db25  vPortEnableVFP                        
0000d30d  vPortEndScheduler                     
0000d30f  vPortEnterCritical                    
0000d32f  vPortExitCritical                     
0000b94b  vPortFree                             
0000b9a9  vPortInitialiseBlocks                 
0000dae9  vPortSVCHandler                       
0000d36b  vPortSetupTimerInterrupt              
0000db09  vPortStartFirstTask                   
0000c009  vProcessGeneratedUDPPacket            
000082a7  vQueueAddToRegistry                   
00008063  vQueueDelete                          
00008087  vQueueSetQueueNumber                  
000082e9  vQueueUnregisterQueue                 
00008323  vQueueWaitForMessageRestricted        
0000bbef  vReleaseNetworkBuffer                 
0000bcbb  vReleaseNetworkBufferAndDescriptor    
0000605f  vReturnEthernetFrame                  
0000a5f9  vSendPing                             
00002663  vSocketBind                           
00002749  vSocketClose                          
00002d03  vSocketWakeUpUser                     
00000c6f  vTCPStateChange                       
000064d3  vTCPWindowCreate                      
00006475  vTCPWindowDestroy                     
0000653d  vTCPWindowInit                        
00003bc3  vTaskDelay                            
00003b1b  vTaskDelayUntil                       
00003a7f  vTaskDelete                           
00004025  vTaskEndScheduler                     
000046d7  vTaskMissedYield                      
00005099  vTaskNotifyGiveFromISR                
00004409  vTaskPlaceOnEventList                 
000044e5  vTaskPlaceOnEventListRestricted       
00004471  vTaskPlaceOnUnorderedEventList        
00004b51  vTaskPriorityInherit                  
00003ca5  vTaskPrioritySet                      
00003ead  vTaskResume                           
00004705  vTaskSetTaskNumber                    
00004639  vTaskSetTimeOutState                  
00003fc1  vTaskStartScheduler                   
00003db9  vTaskSuspend                          
00004045  vTaskSuspendAll                       
00004361  vTaskSwitchContext                    
000094ef  vTimerSetTimerID                      
0000f5c9  wcslen                                
0000f249  write                                 
200090d0  xBoundTCPSocketsList                  
200090e4  xBoundUDPSocketsList                  
0000ff20  xBroadcastMACAddress                  
0000ff28  xBufferAllocFixedSize                 
20009154  xData_Semaphore                       
20009bb8  xDefaultAddressing                    
20009b74  xDefaultPartUDPPacketHeader           
20009158  xEMACRxEventSemaphore                 
0000ad4b  xEventGroupClearBits                  
0000ab71  xEventGroupCreate                     
0000ad77  xEventGroupGetBitsFromISR             
0000ada7  xEventGroupSetBits                    
0000ab91  xEventGroupSync                       
0000ac61  xEventGroupWaitBits                   
0000a4fb  xGetPhyLinkStatus                     
0000610f  xIPIsNetworkTaskReady                 
000052b9  xIsCallingFromIPTask                  
00008381  xIsDHCPSocket                         
20009bcc  xNetworkAddressing                    
0000bb05  xNetworkBuffersInitialise             
20009b50  xNetworkEventQueue                    
0000a4b1  xNetworkInterfaceInitialise           
0000a4c9  xNetworkInterfaceOutput               
2000915c  xPingReplyQueue                       
0000b99d  xPortGetFreeHeapSize                  
0000b9a3  xPortGetMinimumEverFreeHeapSize       
0000da89  xPortPendSVHandler                    
0000d2d7  xPortStartScheduler                   
0000d345  xPortSysTickHandler                   
00001bcd  xProcessReceivedTCPPacket             
0000c15d  xProcessReceivedUDPPacket             
00007b81  xQueueCreateCountingSemaphore         
00007a85  xQueueCreateMutex                     
00007a15  xQueueGenericCreate                   
00007dd5  xQueueGenericReceive                  
00007979  xQueueGenericReset                    
00007ba1  xQueueGenericSend                     
00007cc9  xQueueGenericSendFromISR              
00007d55  xQueueGiveFromISR                     
00007afb  xQueueGiveMutexRecursive              
00008243  xQueueIsQueueEmptyFromISR             
00008285  xQueueIsQueueFullFromISR              
00007fc9  xQueuePeekFromISR                     
00007f43  xQueueReceiveFromISR                  
20008ec4  xQueueRegistry                        
00007b37  xQueueTakeMutexRecursive              
00005851  xSendEventStructToIPTask              
00005813  xSendEventToIPTask                    
20009c34  xSocket                               
00001faf  xTCPCheckNewClient                    
000003b9  xTCPSocketCheck                       
00003497  xTCPTimerCheck                        
20009c2c  xTCPWindowLoggingLevel                
000063a3  xTCPWindowRxEmpty                     
000069c9  xTCPWindowTxDone                      
00006a65  xTCPWindowTxHasData                   
0000465d  xTaskCheckForTimeOut                  
00003965  xTaskGenericCreate                    
00004e9f  xTaskGenericNotify                    
00004f91  xTaskGenericNotifyFromISR             
00004b0b  xTaskGetCurrentTaskHandle             
00004b25  xTaskGetSchedulerState                
00004135  xTaskGetTickCount                     
00004145  xTaskGetTickCountFromISR              
00004239  xTaskIncrementTick                    
0000513f  xTaskNotifyStateClear                 
00004db5  xTaskNotifyWait                       
00004c0b  xTaskPriorityDisinherit               
00004549  xTaskRemoveFromEventList              
000045c5  xTaskRemoveFromUnorderedEventList     
00004059  xTaskResumeAll                        
00003f2f  xTaskResumeFromISR                    
00009029  xTimerCreate                          
00008ff1  xTimerCreateTimerTask                 
0000907d  xTimerGenericCommand                  
000094a9  xTimerIsTimerActive                   
20009160  xUARTRxEventSemaphore                 


GLOBAL SYMBOLS: SORTED BY Symbol Address 

address   name                                  
-------   ----                                  
00000000  __TI_static_base__                    
00000000  g_pfnVectors                          
00000008  __SYSMEM_SIZE                         
000003b9  xTCPSocketCheck                       
00000800  __STACK_SIZE                          
00000c6f  vTCPStateChange                       
00001bcd  xProcessReceivedTCPPacket             
00001faf  xTCPCheckNewClient                    
0000220f  vNetworkSocketsInit                   
000022ad  FreeRTOS_socket                       
000023b9  FreeRTOS_recvfrom                     
000024d1  FreeRTOS_sendto                       
000025bf  FreeRTOS_bind                         
00002663  vSocketBind                           
00002705  FreeRTOS_closesocket                  
00002749  vSocketClose                          
0000284d  FreeRTOS_setsockopt                   
00002bdb  pxUDPSocketLookup                     
00002bfb  FreeRTOS_inet_addr                    
00002cd7  FreeRTOS_GetLocalAddress              
00002d03  vSocketWakeUpUser                     
00002e37  FreeRTOS_connect                      
00002ec5  FreeRTOS_accept                       
00003015  FreeRTOS_recv                         
000031e7  FreeRTOS_get_tx_head                  
0000323d  FreeRTOS_send                         
00003387  FreeRTOS_listen                       
0000343f  FreeRTOS_shutdown                     
00003497  xTCPTimerCheck                        
0000354f  pxTCPSocketLookup                     
000035cf  FreeRTOS_get_rx_buf                   
000036c1  lTCPAddRxdata                         
00003757  FreeRTOS_GetRemoteAddress             
000037b9  FreeRTOS_maywrite                     
0000381b  FreeRTOS_tx_space                     
00003851  FreeRTOS_tx_size                      
00003885  FreeRTOS_issocketconnected            
000038c3  FreeRTOS_mss                          
000038eb  FreeRTOS_connstatus                   
00003919  FreeRTOS_rx_size                      
0000394d  FreeRTOS_netstat                      
00003965  xTaskGenericCreate                    
00003a7f  vTaskDelete                           
00003b1b  vTaskDelayUntil                       
00003bc3  vTaskDelay                            
00003c1f  uxTaskPriorityGet                     
00003c51  uxTaskPriorityGetFromISR              
00003ca5  vTaskPrioritySet                      
00003db9  vTaskSuspend                          
00003ead  vTaskResume                           
00003f2f  xTaskResumeFromISR                    
00003fc1  vTaskStartScheduler                   
00004025  vTaskEndScheduler                     
00004045  vTaskSuspendAll                       
00004059  xTaskResumeAll                        
00004135  xTaskGetTickCount                     
00004145  xTaskGetTickCountFromISR              
00004159  uxTaskGetNumberOfTasks                
00004169  uxTaskGetSystemState                  
00004239  xTaskIncrementTick                    
00004361  vTaskSwitchContext                    
00004409  vTaskPlaceOnEventList                 
00004471  vTaskPlaceOnUnorderedEventList        
000044e5  vTaskPlaceOnEventListRestricted       
00004549  xTaskRemoveFromEventList              
000045c5  xTaskRemoveFromUnorderedEventList     
00004639  vTaskSetTimeOutState                  
0000465d  xTaskCheckForTimeOut                  
000046d7  vTaskMissedYield                      
000046df  uxTaskGetTaskNumber                   
00004705  vTaskSetTaskNumber                    
00004a81  uxTaskGetStackHighWaterMark           
00004b0b  xTaskGetCurrentTaskHandle             
00004b25  xTaskGetSchedulerState                
00004b51  vTaskPriorityInherit                  
00004c0b  xTaskPriorityDisinherit               
00004ca9  uxTaskResetEventItemValue             
00004ccb  pvTaskIncrementMutexHeldCount         
00004ce9  ulTaskNotifyTake                      
00004db5  xTaskNotifyWait                       
00004e9f  xTaskGenericNotify                    
00004f91  xTaskGenericNotifyFromISR             
00005099  vTaskNotifyGiveFromISR                
0000513f  xTaskNotifyStateClear                 
000052b9  xIsCallingFromIPTask                  
00005465  FreeRTOS_NetworkDown                  
00005487  FreeRTOS_NetworkDownFromISR           
000054b1  FreeRTOS_GetUDPPayloadBuffer          
000054e9  pxDuplicateNetworkBufferWithDescriptor
00005531  pxUDPPayloadBuffer_to_NetworkBuffer   
0000556d  FreeRTOS_ReleaseUDPPayloadBuffer      
00005599  FreeRTOS_IPInit                       
000056c9  FreeRTOS_GetAddressConfiguration      
00005711  FreeRTOS_SetAddressConfiguration      
00005751  FreeRTOS_SendPingRequest              
00005813  xSendEventToIPTask                    
00005851  xSendEventStructToIPTask              
000058e5  eConsiderFrameForProcessing           
000059a1  vIPNetworkUpCalls                     
00005d85  usGenerateProtocolChecksum            
00005ed5  usGenerateChecksum                    
0000605f  vReturnEthernetFrame                  
00006091  FreeRTOS_GetIPAddress                 
00006097  FreeRTOS_SetIPAddress                 
000060a7  FreeRTOS_GetGatewayAddress            
000060ad  FreeRTOS_GetDNSServerAddress          
000060b3  FreeRTOS_GetNetmask                   
000060b9  FreeRTOS_GetMACAddress                
000060bd  FreeRTOS_SetNetmask                   
000060cd  FreeRTOS_SetGatewayAddress            
000060dd  vIPSetDHCPTimerEnableState            
00006101  vIPReloadDHCPTimer                    
0000610f  xIPIsNetworkTaskReady                 
00006115  FreeRTOS_IsNetworkUp                  
00006213  vListInsertGeneric                    
000063a3  xTCPWindowRxEmpty                     
00006475  vTCPWindowDestroy                     
000064d3  vTCPWindowCreate                      
0000653d  vTCPWindowInit                        
00006671  lTCPWindowRxCheck                     
0000685b  lTCPWindowTxAdd                       
000069c9  xTCPWindowTxDone                      
00006a65  xTCPWindowTxHasData                   
00006b13  ulTCPWindowTxGet                      
00006e9f  ulTCPWindowTxAck                      
00006ed1  ulTCPWindowTxSack                     
00006f19  __TI_printfi                          
00007977  _nop                                  
00007979  xQueueGenericReset                    
00007a15  xQueueGenericCreate                   
00007a85  xQueueCreateMutex                     
00007afb  xQueueGiveMutexRecursive              
00007b37  xQueueTakeMutexRecursive              
00007b81  xQueueCreateCountingSemaphore         
00007ba1  xQueueGenericSend                     
00007cc9  xQueueGenericSendFromISR              
00007d55  xQueueGiveFromISR                     
00007dd5  xQueueGenericReceive                  
00007f43  xQueueReceiveFromISR                  
00007fc9  xQueuePeekFromISR                     
0000801b  uxQueueMessagesWaiting                
00008031  uxQueueSpacesAvailable                
00008051  uxQueueMessagesWaitingFromISR         
00008063  vQueueDelete                          
00008079  uxQueueGetQueueNumber                 
00008087  vQueueSetQueueNumber                  
00008099  ucQueueGetQueueType                   
00008243  xQueueIsQueueEmptyFromISR             
00008285  xQueueIsQueueFullFromISR              
000082a7  vQueueAddToRegistry                   
000082e9  vQueueUnregisterQueue                 
00008323  vQueueWaitForMessageRestricted        
00008381  xIsDHCPSocket                         
000083a1  vDHCPProcess                          
00008a49  heartbeat_timer_callback              
00008a67  logger_timer_callback                 
00008a85  current_update_timer_callback         
00008a99  pid_timer_callback                    
00008d8d  motor_task_create                     
00008e25  current_measure_task_create           
00008e5d  speed_measure_task_create             
00008eb1  logger_task_create                    
00008ee3  log_receive_task_create               
00008ff1  xTimerCreateTimerTask                 
00009029  xTimerCreate                          
0000907d  xTimerGenericCommand                  
000090e9  pcTimerGetTimerName                   
000094a9  xTimerIsTimerActive                   
000094d5  pvTimerGetTimerID                     
000094ef  vTimerSetTimerID                      
00009525  eARPProcessPacket                     
000095f3  vARPRefreshCacheEntry                 
0000978d  eARPGetCacheEntry                     
000098c9  vARPAgeCache                          
00009995  vARPSendGratuitous                    
000099a5  FreeRTOS_OutputARPRequest             
000099cd  vARPGenerateRequestPacket             
00009a19  FreeRTOS_ClearARP                     
00009a49  PID_init                              
00009abf  PID_Compute                           
00009bbf  PID_SetTunings                        
00009ca1  PID_SetSampleTime                     
00009d05  PID_SetOutputLimits                   
00009dbb  PID_SetMode                           
00009e05  PID_Initialize                        
00009e5d  PID_SetControllerDirection            
00009ec9  PID_GetKp                             
00009ed9  PID_GetKi                             
00009ee9  PID_GetKd                             
00009ef9  PID_GetMode                           
00009f15  PID_GetDirection                      
00009f29  UARTStdioConfig                       
00009f6f  UARTwrite                             
00009fb5  UARTgets                              
0000a06f  UARTgetc                              
0000a095  UARTvprintf                           
0000a38f  UARTprintf                            
0000a3c5  vEMACHandlerTask                      
0000a48b  EthernetIntHandler                    
0000a4b1  xNetworkInterfaceInitialise           
0000a4c9  xNetworkInterfaceOutput               
0000a4ef  vNetworkInterfaceAllocateRAMToBuffers 
0000a4fb  xGetPhyLinkStatus                     
0000a507  vApplicationIPNetworkEventHook        
0000a5ad  vApplicationPingReplyHook             
0000a5f9  vSendPing                             
0000a7c1  FreeRTOS_gethostbyname                
0000a9d1  ulDNSHandlePacket                     
0000ab71  xEventGroupCreate                     
0000ab91  xEventGroupSync                       
0000ac61  xEventGroupWaitBits                   
0000ad4b  xEventGroupClearBits                  
0000ad77  xEventGroupGetBitsFromISR             
0000ada7  xEventGroupSetBits                    
0000ae75  vEventGroupDelete                     
0000aea9  vEventGroupSetBitsCallback            
0000aeb9  vEventGroupClearBitsCallback          
0000aeff  uxEventGroupGetNumber                 
0000af1f  __aeabi_idiv0                         
0000af1f  __aeabi_ldiv0                         
0000af21  ProcessReceivedPacket                 
0000af91  PacketTransmit                        
0000afe9  InitDescriptors                       
0000b0b9  enable_eth0                           
0000b2b9  packet_send                           
0000b357  packet_recieve                        
0000b363  get_heartbeat                         
0000b383  get_motor_values                      
0000b3db  get_pid_params                        
0000b413  get_pid_config                        
0000b445  calc_checksum                         
0000b483  print_data_packet                     
0000b695  uxStreamBufferAdd                     
0000b777  uxStreamBufferGet                     
0000b849  pvPortMalloc                          
0000b94b  vPortFree                             
0000b99d  xPortGetFreeHeapSize                  
0000b9a3  xPortGetMinimumEverFreeHeapSize       
0000b9a9  vPortInitialiseBlocks                 
0000bb05  xNetworkBuffersInitialise             
0000bbab  pucGetNetworkBuffer                   
0000bbef  vReleaseNetworkBuffer                 
0000bc05  pxGetNetworkBufferWithDescriptor      
0000bcbb  vReleaseNetworkBufferAndDescriptor    
0000bd05  uxGetNumberOfFreeNetworkBuffers       
0000bd0b  uxGetMinimumFreeNetworkBuffers        
0000bd11  pxResizeNetworkBufferWithDescriptor   
0000c009  vProcessGeneratedUDPPacket            
0000c15d  xProcessReceivedUDPPacket             
0000c211  SysCtlClockFreqSet                    
0000c411  vApplicationStackOverflowHook         
0000c41f  main                                  
0000c7dd  __aeabi_dsub                          
0000c7e7  __aeabi_dadd                          
0000c995  pwm_init                              
0000ca05  motor_speed                           
0000ca2d  led_bright                            
0000ca59  Init_PID                              
0000caa5  PID_compute_output                    
0000cb2d  UART0_Init                            
0000cb7b  UART3_Init                            
0000cbcf  uart_send_n                           
0000cc09  uart_get_n                            
0000cc43  UART3IntHandler                       
0000cdb1  __aeabi_ddiv                          
0000cee7  GPIOPadConfigSet                      
0000d019  quad_encoder_init                     
0000d067  get_position                          
0000d071  tachometer_init                       
0000d0a9  GPIOPP3IntHandler                     
0000d0bd  timer_init                            
0000d0bf  get_speed                             
0000d0e3  get_speed_test                        
0000d0f5  get_speed_setpoint                    
0000d105  get_error                             
0000d145  vListInitialise                       
0000d175  vListInitialiseItem                   
0000d185  vListInsertEnd                        
0000d1c1  vListInsert                           
0000d227  uxListRemove                          
0000d271  pxPortInitialiseStack                 
0000d2d7  xPortStartScheduler                   
0000d30d  vPortEndScheduler                     
0000d30f  vPortEnterCritical                    
0000d32f  vPortExitCritical                     
0000d345  xPortSysTickHandler                   
0000d36b  vPortSetupTimerInterrupt              
0000d4b9  fputs                                 
0000d5cd  ldexp                                 
0000d5cd  ldexpl                                
0000d5cd  scalbn                                
0000d5cd  scalbnl                               
0000d6dd  __aeabi_dmul                          
0000d7d9  setvbuf                               
0000d8b5  free                                  
0000d98d  adc_init                              
0000d9cf  get_adc_count                         
0000d9fb  get_current                           
0000da71  ulPortGetIPSR                         
0000da89  xPortPendSVHandler                    
0000dae9  vPortSVCHandler                       
0000db09  vPortStartFirstTask                   
0000db25  vPortEnableVFP                        
0000dbe7  __aeabi_memcpy                        
0000dbe7  __aeabi_memcpy4                       
0000dbe7  __aeabi_memcpy8                       
0000dbe7  memcpy                                
0000dc83  __aeabi_uldivmod                      
0000dd19  fputc                                 
0000dd19  putc                                  
0000dda5  __aeabi_cdcmpeq                       
0000dda5  __aeabi_cdcmple                       
0000de2b  __aeabi_cdrcmple                      
0000deb1  ADCSequenceStepConfigure              
0000df2b  __aeabi_memclr                        
0000df2b  __aeabi_memclr4                       
0000df2b  __aeabi_memclr8                       
0000df2d  __aeabi_memset                        
0000df2d  __aeabi_memset4                       
0000df2d  __aeabi_memset8                       
0000df33  memset                                
0000dfa5  EMACInit                              
0000e01d  malloc                                
0000e095  __TI_closefile                        
0000e177  __aeabi_d2f                           
0000e1e5  HOSTlseek                             
0000e24d  HOSTrename                            
0000e2b5  IntEnable                             
0000e31d  __TI_decompress_lzss                  
0000e385  printf                                
0000e3ed  frexp                                 
0000e3ed  frexpl                                
0000e451  fseek                                 
0000e4b5  __TI_wrt_ok                           
0000e519  HOSTopen                              
0000e579  close                                 
0000e5d5  EMACPHYConfigSet                      
0000e62d  HOSTread                              
0000e685  HOSTwrite                             
0000e6dd  ConfigureLEDs                         
0000e735  GPIOIntTypeSet                        
0000e7e1  ltoa                                  
0000e887  ADCSequenceConfigure                  
0000e8d9  SysCtlPeripheralReset                 
0000e929  __TI_doflush                          
0000e975  atoi                                  
0000e9c1  GPIOPinConfigure                      
0000ea51  exit                                  
0000ea99  __aeabi_d2iz                          
0000eae1  UARTConfigSetExpClk                   
0000eb29  HOSTclose                             
0000eb6d  HOSTunlink                            
0000ebf5  __TI_auto_init_nobinit_nopinit        
0000ec39  getdevice                             
0000ecbd  __aeabi_uidiv                         
0000ecbd  __aeabi_uidivmod                      
0000ecfd  sprintf                               
0000edb9  EMACIntEnable                         
0000edf5  EMACConfigSet                         
0000ee2d  SysCtlPeripheralPresent               
0000ee65  SysCtlPeripheralReady                 
0000ee9d  __TI_writemsg                         
0000eecb  C$$IO$$                               
0000eed5  _c_int00_noargs                       
0000ef0d  minit                                 
0000ef45  __aeabi_f2d                           
0000ef7d  strncpy                               
0000efb3  EMACIntClear                          
0000efe9  IntRegister                           
0000f01d  SysCtlPeripheralEnable                
0000f051  __TI_cleanup                          
0000f085  __TI_readmsg                          
0000f0b9  EMACAddrSet                           
0000f0e9  finddevice                            
0000f119  ADCIntStatus                          
0000f147  __aeabi_i2d                           
0000f175  EMACIntStatus                         
0000f1a1  remove                                
0000f1a1  unlink                                
0000f1cd  GPIODirModeSet                        
0000f1f9  lseek                                 
0000f249  write                                 
0000f271  IntPrioritySet                        
0000f295  memcmp                                
0000f2b9  memmove                               
0000f2dd  PWMGenConfigure                       
0000f301  UARTDisable                           
0000f341  memchr                                
0000f361  __aeabi_ui2d                          
0000f381  ADCSequenceDataGet                    
0000f39f  PWMPulseWidthSet                      
0000f3bd  memccpy                               
0000f3d9  ADCProcessorTrigger                   
0000f3f1  GPIOIntRegister                       
0000f409  GPIOPinTypeGPIOOutput                 
0000f421  UARTIntRegister                       
0000f451  strcmp                                
0000f469  EMACReset                             
0000f47f  EMACRxEnable                          
0000f495  EMACTxEnable                          
0000f4ab  strchr                                
0000f4c1  FlashUserGet                          
0000f4d5  PWMClockSet                           
0000f4e9  UARTEnable                            
0000f4fd  copysign                              
0000f4fd  copysignl                             
0000f511  strcpy                                
0000f525  strlen                                
0000f539  GPIOPinTypeADC                        
0000f54b  GPIOPinTypeGPIOInput                  
0000f55d  GPIOPinTypePWM                        
0000f56f  GPIOPinTypeQEI                        
0000f581  GPIOPinTypeUART                       
0000f593  PWMGenPeriodGet                       
0000f5a5  PWMOutputInvert                       
0000f5b7  PWMOutputState                        
0000f5c9  wcslen                                
0000f5dd  EMACFrameFilterSet                    
0000f5ed  PWMGenPeriodSet                       
0000f5fd  QEIVelocityConfigure                  
0000f60d  ADCSequenceEnable                     
0000f61b  QEIConfigure                          
0000f629  UARTCharsAvail                        
0000f637  __TI_decompress_none                  
0000f645  GPIOIntEnable                         
0000f651  PWMGenEnable                          
0000f65d  __TI_zero_init                        
0000f669  ResetISR                              
0000f675  QEIEnable                             
0000f67f  QEIVelocityEnable                     
0000f689  UARTCharGet                           
0000f693  UARTCharPut                           
0000f69d  UARTIntDisable                        
0000f6b1  EMACTxDMAPollDemand                   
0000f6b9  UARTIntEnable                         
0000f6c1  __aeabi_errno_addr                    
0000f6c9  EMACRxDMADescriptorListSet            
0000f6cf  EMACTxDMADescriptorListSet            
0000f6d5  GPIOIntClear                          
0000f6db  GPIOPinWrite                          
0000f6e1  SysCtlDelay                           
0000f6e7  QEIPositionGet                        
0000f6eb  QEIVelocityGet                        
0000f6ef  UARTIntClear                          
0000f6fb  _system_pre_init                      
0000f6ff  C$$EXIT                               
0000f6ff  abort                                 
0000f8b4  _ctypes_                              
0000ff20  xBroadcastMACAddress                  
0000ff28  xBufferAllocFixedSize                 
0000ff2c  ulMaxSyscallInterruptPriority         
0000ffdc  __TI_Handler_Table_Base               
0000ffe8  __TI_Handler_Table_Limit              
0000fff8  __TI_CINIT_Base                       
00010010  __TI_CINIT_Limit                      
20000000  g_pfnRAMVectors                       
2000779c  g_ppui8RxBuffer                       
20008c44  __CIOBUF_                             
20008d64  __TI_tmpnams                          
20008e04  g_psRxDescriptor                      
20008e64  g_psTxDescriptor                      
20008ec4  xQueueRegistry                        
20008f5c  g_pid_values                          
20008fc0  gMotorValues                          
200090d0  xBoundTCPSocketsList                  
200090e4  xBoundUDPSocketsList                  
200090f8  g_pid_params                          
2000911c  parmbuf                               
20009124  pui8MACAddr                           
20009138  g_ui32RxDescIndex                     
2000913c  g_ui32SysClock                        
20009140  g_ui32TxDescIndex                     
20009144  ip                                    
20009148  ui32Loop                              
2000914c  ui32User0                             
20009150  ui32User1                             
20009154  xData_Semaphore                       
20009158  xEMACRxEventSemaphore                 
2000915c  xPingReplyQueue                       
20009160  xUARTRxEventSemaphore                 
20009164  ui8PHYAddr                            
20009168  __stack                               
20009368  __STACK_TOP                           
20009968  __STACK_END                           
20009968  _ftable                               
20009a58  _device                               
20009ad0  _stream                               
20009b20  pxCurrentTCB                          
20009b50  xNetworkEventQueue                    
20009b54  usPacketIdentifier                    
20009b74  xDefaultPartUDPPacketHeader           
20009ba0  toggle                                
20009ba4  packet_type_strings                   
20009bb8  xDefaultAddressing                    
20009bcc  xNetworkAddressing                    
20009bf0  __TI_ft_end                           
20009bf4  __aeabi_stdin                         
20009bf8  __aeabi_stdout                        
20009bfc  __aeabi_stderr                        
20009c00  __TI_cleanup_ptr                      
20009c04  __TI_dtors_ptr                        
20009c08  __TI_enable_exit_profile_output       
20009c18  _lock                                 
20009c1c  _unlock                               
20009c2c  xTCPWindowLoggingLevel                
20009c30  comm_hw_used                          
20009c34  xSocket                               
20009c54  ulNextInitialSequenceNumber           
20009c5c  errno                                 
20009c68  _sys_memory                           
ffffffff  __TI_pprof_out_hndl                   
ffffffff  __TI_prof_data_size                   
ffffffff  __TI_prof_data_start                  
ffffffff  __binit__                             
ffffffff  __c_args__                            
ffffffff  binit                                 
UNDEFED   __mpu_init                            
UNDEFED   _system_post_cinit                    

[518 symbols]
