<?xml version="1.0" encoding="ISO-8859-1" ?>
<link_info>
   <banner>TI ARM Linker PC v18.1.1.LTS</banner>
   <copyright>Copyright (c) 1996-2017 Texas Instruments Incorporated</copyright>
   <link_time>0x5ae622b5</link_time>
   <link_errors>0x0</link_errors>
   <output_file>project2-ecen5013.out</output_file>
   <entry_point>
      <name>_c_int00_noargs</name>
      <address>0xe889</address>
   </entry_point>
   <input_file_list>
      <input_file id="fl-2">
         <path>.\</path>
         <kind>object</kind>
         <file>main.obj</file>
         <name>main.obj</name>
      </input_file>
      <input_file id="fl-3">
         <path>.\</path>
         <kind>object</kind>
         <file>packet_comm.obj</file>
         <name>packet_comm.obj</name>
      </input_file>
      <input_file id="fl-4">
         <path>.\</path>
         <kind>object</kind>
         <file>pid.obj</file>
         <name>pid.obj</name>
      </input_file>
      <input_file id="fl-5">
         <path>.\</path>
         <kind>object</kind>
         <file>project2_tasks.obj</file>
         <name>project2_tasks.obj</name>
      </input_file>
      <input_file id="fl-6">
         <path>.\</path>
         <kind>object</kind>
         <file>serial_write.obj</file>
         <name>serial_write.obj</name>
      </input_file>
      <input_file id="fl-7">
         <path>.\</path>
         <kind>object</kind>
         <file>tm4c1292ncpdt_startup_ccs.obj</file>
         <name>tm4c1292ncpdt_startup_ccs.obj</name>
      </input_file>
      <input_file id="fl-8">
         <path>.\</path>
         <kind>object</kind>
         <file>uartstdio.obj</file>
         <name>uartstdio.obj</name>
      </input_file>
      <input_file id="fl-9">
         <path>.\driver\</path>
         <kind>object</kind>
         <file>current_sensor.obj</file>
         <name>current_sensor.obj</name>
      </input_file>
      <input_file id="fl-a">
         <path>.\driver\</path>
         <kind>object</kind>
         <file>ethernet.obj</file>
         <name>ethernet.obj</name>
      </input_file>
      <input_file id="fl-b">
         <path>.\driver\</path>
         <kind>object</kind>
         <file>leds.obj</file>
         <name>leds.obj</name>
      </input_file>
      <input_file id="fl-c">
         <path>.\driver\</path>
         <kind>object</kind>
         <file>motor_control.obj</file>
         <name>motor_control.obj</name>
      </input_file>
      <input_file id="fl-d">
         <path>.\driver\</path>
         <kind>object</kind>
         <file>serial_interface.obj</file>
         <name>serial_interface.obj</name>
      </input_file>
      <input_file id="fl-e">
         <path>.\driver\</path>
         <kind>object</kind>
         <file>speed_sensor.obj</file>
         <name>speed_sensor.obj</name>
      </input_file>
      <input_file id="fl-f">
         <path>.\third_party\FreeRTOS\Source\</path>
         <kind>object</kind>
         <file>croutine.obj</file>
         <name>croutine.obj</name>
      </input_file>
      <input_file id="fl-10">
         <path>.\third_party\FreeRTOS\Source\</path>
         <kind>object</kind>
         <file>event_groups.obj</file>
         <name>event_groups.obj</name>
      </input_file>
      <input_file id="fl-11">
         <path>.\third_party\FreeRTOS\Source\</path>
         <kind>object</kind>
         <file>list.obj</file>
         <name>list.obj</name>
      </input_file>
      <input_file id="fl-12">
         <path>.\third_party\FreeRTOS\Source\</path>
         <kind>object</kind>
         <file>queue.obj</file>
         <name>queue.obj</name>
      </input_file>
      <input_file id="fl-13">
         <path>.\third_party\FreeRTOS\Source\</path>
         <kind>object</kind>
         <file>tasks.obj</file>
         <name>tasks.obj</name>
      </input_file>
      <input_file id="fl-14">
         <path>.\third_party\FreeRTOS\Source\</path>
         <kind>object</kind>
         <file>timers.obj</file>
         <name>timers.obj</name>
      </input_file>
      <input_file id="fl-15">
         <path>.\third_party\FreeRTOS\Source\portable\CCS\ARM_CM4F\</path>
         <kind>object</kind>
         <file>port.obj</file>
         <name>port.obj</name>
      </input_file>
      <input_file id="fl-16">
         <path>.\third_party\FreeRTOS\Source\portable\CCS\ARM_CM4F\</path>
         <kind>object</kind>
         <file>portasm.obj</file>
         <name>portasm.obj</name>
      </input_file>
      <input_file id="fl-17">
         <path>.\third_party\FreeRTOS\Source\portable\MemMang\</path>
         <kind>object</kind>
         <file>heap_4.obj</file>
         <name>heap_4.obj</name>
      </input_file>
      <input_file id="fl-18">
         <path>.\third_party\FreeRTOS-Plus-TCP\</path>
         <kind>object</kind>
         <file>FreeRTOS_ARP.obj</file>
         <name>FreeRTOS_ARP.obj</name>
      </input_file>
      <input_file id="fl-19">
         <path>.\third_party\FreeRTOS-Plus-TCP\</path>
         <kind>object</kind>
         <file>FreeRTOS_DHCP.obj</file>
         <name>FreeRTOS_DHCP.obj</name>
      </input_file>
      <input_file id="fl-1a">
         <path>.\third_party\FreeRTOS-Plus-TCP\</path>
         <kind>object</kind>
         <file>FreeRTOS_DNS.obj</file>
         <name>FreeRTOS_DNS.obj</name>
      </input_file>
      <input_file id="fl-1b">
         <path>.\third_party\FreeRTOS-Plus-TCP\</path>
         <kind>object</kind>
         <file>FreeRTOS_IP.obj</file>
         <name>FreeRTOS_IP.obj</name>
      </input_file>
      <input_file id="fl-1c">
         <path>.\third_party\FreeRTOS-Plus-TCP\</path>
         <kind>object</kind>
         <file>FreeRTOS_Sockets.obj</file>
         <name>FreeRTOS_Sockets.obj</name>
      </input_file>
      <input_file id="fl-1d">
         <path>.\third_party\FreeRTOS-Plus-TCP\</path>
         <kind>object</kind>
         <file>FreeRTOS_Stream_Buffer.obj</file>
         <name>FreeRTOS_Stream_Buffer.obj</name>
      </input_file>
      <input_file id="fl-1e">
         <path>.\third_party\FreeRTOS-Plus-TCP\</path>
         <kind>object</kind>
         <file>FreeRTOS_TCP_IP.obj</file>
         <name>FreeRTOS_TCP_IP.obj</name>
      </input_file>
      <input_file id="fl-1f">
         <path>.\third_party\FreeRTOS-Plus-TCP\</path>
         <kind>object</kind>
         <file>FreeRTOS_TCP_WIN.obj</file>
         <name>FreeRTOS_TCP_WIN.obj</name>
      </input_file>
      <input_file id="fl-20">
         <path>.\third_party\FreeRTOS-Plus-TCP\</path>
         <kind>object</kind>
         <file>FreeRTOS_UDP_IP.obj</file>
         <name>FreeRTOS_UDP_IP.obj</name>
      </input_file>
      <input_file id="fl-21">
         <path>.\third_party\FreeRTOS-Plus-TCP\portable\BufferManagement\</path>
         <kind>object</kind>
         <file>BufferAllocation_2.obj</file>
         <name>BufferAllocation_2.obj</name>
      </input_file>
      <input_file id="fl-22">
         <path>.\third_party\FreeRTOS-Plus-TCP\portable\NetworkInterface\ARM_CM4F\</path>
         <kind>object</kind>
         <file>NetworkInterface.obj</file>
         <name>NetworkInterface.obj</name>
      </input_file>
      <input_file id="fl-23">
         <path>.\third_party\FreeRTOS-Plus-TCP\protocols\Common\</path>
         <kind>object</kind>
         <file>FreeRTOS_TCP_server.obj</file>
         <name>FreeRTOS_TCP_server.obj</name>
      </input_file>
      <input_file id="fl-28">
         <kind>object</kind>
         <file>&lt;internal&gt;</file>
         <name>&lt;internal&gt;</name>
      </input_file>
      <input_file id="fl-29">
         <path>..\</path>
         <kind>archive</kind>
         <file>driverlib.lib</file>
         <name>adc.obj</name>
      </input_file>
      <input_file id="fl-2a">
         <path>..\</path>
         <kind>archive</kind>
         <file>driverlib.lib</file>
         <name>emac.obj</name>
      </input_file>
      <input_file id="fl-2b">
         <path>..\</path>
         <kind>archive</kind>
         <file>driverlib.lib</file>
         <name>flash.obj</name>
      </input_file>
      <input_file id="fl-2c">
         <path>..\</path>
         <kind>archive</kind>
         <file>driverlib.lib</file>
         <name>gpio.obj</name>
      </input_file>
      <input_file id="fl-2d">
         <path>..\</path>
         <kind>archive</kind>
         <file>driverlib.lib</file>
         <name>interrupt.obj</name>
      </input_file>
      <input_file id="fl-2e">
         <path>..\</path>
         <kind>archive</kind>
         <file>driverlib.lib</file>
         <name>pwm.obj</name>
      </input_file>
      <input_file id="fl-2f">
         <path>..\</path>
         <kind>archive</kind>
         <file>driverlib.lib</file>
         <name>qei.obj</name>
      </input_file>
      <input_file id="fl-30">
         <path>..\</path>
         <kind>archive</kind>
         <file>driverlib.lib</file>
         <name>sw_crc.obj</name>
      </input_file>
      <input_file id="fl-31">
         <path>..\</path>
         <kind>archive</kind>
         <file>driverlib.lib</file>
         <name>sysctl.obj</name>
      </input_file>
      <input_file id="fl-32">
         <path>..\</path>
         <kind>archive</kind>
         <file>driverlib.lib</file>
         <name>uart.obj</name>
      </input_file>
      <input_file id="fl-33">
         <path>..\</path>
         <kind>archive</kind>
         <file>driverlib.lib</file>
         <name>cpu.obj</name>
      </input_file>
      <input_file id="fl-e9">
         <path>C:\ti\ccsv8\tools\compiler\ti-cgt-arm_18.1.1.LTS\lib\</path>
         <kind>archive</kind>
         <file>rtsv7M4_T_le_v4SPD16_eabi.lib</file>
         <name>u_divt2.asm.obj</name>
      </input_file>
      <input_file id="fl-ea">
         <path>C:\ti\ccsv8\tools\compiler\ti-cgt-arm_18.1.1.LTS\lib\</path>
         <kind>archive</kind>
         <file>rtsv7M4_T_le_v4SPD16_eabi.lib</file>
         <name>fd_div_t2.asm.obj</name>
      </input_file>
      <input_file id="fl-eb">
         <path>C:\ti\ccsv8\tools\compiler\ti-cgt-arm_18.1.1.LTS\lib\</path>
         <kind>archive</kind>
         <file>rtsv7M4_T_le_v4SPD16_eabi.lib</file>
         <name>fd_mul_t2.asm.obj</name>
      </input_file>
      <input_file id="fl-ec">
         <path>C:\ti\ccsv8\tools\compiler\ti-cgt-arm_18.1.1.LTS\lib\</path>
         <kind>archive</kind>
         <file>rtsv7M4_T_le_v4SPD16_eabi.lib</file>
         <name>fd_tos_t2.asm.obj</name>
      </input_file>
      <input_file id="fl-ed">
         <path>C:\ti\ccsv8\tools\compiler\ti-cgt-arm_18.1.1.LTS\lib\</path>
         <kind>archive</kind>
         <file>rtsv7M4_T_le_v4SPD16_eabi.lib</file>
         <name>fs_tod_t2.asm.obj</name>
      </input_file>
      <input_file id="fl-ee">
         <path>C:\ti\ccsv8\tools\compiler\ti-cgt-arm_18.1.1.LTS\lib\</path>
         <kind>archive</kind>
         <file>rtsv7M4_T_le_v4SPD16_eabi.lib</file>
         <name>memcpy_t2.asm.obj</name>
      </input_file>
      <input_file id="fl-ef">
         <path>C:\ti\ccsv8\tools\compiler\ti-cgt-arm_18.1.1.LTS\lib\</path>
         <kind>archive</kind>
         <file>rtsv7M4_T_le_v4SPD16_eabi.lib</file>
         <name>u_tofd_t2.asm.obj</name>
      </input_file>
      <input_file id="fl-f0">
         <path>C:\ti\ccsv8\tools\compiler\ti-cgt-arm_18.1.1.LTS\lib\</path>
         <kind>archive</kind>
         <file>rtsv7M4_T_le_v4SPD16_eabi.lib</file>
         <name>memset_t2.asm.obj</name>
      </input_file>
      <input_file id="fl-f1">
         <path>C:\ti\ccsv8\tools\compiler\ti-cgt-arm_18.1.1.LTS\lib\</path>
         <kind>archive</kind>
         <file>rtsv7M4_T_le_v4SPD16_eabi.lib</file>
         <name>copy_zero_init.c.obj</name>
      </input_file>
      <input_file id="fl-f2">
         <path>C:\ti\ccsv8\tools\compiler\ti-cgt-arm_18.1.1.LTS\lib\</path>
         <kind>archive</kind>
         <file>rtsv7M4_T_le_v4SPD16_eabi.lib</file>
         <name>copy_decompress_none.c.obj</name>
      </input_file>
      <input_file id="fl-f3">
         <path>C:\ti\ccsv8\tools\compiler\ti-cgt-arm_18.1.1.LTS\lib\</path>
         <kind>archive</kind>
         <file>rtsv7M4_T_le_v4SPD16_eabi.lib</file>
         <name>copy_decompress_lzss.c.obj</name>
      </input_file>
      <input_file id="fl-f4">
         <path>C:\ti\ccsv8\tools\compiler\ti-cgt-arm_18.1.1.LTS\lib\</path>
         <kind>archive</kind>
         <file>rtsv7M4_T_le_v4SPD16_eabi.lib</file>
         <name>boot_cortex_m.c.obj</name>
      </input_file>
      <input_file id="fl-f5">
         <path>C:\ti\ccsv8\tools\compiler\ti-cgt-arm_18.1.1.LTS\lib\</path>
         <kind>archive</kind>
         <file>rtsv7M4_T_le_v4SPD16_eabi.lib</file>
         <name>exit.c.obj</name>
      </input_file>
      <input_file id="fl-f6">
         <path>C:\ti\ccsv8\tools\compiler\ti-cgt-arm_18.1.1.LTS\lib\</path>
         <kind>archive</kind>
         <file>rtsv7M4_T_le_v4SPD16_eabi.lib</file>
         <name>_lock.c.obj</name>
      </input_file>
      <input_file id="fl-f7">
         <path>C:\ti\ccsv8\tools\compiler\ti-cgt-arm_18.1.1.LTS\lib\</path>
         <kind>archive</kind>
         <file>rtsv7M4_T_le_v4SPD16_eabi.lib</file>
         <name>args_main.c.obj</name>
      </input_file>
      <input_file id="fl-f8">
         <path>C:\ti\ccsv8\tools\compiler\ti-cgt-arm_18.1.1.LTS\lib\</path>
         <kind>archive</kind>
         <file>rtsv7M4_T_le_v4SPD16_eabi.lib</file>
         <name>memcmp.c.obj</name>
      </input_file>
      <input_file id="fl-f9">
         <path>C:\ti\ccsv8\tools\compiler\ti-cgt-arm_18.1.1.LTS\lib\</path>
         <kind>archive</kind>
         <file>rtsv7M4_T_le_v4SPD16_eabi.lib</file>
         <name>memmov.c.obj</name>
      </input_file>
      <input_file id="fl-fa">
         <path>C:\ti\ccsv8\tools\compiler\ti-cgt-arm_18.1.1.LTS\lib\</path>
         <kind>archive</kind>
         <file>rtsv7M4_T_le_v4SPD16_eabi.lib</file>
         <name>printf.c.obj</name>
      </input_file>
      <input_file id="fl-fb">
         <path>C:\ti\ccsv8\tools\compiler\ti-cgt-arm_18.1.1.LTS\lib\</path>
         <kind>archive</kind>
         <file>rtsv7M4_T_le_v4SPD16_eabi.lib</file>
         <name>sprintf.c.obj</name>
      </input_file>
      <input_file id="fl-fc">
         <path>C:\ti\ccsv8\tools\compiler\ti-cgt-arm_18.1.1.LTS\lib\</path>
         <kind>archive</kind>
         <file>rtsv7M4_T_le_v4SPD16_eabi.lib</file>
         <name>strcpy.c.obj</name>
      </input_file>
      <input_file id="fl-fd">
         <path>C:\ti\ccsv8\tools\compiler\ti-cgt-arm_18.1.1.LTS\lib\</path>
         <kind>archive</kind>
         <file>rtsv7M4_T_le_v4SPD16_eabi.lib</file>
         <name>strlen.c.obj</name>
      </input_file>
      <input_file id="fl-fe">
         <path>C:\ti\ccsv8\tools\compiler\ti-cgt-arm_18.1.1.LTS\lib\</path>
         <kind>archive</kind>
         <file>rtsv7M4_T_le_v4SPD16_eabi.lib</file>
         <name>div0.asm.obj</name>
      </input_file>
      <input_file id="fl-ff">
         <path>C:\ti\ccsv8\tools\compiler\ti-cgt-arm_18.1.1.LTS\lib\</path>
         <kind>archive</kind>
         <file>rtsv7M4_T_le_v4SPD16_eabi.lib</file>
         <name>autoinit.c.obj</name>
      </input_file>
      <input_file id="fl-100">
         <path>C:\ti\ccsv8\tools\compiler\ti-cgt-arm_18.1.1.LTS\lib\</path>
         <kind>archive</kind>
         <file>rtsv7M4_T_le_v4SPD16_eabi.lib</file>
         <name>pre_init.c.obj</name>
      </input_file>
      <input_file id="fl-101">
         <path>C:\ti\ccsv8\tools\compiler\ti-cgt-arm_18.1.1.LTS\lib\</path>
         <kind>archive</kind>
         <file>rtsv7M4_T_le_v4SPD16_eabi.lib</file>
         <name>cpy_tbl.c.obj</name>
      </input_file>
      <input_file id="fl-102">
         <path>C:\ti\ccsv8\tools\compiler\ti-cgt-arm_18.1.1.LTS\lib\</path>
         <kind>archive</kind>
         <file>rtsv7M4_T_le_v4SPD16_eabi.lib</file>
         <name>_printfi.c.obj</name>
      </input_file>
      <input_file id="fl-103">
         <path>C:\ti\ccsv8\tools\compiler\ti-cgt-arm_18.1.1.LTS\lib\</path>
         <kind>archive</kind>
         <file>rtsv7M4_T_le_v4SPD16_eabi.lib</file>
         <name>atoi.c.obj</name>
      </input_file>
      <input_file id="fl-104">
         <path>C:\ti\ccsv8\tools\compiler\ti-cgt-arm_18.1.1.LTS\lib\</path>
         <kind>archive</kind>
         <file>rtsv7M4_T_le_v4SPD16_eabi.lib</file>
         <name>ctype.c.obj</name>
      </input_file>
      <input_file id="fl-105">
         <path>C:\ti\ccsv8\tools\compiler\ti-cgt-arm_18.1.1.LTS\lib\</path>
         <kind>archive</kind>
         <file>rtsv7M4_T_le_v4SPD16_eabi.lib</file>
         <name>defs.c.obj</name>
      </input_file>
      <input_file id="fl-106">
         <path>C:\ti\ccsv8\tools\compiler\ti-cgt-arm_18.1.1.LTS\lib\</path>
         <kind>archive</kind>
         <file>rtsv7M4_T_le_v4SPD16_eabi.lib</file>
         <name>fputc.c.obj</name>
      </input_file>
      <input_file id="fl-107">
         <path>C:\ti\ccsv8\tools\compiler\ti-cgt-arm_18.1.1.LTS\lib\</path>
         <kind>archive</kind>
         <file>rtsv7M4_T_le_v4SPD16_eabi.lib</file>
         <name>fputs.c.obj</name>
      </input_file>
      <input_file id="fl-108">
         <path>C:\ti\ccsv8\tools\compiler\ti-cgt-arm_18.1.1.LTS\lib\</path>
         <kind>archive</kind>
         <file>rtsv7M4_T_le_v4SPD16_eabi.lib</file>
         <name>ltoa.c.obj</name>
      </input_file>
      <input_file id="fl-109">
         <path>C:\ti\ccsv8\tools\compiler\ti-cgt-arm_18.1.1.LTS\lib\</path>
         <kind>archive</kind>
         <file>rtsv7M4_T_le_v4SPD16_eabi.lib</file>
         <name>memccpy.c.obj</name>
      </input_file>
      <input_file id="fl-10a">
         <path>C:\ti\ccsv8\tools\compiler\ti-cgt-arm_18.1.1.LTS\lib\</path>
         <kind>archive</kind>
         <file>rtsv7M4_T_le_v4SPD16_eabi.lib</file>
         <name>memchr.c.obj</name>
      </input_file>
      <input_file id="fl-10b">
         <path>C:\ti\ccsv8\tools\compiler\ti-cgt-arm_18.1.1.LTS\lib\</path>
         <kind>archive</kind>
         <file>rtsv7M4_T_le_v4SPD16_eabi.lib</file>
         <name>strchr.c.obj</name>
      </input_file>
      <input_file id="fl-10c">
         <path>C:\ti\ccsv8\tools\compiler\ti-cgt-arm_18.1.1.LTS\lib\</path>
         <kind>archive</kind>
         <file>rtsv7M4_T_le_v4SPD16_eabi.lib</file>
         <name>write.c.obj</name>
      </input_file>
      <input_file id="fl-10d">
         <path>C:\ti\ccsv8\tools\compiler\ti-cgt-arm_18.1.1.LTS\lib\</path>
         <kind>archive</kind>
         <file>rtsv7M4_T_le_v4SPD16_eabi.lib</file>
         <name>s_frexp.c.obj</name>
      </input_file>
      <input_file id="fl-10e">
         <path>C:\ti\ccsv8\tools\compiler\ti-cgt-arm_18.1.1.LTS\lib\</path>
         <kind>archive</kind>
         <file>rtsv7M4_T_le_v4SPD16_eabi.lib</file>
         <name>s_scalbn.c.obj</name>
      </input_file>
      <input_file id="fl-10f">
         <path>C:\ti\ccsv8\tools\compiler\ti-cgt-arm_18.1.1.LTS\lib\</path>
         <kind>archive</kind>
         <file>rtsv7M4_T_le_v4SPD16_eabi.lib</file>
         <name>s_copysign.c.obj</name>
      </input_file>
      <input_file id="fl-110">
         <path>C:\ti\ccsv8\tools\compiler\ti-cgt-arm_18.1.1.LTS\lib\</path>
         <kind>archive</kind>
         <file>rtsv7M4_T_le_v4SPD16_eabi.lib</file>
         <name>wcslen.c.obj</name>
      </input_file>
      <input_file id="fl-111">
         <path>C:\ti\ccsv8\tools\compiler\ti-cgt-arm_18.1.1.LTS\lib\</path>
         <kind>archive</kind>
         <file>rtsv7M4_T_le_v4SPD16_eabi.lib</file>
         <name>fd_add_t2.asm.obj</name>
      </input_file>
      <input_file id="fl-112">
         <path>C:\ti\ccsv8\tools\compiler\ti-cgt-arm_18.1.1.LTS\lib\</path>
         <kind>archive</kind>
         <file>rtsv7M4_T_le_v4SPD16_eabi.lib</file>
         <name>fd_cmp_t2.asm.obj</name>
      </input_file>
      <input_file id="fl-113">
         <path>C:\ti\ccsv8\tools\compiler\ti-cgt-arm_18.1.1.LTS\lib\</path>
         <kind>archive</kind>
         <file>rtsv7M4_T_le_v4SPD16_eabi.lib</file>
         <name>fd_toi_t2.asm.obj</name>
      </input_file>
      <input_file id="fl-114">
         <path>C:\ti\ccsv8\tools\compiler\ti-cgt-arm_18.1.1.LTS\lib\</path>
         <kind>archive</kind>
         <file>rtsv7M4_T_le_v4SPD16_eabi.lib</file>
         <name>i_tofd_t2.asm.obj</name>
      </input_file>
      <input_file id="fl-115">
         <path>C:\ti\ccsv8\tools\compiler\ti-cgt-arm_18.1.1.LTS\lib\</path>
         <kind>archive</kind>
         <file>rtsv7M4_T_le_v4SPD16_eabi.lib</file>
         <name>ull_div_t2.asm.obj</name>
      </input_file>
      <input_file id="fl-116">
         <path>C:\ti\ccsv8\tools\compiler\ti-cgt-arm_18.1.1.LTS\lib\</path>
         <kind>archive</kind>
         <file>rtsv7M4_T_le_v4SPD16_eabi.lib</file>
         <name>errno.c.obj</name>
      </input_file>
      <input_file id="fl-117">
         <path>C:\ti\ccsv8\tools\compiler\ti-cgt-arm_18.1.1.LTS\lib\</path>
         <kind>archive</kind>
         <file>rtsv7M4_T_le_v4SPD16_eabi.lib</file>
         <name>_io_perm.c.obj</name>
      </input_file>
      <input_file id="fl-118">
         <path>C:\ti\ccsv8\tools\compiler\ti-cgt-arm_18.1.1.LTS\lib\</path>
         <kind>archive</kind>
         <file>rtsv7M4_T_le_v4SPD16_eabi.lib</file>
         <name>fflush.c.obj</name>
      </input_file>
      <input_file id="fl-119">
         <path>C:\ti\ccsv8\tools\compiler\ti-cgt-arm_18.1.1.LTS\lib\</path>
         <kind>archive</kind>
         <file>rtsv7M4_T_le_v4SPD16_eabi.lib</file>
         <name>fseek.c.obj</name>
      </input_file>
      <input_file id="fl-11a">
         <path>C:\ti\ccsv8\tools\compiler\ti-cgt-arm_18.1.1.LTS\lib\</path>
         <kind>archive</kind>
         <file>rtsv7M4_T_le_v4SPD16_eabi.lib</file>
         <name>lseek.c.obj</name>
      </input_file>
      <input_file id="fl-11b">
         <path>C:\ti\ccsv8\tools\compiler\ti-cgt-arm_18.1.1.LTS\lib\</path>
         <kind>archive</kind>
         <file>rtsv7M4_T_le_v4SPD16_eabi.lib</file>
         <name>setvbuf.c.obj</name>
      </input_file>
      <input_file id="fl-11c">
         <path>C:\ti\ccsv8\tools\compiler\ti-cgt-arm_18.1.1.LTS\lib\</path>
         <kind>archive</kind>
         <file>rtsv7M4_T_le_v4SPD16_eabi.lib</file>
         <name>hostclose.c.obj</name>
      </input_file>
      <input_file id="fl-11d">
         <path>C:\ti\ccsv8\tools\compiler\ti-cgt-arm_18.1.1.LTS\lib\</path>
         <kind>archive</kind>
         <file>rtsv7M4_T_le_v4SPD16_eabi.lib</file>
         <name>hostlseek.c.obj</name>
      </input_file>
      <input_file id="fl-11e">
         <path>C:\ti\ccsv8\tools\compiler\ti-cgt-arm_18.1.1.LTS\lib\</path>
         <kind>archive</kind>
         <file>rtsv7M4_T_le_v4SPD16_eabi.lib</file>
         <name>hostopen.c.obj</name>
      </input_file>
      <input_file id="fl-11f">
         <path>C:\ti\ccsv8\tools\compiler\ti-cgt-arm_18.1.1.LTS\lib\</path>
         <kind>archive</kind>
         <file>rtsv7M4_T_le_v4SPD16_eabi.lib</file>
         <name>hostread.c.obj</name>
      </input_file>
      <input_file id="fl-120">
         <path>C:\ti\ccsv8\tools\compiler\ti-cgt-arm_18.1.1.LTS\lib\</path>
         <kind>archive</kind>
         <file>rtsv7M4_T_le_v4SPD16_eabi.lib</file>
         <name>hostrename.c.obj</name>
      </input_file>
      <input_file id="fl-121">
         <path>C:\ti\ccsv8\tools\compiler\ti-cgt-arm_18.1.1.LTS\lib\</path>
         <kind>archive</kind>
         <file>rtsv7M4_T_le_v4SPD16_eabi.lib</file>
         <name>hostunlink.c.obj</name>
      </input_file>
      <input_file id="fl-122">
         <path>C:\ti\ccsv8\tools\compiler\ti-cgt-arm_18.1.1.LTS\lib\</path>
         <kind>archive</kind>
         <file>rtsv7M4_T_le_v4SPD16_eabi.lib</file>
         <name>hostwrite.c.obj</name>
      </input_file>
      <input_file id="fl-123">
         <path>C:\ti\ccsv8\tools\compiler\ti-cgt-arm_18.1.1.LTS\lib\</path>
         <kind>archive</kind>
         <file>rtsv7M4_T_le_v4SPD16_eabi.lib</file>
         <name>trgmsg.c.obj</name>
      </input_file>
      <input_file id="fl-124">
         <path>C:\ti\ccsv8\tools\compiler\ti-cgt-arm_18.1.1.LTS\lib\</path>
         <kind>archive</kind>
         <file>rtsv7M4_T_le_v4SPD16_eabi.lib</file>
         <name>memory.c.obj</name>
      </input_file>
      <input_file id="fl-125">
         <path>C:\ti\ccsv8\tools\compiler\ti-cgt-arm_18.1.1.LTS\lib\</path>
         <kind>archive</kind>
         <file>rtsv7M4_T_le_v4SPD16_eabi.lib</file>
         <name>fopen.c.obj</name>
      </input_file>
      <input_file id="fl-126">
         <path>C:\ti\ccsv8\tools\compiler\ti-cgt-arm_18.1.1.LTS\lib\</path>
         <kind>archive</kind>
         <file>rtsv7M4_T_le_v4SPD16_eabi.lib</file>
         <name>open.c.obj</name>
      </input_file>
      <input_file id="fl-127">
         <path>C:\ti\ccsv8\tools\compiler\ti-cgt-arm_18.1.1.LTS\lib\</path>
         <kind>archive</kind>
         <file>rtsv7M4_T_le_v4SPD16_eabi.lib</file>
         <name>fclose.c.obj</name>
      </input_file>
      <input_file id="fl-128">
         <path>C:\ti\ccsv8\tools\compiler\ti-cgt-arm_18.1.1.LTS\lib\</path>
         <kind>archive</kind>
         <file>rtsv7M4_T_le_v4SPD16_eabi.lib</file>
         <name>getdevice.c.obj</name>
      </input_file>
      <input_file id="fl-129">
         <path>C:\ti\ccsv8\tools\compiler\ti-cgt-arm_18.1.1.LTS\lib\</path>
         <kind>archive</kind>
         <file>rtsv7M4_T_le_v4SPD16_eabi.lib</file>
         <name>remove.c.obj</name>
      </input_file>
      <input_file id="fl-12a">
         <path>C:\ti\ccsv8\tools\compiler\ti-cgt-arm_18.1.1.LTS\lib\</path>
         <kind>archive</kind>
         <file>rtsv7M4_T_le_v4SPD16_eabi.lib</file>
         <name>strcmp.c.obj</name>
      </input_file>
      <input_file id="fl-12b">
         <path>C:\ti\ccsv8\tools\compiler\ti-cgt-arm_18.1.1.LTS\lib\</path>
         <kind>archive</kind>
         <file>rtsv7M4_T_le_v4SPD16_eabi.lib</file>
         <name>strncpy.c.obj</name>
      </input_file>
      <input_file id="fl-12c">
         <path>C:\ti\ccsv8\tools\compiler\ti-cgt-arm_18.1.1.LTS\lib\</path>
         <kind>archive</kind>
         <file>rtsv7M4_T_le_v4SPD16_eabi.lib</file>
         <name>unlink.c.obj</name>
      </input_file>
      <input_file id="fl-12d">
         <path>C:\ti\ccsv8\tools\compiler\ti-cgt-arm_18.1.1.LTS\lib\</path>
         <kind>archive</kind>
         <file>rtsv7M4_T_le_v4SPD16_eabi.lib</file>
         <name>close.c.obj</name>
      </input_file>
   </input_file_list>
   <object_component_list>
      <object_component id="oc-f">
         <name>.intvecs</name>
         <load_address>0x0</load_address>
         <run_address>0x0</run_address>
         <size>0x208</size>
         <input_file_ref idref="fl-7"/>
      </object_component>
      <object_component id="oc-225">
         <name>.text</name>
         <load_address>0x208</load_address>
         <run_address>0x208</run_address>
         <size>0x1e20</size>
         <input_file_ref idref="fl-1e"/>
      </object_component>
      <object_component id="oc-e5">
         <name>.text</name>
         <load_address>0x2028</load_address>
         <run_address>0x2028</run_address>
         <size>0x193c</size>
         <input_file_ref idref="fl-1c"/>
      </object_component>
      <object_component id="oc-8f">
         <name>.text</name>
         <load_address>0x3964</load_address>
         <run_address>0x3964</run_address>
         <size>0x182c</size>
         <input_file_ref idref="fl-13"/>
      </object_component>
      <object_component id="oc-b7">
         <name>.text</name>
         <load_address>0x5190</load_address>
         <run_address>0x5190</run_address>
         <size>0xfac</size>
         <input_file_ref idref="fl-1b"/>
      </object_component>
      <object_component id="oc-343">
         <name>.text</name>
         <load_address>0x613c</load_address>
         <run_address>0x613c</run_address>
         <size>0xddc</size>
         <input_file_ref idref="fl-1f"/>
      </object_component>
      <object_component id="oc-2e7">
         <name>.text:__TI_printfi</name>
         <load_address>0x6f18</load_address>
         <run_address>0x6f18</run_address>
         <size>0xa5e</size>
         <input_file_ref idref="fl-102"/>
      </object_component>
      <object_component id="oc-521">
         <name>.text:_nop</name>
         <load_address>0x7976</load_address>
         <run_address>0x7976</run_address>
         <size>0x2</size>
         <input_file_ref idref="fl-f6"/>
      </object_component>
      <object_component id="oc-ab">
         <name>.text</name>
         <load_address>0x7978</load_address>
         <run_address>0x7978</run_address>
         <size>0xa08</size>
         <input_file_ref idref="fl-12"/>
      </object_component>
      <object_component id="oc-21f">
         <name>.text</name>
         <load_address>0x8380</load_address>
         <run_address>0x8380</run_address>
         <size>0x6c8</size>
         <input_file_ref idref="fl-19"/>
      </object_component>
      <object_component id="oc-3c4">
         <name>.text</name>
         <load_address>0x8a48</load_address>
         <run_address>0x8a48</run_address>
         <size>0x59c</size>
         <input_file_ref idref="fl-5"/>
      </object_component>
      <object_component id="oc-1a4">
         <name>.text</name>
         <load_address>0x8fe4</load_address>
         <run_address>0x8fe4</run_address>
         <size>0x534</size>
         <input_file_ref idref="fl-14"/>
      </object_component>
      <object_component id="oc-213">
         <name>.text</name>
         <load_address>0x9518</load_address>
         <run_address>0x9518</run_address>
         <size>0x524</size>
         <input_file_ref idref="fl-18"/>
      </object_component>
      <object_component id="oc-a5">
         <name>.text</name>
         <load_address>0x9a3c</load_address>
         <run_address>0x9a3c</run_address>
         <size>0x49c</size>
         <input_file_ref idref="fl-8"/>
      </object_component>
      <object_component id="oc-38">
         <name>.text</name>
         <load_address>0x9ed8</load_address>
         <run_address>0x9ed8</run_address>
         <size>0x3e4</size>
         <input_file_ref idref="fl-22"/>
      </object_component>
      <object_component id="oc-46f">
         <name>.text</name>
         <load_address>0xa2bc</load_address>
         <run_address>0xa2bc</run_address>
         <size>0x3c8</size>
         <input_file_ref idref="fl-1a"/>
      </object_component>
      <object_component id="oc-333">
         <name>.text</name>
         <load_address>0xa684</load_address>
         <run_address>0xa684</run_address>
         <size>0x3ae</size>
         <input_file_ref idref="fl-10"/>
      </object_component>
      <object_component id="oc-442">
         <name>.text</name>
         <load_address>0xaa32</load_address>
         <run_address>0xaa32</run_address>
         <size>0x2</size>
         <input_file_ref idref="fl-fe"/>
      </object_component>
      <object_component id="oc-c9">
         <name>.text</name>
         <load_address>0xaa34</load_address>
         <run_address>0xaa34</run_address>
         <size>0x398</size>
         <input_file_ref idref="fl-a"/>
      </object_component>
      <object_component id="oc-349">
         <name>.text</name>
         <load_address>0xadcc</load_address>
         <run_address>0xadcc</run_address>
         <size>0x2c4</size>
         <input_file_ref idref="fl-1d"/>
      </object_component>
      <object_component id="oc-642">
         <name>.text</name>
         <load_address>0xb090</load_address>
         <run_address>0xb090</run_address>
         <size>0x2c0</size>
         <input_file_ref idref="fl-3"/>
      </object_component>
      <object_component id="oc-1b3">
         <name>.text</name>
         <load_address>0xb350</load_address>
         <run_address>0xb350</run_address>
         <size>0x2bc</size>
         <input_file_ref idref="fl-17"/>
      </object_component>
      <object_component id="oc-b1">
         <name>.text</name>
         <load_address>0xb60c</load_address>
         <run_address>0xb60c</run_address>
         <size>0x294</size>
         <input_file_ref idref="fl-21"/>
      </object_component>
      <object_component id="oc-4f9">
         <name>.text:_pconv_a</name>
         <load_address>0xb8a0</load_address>
         <run_address>0xb8a0</run_address>
         <size>0x270</size>
         <input_file_ref idref="fl-102"/>
      </object_component>
      <object_component id="oc-219">
         <name>.text</name>
         <load_address>0xbb10</load_address>
         <run_address>0xbb10</run_address>
         <size>0x208</size>
         <input_file_ref idref="fl-20"/>
      </object_component>
      <object_component id="oc-3a6">
         <name>.text:SysCtlClockFreqSet</name>
         <load_address>0xbd18</load_address>
         <run_address>0xbd18</run_address>
         <size>0x200</size>
         <input_file_ref idref="fl-31"/>
      </object_component>
      <object_component id="oc-175">
         <name>.text</name>
         <load_address>0xbf18</load_address>
         <run_address>0xbf18</run_address>
         <size>0x1f8</size>
         <input_file_ref idref="fl-2"/>
      </object_component>
      <object_component id="oc-4e7">
         <name>.text:_pconv_g</name>
         <load_address>0xc110</load_address>
         <run_address>0xc110</run_address>
         <size>0x1d0</size>
         <input_file_ref idref="fl-102"/>
      </object_component>
      <object_component id="oc-6e7">
         <name>.text</name>
         <load_address>0xc2e0</load_address>
         <run_address>0xc2e0</run_address>
         <size>0x1b6</size>
         <input_file_ref idref="fl-111"/>
      </object_component>
      <object_component id="oc-3e">
         <name>.text</name>
         <load_address>0xc498</load_address>
         <run_address>0xc498</run_address>
         <size>0x148</size>
         <input_file_ref idref="fl-d"/>
      </object_component>
      <object_component id="oc-3be">
         <name>.text</name>
         <load_address>0xc5e0</load_address>
         <run_address>0xc5e0</run_address>
         <size>0x140</size>
         <input_file_ref idref="fl-c"/>
      </object_component>
      <object_component id="oc-4f3">
         <name>.text:_pconv_e</name>
         <load_address>0xc720</load_address>
         <run_address>0xc720</run_address>
         <size>0x13c</size>
         <input_file_ref idref="fl-102"/>
      </object_component>
      <object_component id="oc-5cd">
         <name>.text</name>
         <load_address>0xc85c</load_address>
         <run_address>0xc85c</run_address>
         <size>0x136</size>
         <input_file_ref idref="fl-ea"/>
      </object_component>
      <object_component id="oc-374">
         <name>.text:GPIOPadConfigSet</name>
         <load_address>0xc992</load_address>
         <run_address>0xc992</run_address>
         <size>0x132</size>
         <input_file_ref idref="fl-2c"/>
      </object_component>
      <object_component id="oc-198">
         <name>.text</name>
         <load_address>0xcac4</load_address>
         <run_address>0xcac4</run_address>
         <size>0x12a</size>
         <input_file_ref idref="fl-11"/>
      </object_component>
      <object_component id="oc-32">
         <name>.text</name>
         <load_address>0xcbf0</load_address>
         <run_address>0xcbf0</run_address>
         <size>0x128</size>
         <input_file_ref idref="fl-15"/>
      </object_component>
      <object_component id="oc-6f9">
         <name>.text:fcvt</name>
         <load_address>0xcd18</load_address>
         <run_address>0xcd18</run_address>
         <size>0x120</size>
         <input_file_ref idref="fl-102"/>
      </object_component>
      <object_component id="oc-52f">
         <name>.text:fputs</name>
         <load_address>0xce38</load_address>
         <run_address>0xce38</run_address>
         <size>0x114</size>
         <input_file_ref idref="fl-107"/>
      </object_component>
      <object_component id="oc-70d">
         <name>.text:scalbn</name>
         <load_address>0xcf4c</load_address>
         <run_address>0xcf4c</run_address>
         <size>0x110</size>
         <input_file_ref idref="fl-10e"/>
      </object_component>
      <object_component id="oc-5c8">
         <name>.text</name>
         <load_address>0xd05c</load_address>
         <run_address>0xd05c</run_address>
         <size>0xfc</size>
         <input_file_ref idref="fl-eb"/>
      </object_component>
      <object_component id="oc-801">
         <name>.text:setvbuf</name>
         <load_address>0xd158</load_address>
         <run_address>0xd158</run_address>
         <size>0xdc</size>
         <input_file_ref idref="fl-11b"/>
      </object_component>
      <object_component id="oc-850">
         <name>.text:free</name>
         <load_address>0xd234</load_address>
         <run_address>0xd234</run_address>
         <size>0xd8</size>
         <input_file_ref idref="fl-124"/>
      </object_component>
      <object_component id="oc-3b2">
         <name>.text</name>
         <load_address>0xd30c</load_address>
         <run_address>0xd30c</run_address>
         <size>0xd4</size>
         <input_file_ref idref="fl-9"/>
      </object_component>
      <object_component id="oc-2d">
         <name>.text</name>
         <load_address>0xd3e0</load_address>
         <run_address>0xd3e0</run_address>
         <size>0xd2</size>
         <input_file_ref idref="fl-16"/>
      </object_component>
      <object_component id="oc-3b8">
         <name>.text</name>
         <load_address>0xd4b4</load_address>
         <run_address>0xd4b4</run_address>
         <size>0xd0</size>
         <input_file_ref idref="fl-e"/>
      </object_component>
      <object_component id="oc-4dc">
         <name>.text:_ltostr</name>
         <load_address>0xd584</load_address>
         <run_address>0xd584</run_address>
         <size>0xb1</size>
         <input_file_ref idref="fl-102"/>
      </object_component>
      <object_component id="oc-52">
         <name>.text</name>
         <load_address>0xd636</load_address>
         <run_address>0xd636</run_address>
         <size>0x9c</size>
         <input_file_ref idref="fl-ee"/>
      </object_component>
      <object_component id="oc-6cb">
         <name>.text</name>
         <load_address>0xd6d2</load_address>
         <run_address>0xd6d2</run_address>
         <size>0x96</size>
         <input_file_ref idref="fl-115"/>
      </object_component>
      <object_component id="oc-536">
         <name>.text:fputc</name>
         <load_address>0xd768</load_address>
         <run_address>0xd768</run_address>
         <size>0x8c</size>
         <input_file_ref idref="fl-106"/>
      </object_component>
      <object_component id="oc-4e2">
         <name>.text:__aeabi_cdcmple</name>
         <load_address>0xd7f4</load_address>
         <run_address>0xd7f4</run_address>
         <size>0x86</size>
         <input_file_ref idref="fl-112"/>
      </object_component>
      <object_component id="oc-6d2">
         <name>.text:__aeabi_cdrcmple</name>
         <load_address>0xd87a</load_address>
         <run_address>0xd87a</run_address>
         <size>0x86</size>
         <input_file_ref idref="fl-112"/>
      </object_component>
      <object_component id="oc-5a5">
         <name>.text:ADCSequenceStepConfigure</name>
         <load_address>0xd900</load_address>
         <run_address>0xd900</run_address>
         <size>0x7a</size>
         <input_file_ref idref="fl-29"/>
      </object_component>
      <object_component id="oc-169">
         <name>.text</name>
         <load_address>0xd97a</load_address>
         <run_address>0xd97a</run_address>
         <size>0x7a</size>
         <input_file_ref idref="fl-f0"/>
      </object_component>
      <object_component id="oc-2a2">
         <name>.text:EMACInit</name>
         <load_address>0xd9f4</load_address>
         <run_address>0xd9f4</run_address>
         <size>0x78</size>
         <input_file_ref idref="fl-2a"/>
      </object_component>
      <object_component id="oc-856">
         <name>.text:malloc</name>
         <load_address>0xda6c</load_address>
         <run_address>0xda6c</run_address>
         <size>0x78</size>
         <input_file_ref idref="fl-124"/>
      </object_component>
      <object_component id="oc-89b">
         <name>.text:__TI_closefile</name>
         <load_address>0xdae4</load_address>
         <run_address>0xdae4</run_address>
         <size>0x74</size>
         <input_file_ref idref="fl-127"/>
      </object_component>
      <object_component id="oc-6f2">
         <name>.text:_mcpy</name>
         <load_address>0xdb58</load_address>
         <run_address>0xdb58</run_address>
         <size>0x6e</size>
         <input_file_ref idref="fl-102"/>
      </object_component>
      <object_component id="oc-5d2">
         <name>.text</name>
         <load_address>0xdbc6</load_address>
         <run_address>0xdbc6</run_address>
         <size>0x6e</size>
         <input_file_ref idref="fl-ec"/>
      </object_component>
      <object_component id="oc-8bf">
         <name>.text:HOSTlseek</name>
         <load_address>0xdc34</load_address>
         <run_address>0xdc34</run_address>
         <size>0x68</size>
         <input_file_ref idref="fl-11d"/>
      </object_component>
      <object_component id="oc-8cb">
         <name>.text:HOSTrename</name>
         <load_address>0xdc9c</load_address>
         <run_address>0xdc9c</run_address>
         <size>0x68</size>
         <input_file_ref idref="fl-120"/>
      </object_component>
      <object_component id="oc-2cc">
         <name>.text:IntEnable</name>
         <load_address>0xdd04</load_address>
         <run_address>0xdd04</run_address>
         <size>0x68</size>
         <input_file_ref idref="fl-2d"/>
      </object_component>
      <object_component id="oc-12">
         <name>.text:decompress:lzss:__TI_decompress_lzss</name>
         <load_address>0xdd6c</load_address>
         <run_address>0xdd6c</run_address>
         <size>0x68</size>
         <input_file_ref idref="fl-f3"/>
      </object_component>
      <object_component id="oc-d5">
         <name>.text:printf</name>
         <load_address>0xddd4</load_address>
         <run_address>0xddd4</run_address>
         <size>0x68</size>
         <input_file_ref idref="fl-fa"/>
      </object_component>
      <object_component id="oc-707">
         <name>.text:frexp</name>
         <load_address>0xde3c</load_address>
         <run_address>0xde3c</run_address>
         <size>0x64</size>
         <input_file_ref idref="fl-10d"/>
      </object_component>
      <object_component id="oc-7fb">
         <name>.text:fseek</name>
         <load_address>0xdea0</load_address>
         <run_address>0xdea0</run_address>
         <size>0x64</size>
         <input_file_ref idref="fl-119"/>
      </object_component>
      <object_component id="oc-73e">
         <name>.text:__TI_wrt_ok</name>
         <load_address>0xdf04</load_address>
         <run_address>0xdf04</run_address>
         <size>0x62</size>
         <input_file_ref idref="fl-117"/>
      </object_component>
      <object_component id="oc-8a7">
         <name>.text:HOSTopen</name>
         <load_address>0xdf68</load_address>
         <run_address>0xdf68</run_address>
         <size>0x60</size>
         <input_file_ref idref="fl-11e"/>
      </object_component>
      <object_component id="oc-8da">
         <name>.text:close</name>
         <load_address>0xdfc8</load_address>
         <run_address>0xdfc8</run_address>
         <size>0x5c</size>
         <input_file_ref idref="fl-12d"/>
      </object_component>
      <object_component id="oc-296">
         <name>.text:EMACPHYConfigSet</name>
         <load_address>0xe024</load_address>
         <run_address>0xe024</run_address>
         <size>0x58</size>
         <input_file_ref idref="fl-2a"/>
      </object_component>
      <object_component id="oc-8b3">
         <name>.text:HOSTread</name>
         <load_address>0xe07c</load_address>
         <run_address>0xe07c</run_address>
         <size>0x58</size>
         <input_file_ref idref="fl-11f"/>
      </object_component>
      <object_component id="oc-8b9">
         <name>.text:HOSTwrite</name>
         <load_address>0xe0d4</load_address>
         <run_address>0xe0d4</run_address>
         <size>0x58</size>
         <input_file_ref idref="fl-122"/>
      </object_component>
      <object_component id="oc-3ac">
         <name>.text</name>
         <load_address>0xe12c</load_address>
         <run_address>0xe12c</run_address>
         <size>0x58</size>
         <input_file_ref idref="fl-b"/>
      </object_component>
      <object_component id="oc-4ed">
         <name>.text:_pconv_f</name>
         <load_address>0xe184</load_address>
         <run_address>0xe184</run_address>
         <size>0x56</size>
         <input_file_ref idref="fl-102"/>
      </object_component>
      <object_component id="oc-6dc">
         <name>.text:ltoa</name>
         <load_address>0xe1da</load_address>
         <run_address>0xe1da</run_address>
         <size>0x54</size>
         <input_file_ref idref="fl-108"/>
      </object_component>
      <object_component id="oc-6ec">
         <name>.text:_ecpy</name>
         <load_address>0xe22e</load_address>
         <run_address>0xe22e</run_address>
         <size>0x52</size>
         <input_file_ref idref="fl-102"/>
      </object_component>
      <object_component id="oc-59f">
         <name>.text:ADCSequenceConfigure</name>
         <load_address>0xe280</load_address>
         <run_address>0xe280</run_address>
         <size>0x50</size>
         <input_file_ref idref="fl-29"/>
      </object_component>
      <object_component id="oc-290">
         <name>.text:SysCtlPeripheralReset</name>
         <load_address>0xe2d0</load_address>
         <run_address>0xe2d0</run_address>
         <size>0x50</size>
         <input_file_ref idref="fl-31"/>
      </object_component>
      <object_component id="oc-74a">
         <name>.text:__TI_doflush</name>
         <load_address>0xe320</load_address>
         <run_address>0xe320</run_address>
         <size>0x4c</size>
         <input_file_ref idref="fl-118"/>
      </object_component>
      <object_component id="oc-4d6">
         <name>.text:atoi</name>
         <load_address>0xe36c</load_address>
         <run_address>0xe36c</run_address>
         <size>0x4c</size>
         <input_file_ref idref="fl-103"/>
      </object_component>
      <object_component id="oc-110">
         <name>.text:GPIOPinConfigure</name>
         <load_address>0xe3b8</load_address>
         <run_address>0xe3b8</run_address>
         <size>0x48</size>
         <input_file_ref idref="fl-2c"/>
      </object_component>
      <object_component id="oc-57c">
         <name>.text:_SysCtlFrequencyGet</name>
         <load_address>0xe400</load_address>
         <run_address>0xe400</run_address>
         <size>0x48</size>
         <input_file_ref idref="fl-31"/>
      </object_component>
      <object_component id="oc-3d2">
         <name>.text:exit</name>
         <load_address>0xe448</load_address>
         <run_address>0xe448</run_address>
         <size>0x48</size>
         <input_file_ref idref="fl-f5"/>
      </object_component>
      <object_component id="oc-6d7">
         <name>.text</name>
         <load_address>0xe490</load_address>
         <run_address>0xe490</run_address>
         <size>0x48</size>
         <input_file_ref idref="fl-113"/>
      </object_component>
      <object_component id="oc-11c">
         <name>.text:UARTConfigSetExpClk</name>
         <load_address>0xe4d8</load_address>
         <run_address>0xe4d8</run_address>
         <size>0x46</size>
         <input_file_ref idref="fl-32"/>
      </object_component>
      <object_component id="oc-8ad">
         <name>.text:HOSTclose</name>
         <load_address>0xe520</load_address>
         <run_address>0xe520</run_address>
         <size>0x44</size>
         <input_file_ref idref="fl-11c"/>
      </object_component>
      <object_component id="oc-8c5">
         <name>.text:HOSTunlink</name>
         <load_address>0xe564</load_address>
         <run_address>0xe564</run_address>
         <size>0x44</size>
         <input_file_ref idref="fl-121"/>
      </object_component>
      <object_component id="oc-3d8">
         <name>.text:__TI_auto_init_nobinit_nopinit:__TI_auto_init_nobinit_nopinit</name>
         <load_address>0xe5a8</load_address>
         <run_address>0xe5a8</run_address>
         <size>0x44</size>
         <input_file_ref idref="fl-ff"/>
      </object_component>
      <object_component id="oc-909">
         <name>.text:getdevice</name>
         <load_address>0xe5ec</load_address>
         <run_address>0xe5ec</run_address>
         <size>0x44</size>
         <input_file_ref idref="fl-128"/>
      </object_component>
      <object_component id="oc-383">
         <name>.text:_UARTIntNumberGet</name>
         <load_address>0xe630</load_address>
         <run_address>0xe630</run_address>
         <size>0x40</size>
         <input_file_ref idref="fl-32"/>
      </object_component>
      <object_component id="oc-1e8">
         <name>.text</name>
         <load_address>0xe670</load_address>
         <run_address>0xe670</run_address>
         <size>0x40</size>
         <input_file_ref idref="fl-e9"/>
      </object_component>
      <object_component id="oc-cf">
         <name>.text:sprintf</name>
         <load_address>0xe6b0</load_address>
         <run_address>0xe6b0</run_address>
         <size>0x40</size>
         <input_file_ref idref="fl-fb"/>
      </object_component>
      <object_component id="oc-6ff">
         <name>.text:_fcpy</name>
         <load_address>0xe6f0</load_address>
         <run_address>0xe6f0</run_address>
         <size>0x3e</size>
         <input_file_ref idref="fl-102"/>
      </object_component>
      <object_component id="oc-890">
         <name>.text:minsert</name>
         <load_address>0xe730</load_address>
         <run_address>0xe730</run_address>
         <size>0x3c</size>
         <input_file_ref idref="fl-124"/>
      </object_component>
      <object_component id="oc-2d2">
         <name>.text:EMACIntEnable</name>
         <load_address>0xe76c</load_address>
         <run_address>0xe76c</run_address>
         <size>0x3a</size>
         <input_file_ref idref="fl-2a"/>
      </object_component>
      <object_component id="oc-2a8">
         <name>.text:EMACConfigSet</name>
         <load_address>0xe7a8</load_address>
         <run_address>0xe7a8</run_address>
         <size>0x38</size>
         <input_file_ref idref="fl-2a"/>
      </object_component>
      <object_component id="oc-1d3">
         <name>.text:SysCtlPeripheralPresent</name>
         <load_address>0xe7e0</load_address>
         <run_address>0xe7e0</run_address>
         <size>0x38</size>
         <input_file_ref idref="fl-31"/>
      </object_component>
      <object_component id="oc-10a">
         <name>.text:SysCtlPeripheralReady</name>
         <load_address>0xe818</load_address>
         <run_address>0xe818</run_address>
         <size>0x38</size>
         <input_file_ref idref="fl-31"/>
      </object_component>
      <object_component id="oc-8eb">
         <name>.text:__TI_writemsg</name>
         <load_address>0xe850</load_address>
         <run_address>0xe850</run_address>
         <size>0x38</size>
         <input_file_ref idref="fl-123"/>
      </object_component>
      <object_component id="oc-70">
         <name>.text:_c_int00_noargs:_c_int00_noargs</name>
         <load_address>0xe888</load_address>
         <run_address>0xe888</run_address>
         <size>0x38</size>
         <input_file_ref idref="fl-f4"/>
      </object_component>
      <object_component id="oc-884">
         <name>.text:minit</name>
         <load_address>0xe8c0</load_address>
         <run_address>0xe8c0</run_address>
         <size>0x38</size>
         <input_file_ref idref="fl-124"/>
      </object_component>
      <object_component id="oc-63a">
         <name>.text</name>
         <load_address>0xe8f8</load_address>
         <run_address>0xe8f8</run_address>
         <size>0x38</size>
         <input_file_ref idref="fl-ed"/>
      </object_component>
      <object_component id="oc-929">
         <name>.text:strncpy</name>
         <load_address>0xe930</load_address>
         <run_address>0xe930</run_address>
         <size>0x36</size>
         <input_file_ref idref="fl-12b"/>
      </object_component>
      <object_component id="oc-c3">
         <name>.text:EMACIntClear</name>
         <load_address>0xe966</load_address>
         <run_address>0xe966</run_address>
         <size>0x34</size>
         <input_file_ref idref="fl-2a"/>
      </object_component>
      <object_component id="oc-389">
         <name>.text:IntRegister</name>
         <load_address>0xe99c</load_address>
         <run_address>0xe99c</run_address>
         <size>0x34</size>
         <input_file_ref idref="fl-2d"/>
      </object_component>
      <object_component id="oc-104">
         <name>.text:SysCtlPeripheralEnable</name>
         <load_address>0xe9d0</load_address>
         <run_address>0xe9d0</run_address>
         <size>0x34</size>
         <input_file_ref idref="fl-31"/>
      </object_component>
      <object_component id="oc-85c">
         <name>.text:__TI_cleanup</name>
         <load_address>0xea04</load_address>
         <run_address>0xea04</run_address>
         <size>0x34</size>
         <input_file_ref idref="fl-125"/>
      </object_component>
      <object_component id="oc-8f1">
         <name>.text:__TI_readmsg</name>
         <load_address>0xea38</load_address>
         <run_address>0xea38</run_address>
         <size>0x34</size>
         <input_file_ref idref="fl-123"/>
      </object_component>
      <object_component id="oc-2ae">
         <name>.text:EMACAddrSet</name>
         <load_address>0xea6c</load_address>
         <run_address>0xea6c</run_address>
         <size>0x30</size>
         <input_file_ref idref="fl-2a"/>
      </object_component>
      <object_component id="oc-92f">
         <name>.text:finddevice</name>
         <load_address>0xea9c</load_address>
         <run_address>0xea9c</run_address>
         <size>0x30</size>
         <input_file_ref idref="fl-128"/>
      </object_component>
      <object_component id="oc-5b7">
         <name>.text:ADCIntStatus</name>
         <load_address>0xeacc</load_address>
         <run_address>0xeacc</run_address>
         <size>0x2e</size>
         <input_file_ref idref="fl-29"/>
      </object_component>
      <object_component id="oc-6e2">
         <name>.text</name>
         <load_address>0xeafa</load_address>
         <run_address>0xeafa</run_address>
         <size>0x2e</size>
         <input_file_ref idref="fl-114"/>
      </object_component>
      <object_component id="oc-bd">
         <name>.text:EMACIntStatus</name>
         <load_address>0xeb28</load_address>
         <run_address>0xeb28</run_address>
         <size>0x2c</size>
         <input_file_ref idref="fl-2a"/>
      </object_component>
      <object_component id="oc-8e0">
         <name>.text:unlink</name>
         <load_address>0xeb54</load_address>
         <run_address>0xeb54</run_address>
         <size>0x2c</size>
         <input_file_ref idref="fl-12c"/>
      </object_component>
      <object_component id="oc-36e">
         <name>.text:GPIODirModeSet</name>
         <load_address>0xeb80</load_address>
         <run_address>0xeb80</run_address>
         <size>0x2a</size>
         <input_file_ref idref="fl-2c"/>
      </object_component>
      <object_component id="oc-848">
         <name>.text:lseek</name>
         <load_address>0xebac</load_address>
         <run_address>0xebac</run_address>
         <size>0x28</size>
         <input_file_ref idref="fl-11a"/>
      </object_component>
      <object_component id="oc-88a">
         <name>.text:mremove</name>
         <load_address>0xebd4</load_address>
         <run_address>0xebd4</run_address>
         <size>0x28</size>
         <input_file_ref idref="fl-124"/>
      </object_component>
      <object_component id="oc-750">
         <name>.text:write</name>
         <load_address>0xebfc</load_address>
         <run_address>0xebfc</run_address>
         <size>0x28</size>
         <input_file_ref idref="fl-10c"/>
      </object_component>
      <object_component id="oc-2c6">
         <name>.text:IntPrioritySet</name>
         <load_address>0xec24</load_address>
         <run_address>0xec24</run_address>
         <size>0x24</size>
         <input_file_ref idref="fl-2d"/>
      </object_component>
      <object_component id="oc-248">
         <name>.text:memcmp</name>
         <load_address>0xec48</load_address>
         <run_address>0xec48</run_address>
         <size>0x24</size>
         <input_file_ref idref="fl-f8"/>
      </object_component>
      <object_component id="oc-254">
         <name>.text:memmove</name>
         <load_address>0xec6c</load_address>
         <run_address>0xec6c</run_address>
         <size>0x24</size>
         <input_file_ref idref="fl-f9"/>
      </object_component>
      <object_component id="oc-609">
         <name>.text:PWMGenConfigure</name>
         <load_address>0xec90</load_address>
         <run_address>0xec90</run_address>
         <size>0x22</size>
         <input_file_ref idref="fl-2e"/>
      </object_component>
      <object_component id="oc-37b">
         <name>.text:UARTDisable</name>
         <load_address>0xecb4</load_address>
         <run_address>0xecb4</run_address>
         <size>0x20</size>
         <input_file_ref idref="fl-32"/>
      </object_component>
      <object_component id="oc-576">
         <name>.text:_SysCtlMemTimingGet</name>
         <load_address>0xecd4</load_address>
         <run_address>0xecd4</run_address>
         <size>0x20</size>
         <input_file_ref idref="fl-31"/>
      </object_component>
      <object_component id="oc-744">
         <name>.text:memchr</name>
         <load_address>0xecf4</load_address>
         <run_address>0xecf4</run_address>
         <size>0x20</size>
         <input_file_ref idref="fl-10a"/>
      </object_component>
      <object_component id="oc-5c3">
         <name>.text</name>
         <load_address>0xed14</load_address>
         <run_address>0xed14</run_address>
         <size>0x20</size>
         <input_file_ref idref="fl-ef"/>
      </object_component>
      <object_component id="oc-5bd">
         <name>.text:ADCSequenceDataGet</name>
         <load_address>0xed34</load_address>
         <run_address>0xed34</run_address>
         <size>0x1e</size>
         <input_file_ref idref="fl-29"/>
      </object_component>
      <object_component id="oc-61b">
         <name>.text:PWMPulseWidthSet</name>
         <load_address>0xed52</load_address>
         <run_address>0xed52</run_address>
         <size>0x1e</size>
         <input_file_ref idref="fl-2e"/>
      </object_component>
      <object_component id="oc-4ff">
         <name>.text:memccpy</name>
         <load_address>0xed70</load_address>
         <run_address>0xed70</run_address>
         <size>0x1c</size>
         <input_file_ref idref="fl-109"/>
      </object_component>
      <object_component id="oc-5b1">
         <name>.text:ADCProcessorTrigger</name>
         <load_address>0xed8c</load_address>
         <run_address>0xed8c</run_address>
         <size>0x18</size>
         <input_file_ref idref="fl-29"/>
      </object_component>
      <object_component id="oc-58c">
         <name>.text:GPIOPinTypeGPIOOutput</name>
         <load_address>0xeda4</load_address>
         <run_address>0xeda4</run_address>
         <size>0x18</size>
         <input_file_ref idref="fl-2c"/>
      </object_component>
      <object_component id="oc-122">
         <name>.text:UARTIntRegister</name>
         <load_address>0xedbc</load_address>
         <run_address>0xedbc</run_address>
         <size>0x18</size>
         <input_file_ref idref="fl-32"/>
      </object_component>
      <object_component id="oc-2ed">
         <name>.text:_outs</name>
         <load_address>0xedd4</load_address>
         <run_address>0xedd4</run_address>
         <size>0x18</size>
         <input_file_ref idref="fl-fb"/>
      </object_component>
      <object_component id="oc-944">
         <name>.text:strcmp</name>
         <load_address>0xedec</load_address>
         <run_address>0xedec</run_address>
         <size>0x18</size>
         <input_file_ref idref="fl-12a"/>
      </object_component>
      <object_component id="oc-29c">
         <name>.text:EMACReset</name>
         <load_address>0xee04</load_address>
         <run_address>0xee04</run_address>
         <size>0x16</size>
         <input_file_ref idref="fl-2a"/>
      </object_component>
      <object_component id="oc-2c0">
         <name>.text:EMACRxEnable</name>
         <load_address>0xee1a</load_address>
         <run_address>0xee1a</run_address>
         <size>0x16</size>
         <input_file_ref idref="fl-2a"/>
      </object_component>
      <object_component id="oc-2ba">
         <name>.text:EMACTxEnable</name>
         <load_address>0xee30</load_address>
         <run_address>0xee30</run_address>
         <size>0x16</size>
         <input_file_ref idref="fl-2a"/>
      </object_component>
      <object_component id="oc-713">
         <name>.text:strchr</name>
         <load_address>0xee46</load_address>
         <run_address>0xee46</run_address>
         <size>0x16</size>
         <input_file_ref idref="fl-10b"/>
      </object_component>
      <object_component id="oc-28a">
         <name>.text:FlashUserGet</name>
         <load_address>0xee5c</load_address>
         <run_address>0xee5c</run_address>
         <size>0x14</size>
         <input_file_ref idref="fl-2b"/>
      </object_component>
      <object_component id="oc-60f">
         <name>.text:PWMClockSet</name>
         <load_address>0xee70</load_address>
         <run_address>0xee70</run_address>
         <size>0x14</size>
         <input_file_ref idref="fl-2e"/>
      </object_component>
      <object_component id="oc-1d9">
         <name>.text:UARTEnable</name>
         <load_address>0xee84</load_address>
         <run_address>0xee84</run_address>
         <size>0x14</size>
         <input_file_ref idref="fl-32"/>
      </object_component>
      <object_component id="oc-7df">
         <name>.text:copysign</name>
         <load_address>0xee98</load_address>
         <run_address>0xee98</run_address>
         <size>0x14</size>
         <input_file_ref idref="fl-10f"/>
      </object_component>
      <object_component id="oc-6a3">
         <name>.text:strcpy</name>
         <load_address>0xeeac</load_address>
         <run_address>0xeeac</run_address>
         <size>0x14</size>
         <input_file_ref idref="fl-fc"/>
      </object_component>
      <object_component id="oc-4d0">
         <name>.text:strlen</name>
         <load_address>0xeec0</load_address>
         <run_address>0xeec0</run_address>
         <size>0x14</size>
         <input_file_ref idref="fl-fd"/>
      </object_component>
      <object_component id="oc-599">
         <name>.text:GPIOPinTypeADC</name>
         <load_address>0xeed4</load_address>
         <run_address>0xeed4</run_address>
         <size>0x12</size>
         <input_file_ref idref="fl-2c"/>
      </object_component>
      <object_component id="oc-603">
         <name>.text:GPIOPinTypePWM</name>
         <load_address>0xeee6</load_address>
         <run_address>0xeee6</run_address>
         <size>0x12</size>
         <input_file_ref idref="fl-2c"/>
      </object_component>
      <object_component id="oc-5d8">
         <name>.text:GPIOPinTypeQEI</name>
         <load_address>0xeef8</load_address>
         <run_address>0xeef8</run_address>
         <size>0x12</size>
         <input_file_ref idref="fl-2c"/>
      </object_component>
      <object_component id="oc-116">
         <name>.text:GPIOPinTypeUART</name>
         <load_address>0xef0a</load_address>
         <run_address>0xef0a</run_address>
         <size>0x12</size>
         <input_file_ref idref="fl-2c"/>
      </object_component>
      <object_component id="oc-633">
         <name>.text:PWMGenPeriodGet</name>
         <load_address>0xef1c</load_address>
         <run_address>0xef1c</run_address>
         <size>0x12</size>
         <input_file_ref idref="fl-2e"/>
      </object_component>
      <object_component id="oc-627">
         <name>.text:PWMOutputInvert</name>
         <load_address>0xef2e</load_address>
         <run_address>0xef2e</run_address>
         <size>0x12</size>
         <input_file_ref idref="fl-2e"/>
      </object_component>
      <object_component id="oc-62d">
         <name>.text:PWMOutputState</name>
         <load_address>0xef40</load_address>
         <run_address>0xef40</run_address>
         <size>0x12</size>
         <input_file_ref idref="fl-2e"/>
      </object_component>
      <object_component id="oc-505">
         <name>.text:wcslen</name>
         <load_address>0xef52</load_address>
         <run_address>0xef52</run_address>
         <size>0x12</size>
         <input_file_ref idref="fl-110"/>
      </object_component>
      <object_component id="oc-2b4">
         <name>.text:EMACFrameFilterSet</name>
         <load_address>0xef64</load_address>
         <run_address>0xef64</run_address>
         <size>0x10</size>
         <input_file_ref idref="fl-2a"/>
      </object_component>
      <object_component id="oc-615">
         <name>.text:PWMGenPeriodSet</name>
         <load_address>0xef74</load_address>
         <run_address>0xef74</run_address>
         <size>0x10</size>
         <input_file_ref idref="fl-2e"/>
      </object_component>
      <object_component id="oc-5ea">
         <name>.text:QEIVelocityConfigure</name>
         <load_address>0xef84</load_address>
         <run_address>0xef84</run_address>
         <size>0x10</size>
         <input_file_ref idref="fl-2f"/>
      </object_component>
      <object_component id="oc-5ab">
         <name>.text:ADCSequenceEnable</name>
         <load_address>0xef94</load_address>
         <run_address>0xef94</run_address>
         <size>0xe</size>
         <input_file_ref idref="fl-29"/>
      </object_component>
      <object_component id="oc-5de">
         <name>.text:QEIConfigure</name>
         <load_address>0xefa2</load_address>
         <run_address>0xefa2</run_address>
         <size>0xe</size>
         <input_file_ref idref="fl-2f"/>
      </object_component>
      <object_component id="oc-64e">
         <name>.text:UARTCharsAvail</name>
         <load_address>0xefb0</load_address>
         <run_address>0xefb0</run_address>
         <size>0xe</size>
         <input_file_ref idref="fl-32"/>
      </object_component>
      <object_component id="oc-18">
         <name>.text:decompress:none:__TI_decompress_none</name>
         <load_address>0xefbe</load_address>
         <run_address>0xefbe</run_address>
         <size>0xe</size>
         <input_file_ref idref="fl-f2"/>
      </object_component>
      <object_component id="oc-621">
         <name>.text:PWMGenEnable</name>
         <load_address>0xefcc</load_address>
         <run_address>0xefcc</run_address>
         <size>0xc</size>
         <input_file_ref idref="fl-2e"/>
      </object_component>
      <object_component id="oc-64">
         <name>.text:decompress:ZI:__TI_zero_init</name>
         <load_address>0xefd8</load_address>
         <run_address>0xefd8</run_address>
         <size>0xc</size>
         <input_file_ref idref="fl-f1"/>
      </object_component>
      <object_component id="oc-27">
         <name>.text</name>
         <load_address>0xefe4</load_address>
         <run_address>0xefe4</run_address>
         <size>0xc</size>
         <input_file_ref idref="fl-7"/>
      </object_component>
      <object_component id="oc-5e4">
         <name>.text:QEIEnable</name>
         <load_address>0xeff0</load_address>
         <run_address>0xeff0</run_address>
         <size>0xa</size>
         <input_file_ref idref="fl-2f"/>
      </object_component>
      <object_component id="oc-5f0">
         <name>.text:QEIVelocityEnable</name>
         <load_address>0xeffa</load_address>
         <run_address>0xeffa</run_address>
         <size>0xa</size>
         <input_file_ref idref="fl-2f"/>
      </object_component>
      <object_component id="oc-134">
         <name>.text:UARTCharGet</name>
         <load_address>0xf004</load_address>
         <run_address>0xf004</run_address>
         <size>0xa</size>
         <input_file_ref idref="fl-32"/>
      </object_component>
      <object_component id="oc-12e">
         <name>.text:UARTCharPut</name>
         <load_address>0xf00e</load_address>
         <run_address>0xf00e</run_address>
         <size>0xa</size>
         <input_file_ref idref="fl-32"/>
      </object_component>
      <object_component id="oc-648">
         <name>.text:UARTIntDisable</name>
         <load_address>0xf018</load_address>
         <run_address>0xf018</run_address>
         <size>0xa</size>
         <input_file_ref idref="fl-32"/>
      </object_component>
      <object_component id="oc-2f3">
         <name>.text:_outc</name>
         <load_address>0xf022</load_address>
         <run_address>0xf022</run_address>
         <size>0xa</size>
         <input_file_ref idref="fl-fb"/>
      </object_component>
      <object_component id="oc-278">
         <name>.text:EMACTxDMAPollDemand</name>
         <load_address>0xf02c</load_address>
         <run_address>0xf02c</run_address>
         <size>0x8</size>
         <input_file_ref idref="fl-2a"/>
      </object_component>
      <object_component id="oc-128">
         <name>.text:UARTIntEnable</name>
         <load_address>0xf034</load_address>
         <run_address>0xf034</run_address>
         <size>0x8</size>
         <input_file_ref idref="fl-32"/>
      </object_component>
      <object_component id="oc-50b">
         <name>.text:__aeabi_errno_addr</name>
         <load_address>0xf03c</load_address>
         <run_address>0xf03c</run_address>
         <size>0x8</size>
         <input_file_ref idref="fl-116"/>
      </object_component>
      <object_component id="oc-27e">
         <name>.text:EMACRxDMADescriptorListSet</name>
         <load_address>0xf044</load_address>
         <run_address>0xf044</run_address>
         <size>0x6</size>
         <input_file_ref idref="fl-2a"/>
      </object_component>
      <object_component id="oc-284">
         <name>.text:EMACTxDMADescriptorListSet</name>
         <load_address>0xf04a</load_address>
         <run_address>0xf04a</run_address>
         <size>0x6</size>
         <input_file_ref idref="fl-2a"/>
      </object_component>
      <object_component id="oc-592">
         <name>.text:GPIOPinWrite</name>
         <load_address>0xf050</load_address>
         <run_address>0xf050</run_address>
         <size>0x6</size>
         <input_file_ref idref="fl-2c"/>
      </object_component>
      <object_component id="oc-4ba">
         <name>.text:SysCtlDelay</name>
         <load_address>0xf056</load_address>
         <run_address>0xf056</run_address>
         <size>0x6</size>
         <input_file_ref idref="fl-31"/>
      </object_component>
      <object_component id="oc-5f6">
         <name>.text:QEIPositionGet</name>
         <load_address>0xf05c</load_address>
         <run_address>0xf05c</run_address>
         <size>0x4</size>
         <input_file_ref idref="fl-2f"/>
      </object_component>
      <object_component id="oc-5fc">
         <name>.text:QEIVelocityGet</name>
         <load_address>0xf060</load_address>
         <run_address>0xf060</run_address>
         <size>0x4</size>
         <input_file_ref idref="fl-2f"/>
      </object_component>
      <object_component id="oc-13a">
         <name>.text:UARTIntClear</name>
         <load_address>0xf064</load_address>
         <run_address>0xf064</run_address>
         <size>0x4</size>
         <input_file_ref idref="fl-32"/>
      </object_component>
      <object_component id="oc-307">
         <name>.text:_outc</name>
         <load_address>0xf068</load_address>
         <run_address>0xf068</run_address>
         <size>0x4</size>
         <input_file_ref idref="fl-fa"/>
      </object_component>
      <object_component id="oc-301">
         <name>.text:_outs</name>
         <load_address>0xf06c</load_address>
         <run_address>0xf06c</run_address>
         <size>0x4</size>
         <input_file_ref idref="fl-fa"/>
      </object_component>
      <object_component id="oc-16f">
         <name>.text:_system_pre_init</name>
         <load_address>0xf070</load_address>
         <run_address>0xf070</run_address>
         <size>0x4</size>
         <input_file_ref idref="fl-100"/>
      </object_component>
      <object_component id="oc-3cc">
         <name>.text:abort:abort</name>
         <load_address>0xf074</load_address>
         <run_address>0xf074</run_address>
         <size>0x4</size>
         <input_file_ref idref="fl-f5"/>
      </object_component>
      <object_component id="oc-585">
         <name>.const:g_pppui32XTALtoVCO</name>
         <load_address>0xf078</load_address>
         <run_address>0xf078</run_address>
         <size>0x1b0</size>
         <input_file_ref idref="fl-31"/>
      </object_component>
      <object_component id="oc-6c6">
         <name>.const:.string:_ctypes_</name>
         <load_address>0xf228</load_address>
         <run_address>0xf228</run_address>
         <size>0x101</size>
         <input_file_ref idref="fl-104"/>
      </object_component>
      <object_component id="oc-4c6">
         <name>.const:g_pui32Regs</name>
         <load_address>0xf32c</load_address>
         <run_address>0xf32c</run_address>
         <size>0x9c</size>
         <input_file_ref idref="fl-2d"/>
      </object_component>
      <object_component id="oc-369">
         <name>.const:g_pui32GPIOBaseAddrs</name>
         <load_address>0xf3c8</load_address>
         <run_address>0xf3c8</run_address>
         <size>0x90</size>
         <input_file_ref idref="fl-2c"/>
      </object_component>
      <object_component id="oc-4cb">
         <name>.const</name>
         <load_address>0xf458</load_address>
         <run_address>0xf458</run_address>
         <size>0x70</size>
         <input_file_ref idref="fl-2d"/>
      </object_component>
      <object_component id="oc-582">
         <name>.const:g_pui32Xtals</name>
         <load_address>0xf4c8</load_address>
         <run_address>0xf4c8</run_address>
         <size>0x6c</size>
         <input_file_ref idref="fl-31"/>
      </object_component>
      <object_component id="oc-81e">
         <name>.const:.string</name>
         <load_address>0xf534</load_address>
         <run_address>0xf534</run_address>
         <size>0x46</size>
         <input_file_ref idref="fl-3"/>
      </object_component>
      <object_component id="oc-56b">
         <name>.const:g_ppui32UARTIntMap</name>
         <load_address>0xf57c</load_address>
         <run_address>0xf57c</run_address>
         <size>0x40</size>
         <input_file_ref idref="fl-32"/>
      </object_component>
      <object_component id="oc-56e">
         <name>.const:g_ppui32UARTIntMapSnowflake</name>
         <load_address>0xf5bc</load_address>
         <run_address>0xf5bc</run_address>
         <size>0x40</size>
         <input_file_ref idref="fl-32"/>
      </object_component>
      <object_component id="oc-766">
         <name>.const:g_sXTALtoMEMTIM</name>
         <load_address>0xf5fc</load_address>
         <run_address>0xf5fc</run_address>
         <size>0x30</size>
         <input_file_ref idref="fl-31"/>
      </object_component>
      <object_component id="oc-465">
         <name>.const:.string:xDefaultPartARPPacketHeader</name>
         <load_address>0xf62c</load_address>
         <run_address>0xf62c</run_address>
         <size>0x26</size>
         <input_file_ref idref="fl-18"/>
      </object_component>
      <object_component id="oc-47a">
         <name>.const:.string:ucDHCPRequestOptions$1</name>
         <load_address>0xf652</load_address>
         <run_address>0xf652</run_address>
         <size>0x18</size>
         <input_file_ref idref="fl-19"/>
      </object_component>
      <object_component id="oc-4bd">
         <name>.const</name>
         <load_address>0xf66c</load_address>
         <run_address>0xf66c</run_address>
         <size>0x18</size>
         <input_file_ref idref="fl-2a"/>
      </object_component>
      <object_component id="oc-448">
         <name>.const:.string</name>
         <load_address>0xf684</load_address>
         <run_address>0xf684</run_address>
         <size>0x12</size>
         <input_file_ref idref="fl-8"/>
      </object_component>
      <object_component id="oc-47b">
         <name>.const:.string:ucDHCPDiscoverOptions$2</name>
         <load_address>0xf696</load_address>
         <run_address>0xf696</run_address>
         <size>0x11</size>
         <input_file_ref idref="fl-19"/>
      </object_component>
      <object_component id="oc-1e5">
         <name>.const:g_ui32UARTBase</name>
         <load_address>0xf6a8</load_address>
         <run_address>0xf6a8</run_address>
         <size>0xc</size>
         <input_file_ref idref="fl-8"/>
      </object_component>
      <object_component id="oc-1df">
         <name>.const:g_ui32UARTPeriph</name>
         <load_address>0xf6b4</load_address>
         <run_address>0xf6b4</run_address>
         <size>0xc</size>
         <input_file_ref idref="fl-8"/>
      </object_component>
      <object_component id="oc-6ab">
         <name>.const:xDefaultPartDNSHeader$3</name>
         <load_address>0xf6c0</load_address>
         <run_address>0xf6c0</run_address>
         <size>0xc</size>
         <input_file_ref idref="fl-1a"/>
      </object_component>
      <object_component id="oc-340">
         <name>.const:$P$T0$1</name>
         <load_address>0xf6cc</load_address>
[...]
         <name>SysCtlClockFreqSet</name>
         <value>0xbd19</value>
         <object_component_ref idref="oc-3a6"/>
      </symbol>
      <symbol id="sm-11e1">
         <name>SysCtlPeripheralReset</name>
         <value>0xe2d1</value>
         <object_component_ref idref="oc-290"/>
      </symbol>
      <symbol id="sm-125b">
         <name>UARTConfigSetExpClk</name>
         <value>0xe4d9</value>
         <object_component_ref idref="oc-11c"/>
      </symbol>
      <symbol id="sm-125c">
         <name>UARTDisable</name>
         <value>0xecb5</value>
         <object_component_ref idref="oc-37b"/>
      </symbol>
      <symbol id="sm-125d">
         <name>UARTIntEnable</name>
         <value>0xf035</value>
         <object_component_ref idref="oc-128"/>
      </symbol>
      <symbol id="sm-125e">
         <name>UARTCharsAvail</name>
         <value>0xefb1</value>
         <object_component_ref idref="oc-64e"/>
      </symbol>
      <symbol id="sm-125f">
         <name>UARTIntDisable</name>
         <value>0xf019</value>
         <object_component_ref idref="oc-648"/>
      </symbol>
      <symbol id="sm-1260">
         <name>UARTCharPut</name>
         <value>0xf00f</value>
         <object_component_ref idref="oc-12e"/>
      </symbol>
      <symbol id="sm-1261">
         <name>UARTEnable</name>
         <value>0xee85</value>
         <object_component_ref idref="oc-1d9"/>
      </symbol>
      <symbol id="sm-1262">
         <name>UARTIntClear</name>
         <value>0xf065</value>
         <object_component_ref idref="oc-13a"/>
      </symbol>
      <symbol id="sm-1263">
         <name>UARTCharGet</name>
         <value>0xf005</value>
         <object_component_ref idref="oc-134"/>
      </symbol>
      <symbol id="sm-1264">
         <name>UARTIntRegister</name>
         <value>0xedbd</value>
         <object_component_ref idref="oc-122"/>
      </symbol>
      <symbol id="sm-1274">
         <name>__aeabi_uidivmod</name>
         <value>0xe671</value>
         <object_component_ref idref="oc-1e8"/>
      </symbol>
      <symbol id="sm-1275">
         <name>__aeabi_uidiv</name>
         <value>0xe671</value>
         <object_component_ref idref="oc-1e8"/>
      </symbol>
      <symbol id="sm-1289">
         <name>__aeabi_ddiv</name>
         <value>0xc85d</value>
         <object_component_ref idref="oc-5cd"/>
      </symbol>
      <symbol id="sm-1294">
         <name>__aeabi_dmul</name>
         <value>0xd05d</value>
         <object_component_ref idref="oc-5c8"/>
      </symbol>
      <symbol id="sm-12a0">
         <name>__aeabi_d2f</name>
         <value>0xdbc7</value>
         <object_component_ref idref="oc-5d2"/>
      </symbol>
      <symbol id="sm-12ab">
         <name>__aeabi_f2d</name>
         <value>0xe8f9</value>
         <object_component_ref idref="oc-63a"/>
      </symbol>
      <symbol id="sm-12c6">
         <name>memcpy</name>
         <value>0xd637</value>
         <object_component_ref idref="oc-52"/>
      </symbol>
      <symbol id="sm-12c7">
         <name>__aeabi_memcpy</name>
         <value>0xd637</value>
         <object_component_ref idref="oc-52"/>
      </symbol>
      <symbol id="sm-12c8">
         <name>__aeabi_memcpy8</name>
         <value>0xd637</value>
         <object_component_ref idref="oc-52"/>
      </symbol>
      <symbol id="sm-12c9">
         <name>__aeabi_memcpy4</name>
         <value>0xd637</value>
         <object_component_ref idref="oc-52"/>
      </symbol>
      <symbol id="sm-12d3">
         <name>__aeabi_ui2d</name>
         <value>0xed15</value>
         <object_component_ref idref="oc-5c3"/>
      </symbol>
      <symbol id="sm-12e2">
         <name>__aeabi_memset</name>
         <value>0xd97d</value>
         <object_component_ref idref="oc-169"/>
      </symbol>
      <symbol id="sm-12e3">
         <name>memset</name>
         <value>0xd983</value>
         <object_component_ref idref="oc-169"/>
      </symbol>
      <symbol id="sm-12e4">
         <name>__aeabi_memset8</name>
         <value>0xd97d</value>
         <object_component_ref idref="oc-169"/>
      </symbol>
      <symbol id="sm-12e5">
         <name>__aeabi_memset4</name>
         <value>0xd97d</value>
         <object_component_ref idref="oc-169"/>
      </symbol>
      <symbol id="sm-12e6">
         <name>__aeabi_memclr8</name>
         <value>0xd97b</value>
         <object_component_ref idref="oc-169"/>
      </symbol>
      <symbol id="sm-12e7">
         <name>__aeabi_memclr4</name>
         <value>0xd97b</value>
         <object_component_ref idref="oc-169"/>
      </symbol>
      <symbol id="sm-12e8">
         <name>__aeabi_memclr</name>
         <value>0xd97b</value>
         <object_component_ref idref="oc-169"/>
      </symbol>
      <symbol id="sm-12ff">
         <name>__TI_zero_init</name>
         <value>0xefd9</value>
         <object_component_ref idref="oc-64"/>
      </symbol>
      <symbol id="sm-1316">
         <name>__TI_decompress_none</name>
         <value>0xefbf</value>
         <object_component_ref idref="oc-18"/>
      </symbol>
      <symbol id="sm-1339">
         <name>__TI_decompress_lzss</name>
         <value>0xdd6d</value>
         <object_component_ref idref="oc-12"/>
      </symbol>
      <symbol id="sm-134c">
         <name>__stack</name>
         <value>0x20009120</value>
         <object_component_ref idref="oc-21"/>
      </symbol>
      <symbol id="sm-134d">
         <name>_c_int00_noargs</name>
         <value>0xe889</value>
         <object_component_ref idref="oc-70"/>
      </symbol>
      <symbol id="sm-1373">
         <name>C$$EXIT</name>
         <value>0xf075</value>
         <object_component_ref idref="oc-3cc"/>
      </symbol>
      <symbol id="sm-1374">
         <name>abort</name>
         <value>0xf075</value>
         <object_component_ref idref="oc-3cc"/>
      </symbol>
      <symbol id="sm-1375">
         <name>__TI_dtors_ptr</name>
         <value>0x20009bbc</value>
         <object_component_ref idref="oc-65e"/>
      </symbol>
      <symbol id="sm-1376">
         <name>__TI_cleanup_ptr</name>
         <value>0x20009bb8</value>
         <object_component_ref idref="oc-65e"/>
      </symbol>
      <symbol id="sm-1377">
         <name>__TI_enable_exit_profile_output</name>
         <value>0x20009bc0</value>
         <object_component_ref idref="oc-65e"/>
      </symbol>
      <symbol id="sm-1378">
         <name>exit</name>
         <value>0xe449</value>
         <object_component_ref idref="oc-3d2"/>
      </symbol>
      <symbol id="sm-138d">
         <name>_nop</name>
         <value>0x7977</value>
         <object_component_ref idref="oc-521"/>
      </symbol>
      <symbol id="sm-138e">
         <name>_lock</name>
         <value>0x20009bd0</value>
         <object_component_ref idref="oc-2fb"/>
      </symbol>
      <symbol id="sm-138f">
         <name>_unlock</name>
         <value>0x20009bd4</value>
         <object_component_ref idref="oc-2fb"/>
      </symbol>
      <symbol id="sm-13a0">
         <name>memcmp</name>
         <value>0xec49</value>
         <object_component_ref idref="oc-248"/>
      </symbol>
      <symbol id="sm-13b0">
         <name>memmove</name>
         <value>0xec6d</value>
         <object_component_ref idref="oc-254"/>
      </symbol>
      <symbol id="sm-13dc">
         <name>printf</name>
         <value>0xddd5</value>
         <object_component_ref idref="oc-d5"/>
      </symbol>
      <symbol id="sm-1403">
         <name>sprintf</name>
         <value>0xe6b1</value>
         <object_component_ref idref="oc-cf"/>
      </symbol>
      <symbol id="sm-1411">
         <name>strcpy</name>
         <value>0xeead</value>
         <object_component_ref idref="oc-6a3"/>
      </symbol>
      <symbol id="sm-141f">
         <name>strlen</name>
         <value>0xeec1</value>
         <object_component_ref idref="oc-4d0"/>
      </symbol>
      <symbol id="sm-1429">
         <name>__aeabi_idiv0</name>
         <value>0xaa33</value>
         <object_component_ref idref="oc-442"/>
      </symbol>
      <symbol id="sm-142a">
         <name>__aeabi_ldiv0</name>
         <value>0xaa33</value>
         <object_component_ref idref="oc-442"/>
      </symbol>
      <symbol id="sm-1452">
         <name>__TI_auto_init_nobinit_nopinit</name>
         <value>0xe5a9</value>
         <object_component_ref idref="oc-3d8"/>
      </symbol>
      <symbol id="sm-145c">
         <name>_system_pre_init</name>
         <value>0xf071</value>
         <object_component_ref idref="oc-16f"/>
      </symbol>
      <symbol id="sm-15c2">
         <name>__TI_printfi</name>
         <value>0x6f19</value>
         <object_component_ref idref="oc-2e7"/>
      </symbol>
      <symbol id="sm-15d8">
         <name>atoi</name>
         <value>0xe36d</value>
         <object_component_ref idref="oc-4d6"/>
      </symbol>
      <symbol id="sm-15e3">
         <name>_ctypes_</name>
         <value>0xf228</value>
         <object_component_ref idref="oc-6c6"/>
      </symbol>
      <symbol id="sm-15f8">
         <name>__TI_tmpnams</name>
         <value>0x20008d64</value>
      </symbol>
      <symbol id="sm-15f9">
         <name>__aeabi_stdout</name>
         <value>0x20009bb0</value>
         <object_component_ref idref="oc-8a1"/>
      </symbol>
      <symbol id="sm-15fa">
         <name>__aeabi_stderr</name>
         <value>0x20009bb4</value>
         <object_component_ref idref="oc-8a1"/>
      </symbol>
      <symbol id="sm-15fb">
         <name>__aeabi_stdin</name>
         <value>0x20009bac</value>
         <object_component_ref idref="oc-8a1"/>
      </symbol>
      <symbol id="sm-15fc">
         <name>_ftable</name>
         <value>0x20009920</value>
         <object_component_ref idref="oc-2fe"/>
      </symbol>
      <symbol id="sm-15fd">
         <name>__TI_ft_end</name>
         <value>0x20009ba8</value>
         <object_component_ref idref="oc-8a1"/>
      </symbol>
      <symbol id="sm-1612">
         <name>putc</name>
         <value>0xd769</value>
         <object_component_ref idref="oc-536"/>
      </symbol>
      <symbol id="sm-1613">
         <name>fputc</name>
         <value>0xd769</value>
         <object_component_ref idref="oc-536"/>
      </symbol>
      <symbol id="sm-1631">
         <name>fputs</name>
         <value>0xce39</value>
         <object_component_ref idref="oc-52f"/>
      </symbol>
      <symbol id="sm-1640">
         <name>ltoa</name>
         <value>0xe1db</value>
         <object_component_ref idref="oc-6dc"/>
      </symbol>
      <symbol id="sm-1650">
         <name>memccpy</name>
         <value>0xed71</value>
         <object_component_ref idref="oc-4ff"/>
      </symbol>
      <symbol id="sm-1660">
         <name>memchr</name>
         <value>0xecf5</value>
         <object_component_ref idref="oc-744"/>
      </symbol>
      <symbol id="sm-1670">
         <name>strchr</name>
         <value>0xee47</value>
         <object_component_ref idref="oc-713"/>
      </symbol>
      <symbol id="sm-1696">
         <name>_stream</name>
         <value>0x20009a88</value>
         <object_component_ref idref="oc-80d"/>
      </symbol>
      <symbol id="sm-1697">
         <name>_device</name>
         <value>0x20009a10</value>
         <object_component_ref idref="oc-86f"/>
      </symbol>
      <symbol id="sm-1698">
         <name>write</name>
         <value>0xebfd</value>
         <object_component_ref idref="oc-750"/>
      </symbol>
      <symbol id="sm-16b8">
         <name>frexpl</name>
         <value>0xde3d</value>
         <object_component_ref idref="oc-707"/>
      </symbol>
      <symbol id="sm-16b9">
         <name>frexp</name>
         <value>0xde3d</value>
         <object_component_ref idref="oc-707"/>
      </symbol>
      <symbol id="sm-16d6">
         <name>scalbn</name>
         <value>0xcf4d</value>
         <object_component_ref idref="oc-70d"/>
      </symbol>
      <symbol id="sm-16d7">
         <name>scalbnl</name>
         <value>0xcf4d</value>
         <object_component_ref idref="oc-70d"/>
      </symbol>
      <symbol id="sm-16d8">
         <name>ldexpl</name>
         <value>0xcf4d</value>
         <object_component_ref idref="oc-70d"/>
      </symbol>
      <symbol id="sm-16d9">
         <name>ldexp</name>
         <value>0xcf4d</value>
         <object_component_ref idref="oc-70d"/>
      </symbol>
      <symbol id="sm-16e3">
         <name>copysign</name>
         <value>0xee99</value>
         <object_component_ref idref="oc-7df"/>
      </symbol>
      <symbol id="sm-16e4">
         <name>copysignl</name>
         <value>0xee99</value>
         <object_component_ref idref="oc-7df"/>
      </symbol>
      <symbol id="sm-16fd">
         <name>wcslen</name>
         <value>0xef53</value>
         <object_component_ref idref="oc-505"/>
      </symbol>
      <symbol id="sm-1714">
         <name>__aeabi_dsub</name>
         <value>0xc2e1</value>
         <object_component_ref idref="oc-6e7"/>
      </symbol>
      <symbol id="sm-1715">
         <name>__aeabi_dadd</name>
         <value>0xc2eb</value>
         <object_component_ref idref="oc-6e7"/>
      </symbol>
      <symbol id="sm-1737">
         <name>__aeabi_cdcmpeq</name>
         <value>0xd7f5</value>
         <object_component_ref idref="oc-4e2"/>
      </symbol>
      <symbol id="sm-1738">
         <name>__aeabi_cdcmple</name>
         <value>0xd7f5</value>
         <object_component_ref idref="oc-4e2"/>
      </symbol>
      <symbol id="sm-1739">
         <name>__aeabi_cdrcmple</name>
         <value>0xd87b</value>
         <object_component_ref idref="oc-6d2"/>
      </symbol>
      <symbol id="sm-1743">
         <name>__aeabi_d2iz</name>
         <value>0xe491</value>
         <object_component_ref idref="oc-6d7"/>
      </symbol>
      <symbol id="sm-174d">
         <name>__aeabi_i2d</name>
         <value>0xeafb</value>
         <object_component_ref idref="oc-6e2"/>
      </symbol>
      <symbol id="sm-175a">
         <name>__aeabi_uldivmod</name>
         <value>0xd6d3</value>
         <object_component_ref idref="oc-6cb"/>
      </symbol>
      <symbol id="sm-1770">
         <name>__aeabi_errno_addr</name>
         <value>0xf03d</value>
         <object_component_ref idref="oc-50b"/>
      </symbol>
      <symbol id="sm-1771">
         <name>errno</name>
         <value>0x20009c14</value>
         <object_component_ref idref="oc-723"/>
      </symbol>
      <symbol id="sm-1789">
         <name>__TI_wrt_ok</name>
         <value>0xdf05</value>
         <object_component_ref idref="oc-73e"/>
      </symbol>
      <symbol id="sm-1799">
         <name>__TI_doflush</name>
         <value>0xe321</value>
         <object_component_ref idref="oc-74a"/>
      </symbol>
      <symbol id="sm-17ab">
         <name>fseek</name>
         <value>0xdea1</value>
         <object_component_ref idref="oc-7fb"/>
      </symbol>
      <symbol id="sm-17bb">
         <name>lseek</name>
         <value>0xebad</value>
         <object_component_ref idref="oc-848"/>
      </symbol>
      <symbol id="sm-17d7">
         <name>setvbuf</name>
         <value>0xd159</value>
         <object_component_ref idref="oc-801"/>
      </symbol>
      <symbol id="sm-17e8">
         <name>HOSTclose</name>
         <value>0xe521</value>
         <object_component_ref idref="oc-8ad"/>
      </symbol>
      <symbol id="sm-17f9">
         <name>HOSTlseek</name>
         <value>0xdc35</value>
         <object_component_ref idref="oc-8bf"/>
      </symbol>
      <symbol id="sm-180b">
         <name>parmbuf</name>
         <value>0x200090d0</value>
      </symbol>
      <symbol id="sm-180c">
         <name>HOSTopen</name>
         <value>0xdf69</value>
         <object_component_ref idref="oc-8a7"/>
      </symbol>
      <symbol id="sm-181d">
         <name>HOSTread</name>
         <value>0xe07d</value>
         <object_component_ref idref="oc-8b3"/>
      </symbol>
      <symbol id="sm-182e">
         <name>HOSTrename</name>
         <value>0xdc9d</value>
         <object_component_ref idref="oc-8cb"/>
      </symbol>
      <symbol id="sm-183f">
         <name>HOSTunlink</name>
         <value>0xe565</value>
         <object_component_ref idref="oc-8c5"/>
      </symbol>
      <symbol id="sm-1850">
         <name>HOSTwrite</name>
         <value>0xe0d5</value>
         <object_component_ref idref="oc-8b9"/>
      </symbol>
      <symbol id="sm-1874">
         <name>__TI_readmsg</name>
         <value>0xea39</value>
         <object_component_ref idref="oc-8f1"/>
      </symbol>
      <symbol id="sm-1875">
         <name>C$$IO$$</name>
         <value>0xe87f</value>
         <object_component_ref idref="oc-8eb"/>
      </symbol>
      <symbol id="sm-1876">
         <name>__CIOBUF_</name>
         <value>0x20008c44</value>
         <object_component_ref idref="oc-913"/>
      </symbol>
      <symbol id="sm-1877">
         <name>__TI_writemsg</name>
         <value>0xe851</value>
         <object_component_ref idref="oc-8eb"/>
      </symbol>
      <symbol id="sm-18f2">
         <name>_sys_memory</name>
         <value>0x20009c20</value>
         <object_component_ref idref="oc-24"/>
      </symbol>
      <symbol id="sm-18f3">
         <name>free</name>
         <value>0xd235</value>
         <object_component_ref idref="oc-850"/>
      </symbol>
      <symbol id="sm-18f4">
         <name>malloc</name>
         <value>0xda6d</value>
         <object_component_ref idref="oc-856"/>
      </symbol>
      <symbol id="sm-18f5">
         <name>minit</name>
         <value>0xe8c1</value>
         <object_component_ref idref="oc-884"/>
      </symbol>
      <symbol id="sm-1905">
         <name>__TI_cleanup</name>
         <value>0xea05</value>
         <object_component_ref idref="oc-85c"/>
      </symbol>
      <symbol id="sm-191b">
         <name>__TI_closefile</name>
         <value>0xdae5</value>
         <object_component_ref idref="oc-89b"/>
      </symbol>
      <symbol id="sm-193e">
         <name>finddevice</name>
         <value>0xea9d</value>
         <object_component_ref idref="oc-92f"/>
      </symbol>
      <symbol id="sm-193f">
         <name>getdevice</name>
         <value>0xe5ed</value>
         <object_component_ref idref="oc-909"/>
      </symbol>
      <symbol id="sm-194f">
         <name>strcmp</name>
         <value>0xeded</value>
         <object_component_ref idref="oc-944"/>
      </symbol>
      <symbol id="sm-195f">
         <name>strncpy</name>
         <value>0xe931</value>
         <object_component_ref idref="oc-929"/>
      </symbol>
      <symbol id="sm-196f">
         <name>unlink</name>
         <value>0xeb55</value>
         <object_component_ref idref="oc-8e0"/>
      </symbol>
      <symbol id="sm-1983">
         <name>close</name>
         <value>0xdfc9</value>
         <object_component_ref idref="oc-8da"/>
      </symbol>
      <symbol id="sm-1984">
         <name>__TI_static_base__</name>
         <value>0x0</value>
      </symbol>
      <symbol id="sm-1987">
         <name>__mpu_init</name>
         <value>0x0</value>
      </symbol>
      <symbol id="sm-1988">
         <name>_system_post_cinit</name>
         <value>0x0</value>
      </symbol>
      <symbol id="sm-1989">
         <name>remove</name>
         <value>0xeb55</value>
      </symbol>
   </symbol_table>
   <title>Link successful</title>
</link_info>
