******************************************************************************
                  TI ARM Linker PC v18.1.1                     
******************************************************************************
>> Linked Sat Apr 28 00:29:46 2018

OUTPUT FILE NAME:   <project2-ecen5013.out>
ENTRY POINT SYMBOL: "_c_int00_noargs"  address: 0000c009


MEMORY CONFIGURATION

         name            origin    length      used     unused   attr    fill
----------------------  --------  ---------  --------  --------  ----  --------
  FLASH                 00000000   00100000  0000ca14  000f35ec  R  X
  SRAM                  20000000   00040000  00009261  00036d9f  RW X


SEGMENT ALLOCATION MAP

run origin  load origin   length   init length attrs members
----------  ----------- ---------- ----------- ----- -------
00000000    00000000    0000ca18   0000ca18    r-x
  00000000    00000000    00000208   00000208    r-- .intvecs
  00000208    00000208    0000c2a4   0000c2a4    r-x .text
  0000c4ac    0000c4ac    000004f0   000004f0    r-- .const
  0000c9a0    0000c9a0    00000078   00000078    r-- .cinit
20000000    20000000    00009264   00000000    rw-
  20000000    20000000    0000026c   00000000    rw- .vtable
  2000026c    2000026c    00008ce9   00000000    rw- .bss
  20008f58    20008f58    00000200   00000000    rw- .stack
  20009158    20009158    0000010c   00000000    rw- .data


SECTION ALLOCATION MAP

 output                                  attributes/
section   page    origin      length       input sections
--------  ----  ----------  ----------   ----------------
.intvecs   0    00000000    00000208     
                  00000000    00000208     tm4c1292ncpdt_startup_ccs.obj (.intvecs)

.text      0    00000208    0000c2a4     
                  00000208    00001e20     FreeRTOS_TCP_IP.obj (.text)
                  00002028    0000193c     FreeRTOS_Sockets.obj (.text)
                  00003964    0000182c     tasks.obj (.text)
                  00005190    00000fac     FreeRTOS_IP.obj (.text)
                  0000613c    00000ddc     FreeRTOS_TCP_WIN.obj (.text)
                  00006f18    00000a08     queue.obj (.text)
                  00007920    000006c8     FreeRTOS_DHCP.obj (.text)
                  00007fe8    00000534     timers.obj (.text)
                  0000851c    00000524     FreeRTOS_ARP.obj (.text)
                  00008a40    0000049c     uartstdio.obj (.text)
                  00008edc    000003c8     FreeRTOS_DNS.obj (.text)
                  000092a4    000003ae     event_groups.obj (.text)
                  00009652    00000002     rtsv7M4_T_le_v4SPD16_eabi.lib : div0.asm.obj (.text)
                  00009654    00000328     ethernet.obj (.text)
                  0000997c    00000318     project2_tasks.obj (.text)
                  00009c94    000002c4     FreeRTOS_Stream_Buffer.obj (.text)
                  00009f58    000002bc     heap_4.obj (.text)
                  0000a214    000002ac     NetworkInterface.obj (.text)
                  0000a4c0    0000029c     packet_comm.obj (.text)
                  0000a75c    00000294     BufferAllocation_2.obj (.text)
                  0000a9f0    00000208     FreeRTOS_UDP_IP.obj (.text)
                  0000abf8    00000200     driverlib.lib : sysctl.obj (.text:SysCtlClockFreqSet)
                  0000adf8    0000019c     serial_interface.obj (.text)
                  0000af94    00000136     rtsv7M4_T_le_v4SPD16_eabi.lib : fd_div_t2.asm.obj (.text)
                  0000b0ca    00000132     driverlib.lib : gpio.obj (.text:GPIOPadConfigSet)
                  0000b1fc    0000012a     list.obj (.text)
                  0000b326    00000002     --HOLE-- [fill = 0]
                  0000b328    00000128     port.obj (.text)
                  0000b450    00000120     main.obj (.text)
                  0000b570    000000fc     rtsv7M4_T_le_v4SPD16_eabi.lib : fd_mul_t2.asm.obj (.text)
                  0000b66c    000000f0     motor_control.obj (.text)
                  0000b75c    000000d4     current_sensor.obj (.text)
                  0000b830    000000d2     portasm.obj (.text)
                  0000b902    0000009c     rtsv7M4_T_le_v4SPD16_eabi.lib : memcpy_t2.asm.obj (.text)
                  0000b99e    0000007a     driverlib.lib : adc.obj (.text:ADCSequenceStepConfigure)
                  0000ba18    0000007a     rtsv7M4_T_le_v4SPD16_eabi.lib : memset_t2.asm.obj (.text)
                  0000ba92    00000002     --HOLE-- [fill = 0]
                  0000ba94    00000078     driverlib.lib : emac.obj (.text:EMACInit)
                  0000bb0c    0000006e     rtsv7M4_T_le_v4SPD16_eabi.lib : fd_tos_t2.asm.obj (.text)
                  0000bb7a    00000002     --HOLE-- [fill = 0]
                  0000bb7c    00000068     driverlib.lib : interrupt.obj (.text:IntEnable)
                  0000bbe4    00000068     rtsv7M4_T_le_v4SPD16_eabi.lib : copy_decompress_lzss.c.obj (.text:decompress:lzss:__TI_decompress_lzss)
                  0000bc4c    00000058     driverlib.lib : emac.obj (.text:EMACPHYConfigSet)
                  0000bca4    00000050                   : adc.obj (.text:ADCSequenceConfigure)
                  0000bcf4    00000050                   : sysctl.obj (.text:SysCtlPeripheralReset)
                  0000bd44    00000048                   : gpio.obj (.text:GPIOPinConfigure)
                  0000bd8c    00000048                   : sysctl.obj (.text:_SysCtlFrequencyGet)
                  0000bdd4    00000046                   : uart.obj (.text:UARTConfigSetExpClk)
                  0000be1a    00000002     --HOLE-- [fill = 0]
                  0000be1c    00000044     rtsv7M4_T_le_v4SPD16_eabi.lib : autoinit.c.obj (.text:__TI_auto_init_nobinit_nopinit:__TI_auto_init_nobinit_nopinit)
                  0000be60    00000044     leds.obj (.text)
                  0000bea4    00000040     driverlib.lib : uart.obj (.text:_UARTIntNumberGet)
                  0000bee4    00000040     rtsv7M4_T_le_v4SPD16_eabi.lib : u_divt2.asm.obj (.text)
                  0000bf24    0000003a     driverlib.lib : emac.obj (.text:EMACIntEnable)
                  0000bf5e    00000002     --HOLE-- [fill = 0]
                  0000bf60    00000038                   : emac.obj (.text:EMACConfigSet)
                  0000bf98    00000038                   : sysctl.obj (.text:SysCtlPeripheralPresent)
                  0000bfd0    00000038                   : sysctl.obj (.text:SysCtlPeripheralReady)
                  0000c008    00000038     rtsv7M4_T_le_v4SPD16_eabi.lib : boot_cortex_m.c.obj (.text:_c_int00_noargs:_c_int00_noargs)
                  0000c040    00000034     driverlib.lib : emac.obj (.text:EMACIntClear)
                  0000c074    00000034                   : interrupt.obj (.text:IntRegister)
                  0000c0a8    00000034                   : sysctl.obj (.text:SysCtlPeripheralEnable)
                  0000c0dc    00000030                   : emac.obj (.text:EMACAddrSet)
                  0000c10c    0000002e                   : adc.obj (.text:ADCIntStatus)
                  0000c13a    0000002c                   : emac.obj (.text:EMACIntStatus)
                  0000c166    0000002a                   : gpio.obj (.text:GPIODirModeSet)
                  0000c190    00000024     rtsv7M4_T_le_v4SPD16_eabi.lib : memcmp.c.obj (.text:memcmp)
                  0000c1b4    00000024                                   : memmov.c.obj (.text:memmove)
                  0000c1d8    00000022     driverlib.lib : pwm.obj (.text:PWMGenConfigure)
                  0000c1fa    00000002     --HOLE-- [fill = 0]
                  0000c1fc    00000020                   : uart.obj (.text:UARTDisable)
                  0000c21c    00000020                   : sysctl.obj (.text:_SysCtlMemTimingGet)
                  0000c23c    00000020     rtsv7M4_T_le_v4SPD16_eabi.lib : u_tofd_t2.asm.obj (.text)
                  0000c25c    0000001e     driverlib.lib : adc.obj (.text:ADCSequenceDataGet)
                  0000c27a    0000001e                   : pwm.obj (.text:PWMPulseWidthSet)
                  0000c298    00000018                   : adc.obj (.text:ADCProcessorTrigger)
                  0000c2b0    00000018                   : gpio.obj (.text:GPIOPinTypeGPIOOutput)
                  0000c2c8    00000018                   : uart.obj (.text:UARTIntRegister)
                  0000c2e0    00000016                   : emac.obj (.text:EMACReset)
                  0000c2f6    00000016                   : emac.obj (.text:EMACRxEnable)
                  0000c30c    00000016                   : emac.obj (.text:EMACTxEnable)
                  0000c322    00000002     --HOLE-- [fill = 0]
                  0000c324    00000014                   : flash.obj (.text:FlashUserGet)
                  0000c338    00000014                   : pwm.obj (.text:PWMClockSet)
                  0000c34c    00000014                   : uart.obj (.text:UARTEnable)
                  0000c360    00000014     rtsv7M4_T_le_v4SPD16_eabi.lib : strcpy.c.obj (.text:strcpy)
                  0000c374    00000014                                   : strlen.c.obj (.text:strlen)
                  0000c388    00000012     driverlib.lib : gpio.obj (.text:GPIOPinTypeADC)
                  0000c39a    00000012                   : gpio.obj (.text:GPIOPinTypePWM)
                  0000c3ac    00000012                   : gpio.obj (.text:GPIOPinTypeUART)
                  0000c3be    00000012                   : pwm.obj (.text:PWMGenPeriodGet)
                  0000c3d0    00000012                   : pwm.obj (.text:PWMOutputInvert)
                  0000c3e2    00000012                   : pwm.obj (.text:PWMOutputState)
                  0000c3f4    00000010                   : emac.obj (.text:EMACFrameFilterSet)
                  0000c404    00000010                   : pwm.obj (.text:PWMGenPeriodSet)
                  0000c414    0000000e                   : adc.obj (.text:ADCSequenceEnable)
                  0000c422    0000000e                   : uart.obj (.text:UARTCharsAvail)
                  0000c430    0000000e     rtsv7M4_T_le_v4SPD16_eabi.lib : copy_decompress_none.c.obj (.text:decompress:none:__TI_decompress_none)
                  0000c43e    0000000c     driverlib.lib : pwm.obj (.text:PWMGenEnable)
                  0000c44a    0000000c     rtsv7M4_T_le_v4SPD16_eabi.lib : copy_zero_init.c.obj (.text:decompress:ZI:__TI_zero_init)
                  0000c456    0000000c     tm4c1292ncpdt_startup_ccs.obj (.text)
                  0000c462    0000000a     driverlib.lib : uart.obj (.text:UARTCharGet)
                  0000c46c    0000000a                   : uart.obj (.text:UARTCharPut)
                  0000c476    0000000a                   : uart.obj (.text:UARTIntDisable)
                  0000c480    00000008                   : uart.obj (.text:UARTIntEnable)
                  0000c488    00000006                   : emac.obj (.text:EMACRxDMADescriptorListSet)
                  0000c48e    00000006                   : emac.obj (.text:EMACTxDMADescriptorListSet)
                  0000c494    00000006                   : gpio.obj (.text:GPIOPinWrite)
                  0000c49a    00000006                   : sysctl.obj (.text:SysCtlDelay)
                  0000c4a0    00000004                   : uart.obj (.text:UARTIntClear)
                  0000c4a4    00000004     rtsv7M4_T_le_v4SPD16_eabi.lib : pre_init.c.obj (.text:_system_pre_init)
                  0000c4a8    00000004                                   : exit.c.obj (.text:abort:abort)

.const     0    0000c4ac    000004f0     
                  0000c4ac    000001b0     driverlib.lib : sysctl.obj (.const:g_pppui32XTALtoVCO)
                  0000c65c    00000090                   : gpio.obj (.const:g_pui32GPIOBaseAddrs)
                  0000c6ec    00000070                   : interrupt.obj (.const)
                  0000c75c    0000006c                   : sysctl.obj (.const:g_pui32Xtals)
                  0000c7c8    00000046     packet_comm.obj (.const:.string)
                  0000c80e    00000002     --HOLE-- [fill = 0]
                  0000c810    00000040     driverlib.lib : uart.obj (.const:g_ppui32UARTIntMap)
                  0000c850    00000040                   : uart.obj (.const:g_ppui32UARTIntMapSnowflake)
                  0000c890    00000030                   : sysctl.obj (.const:g_sXTALtoMEMTIM)
                  0000c8c0    00000026     FreeRTOS_ARP.obj (.const:.string:xDefaultPartARPPacketHeader)
                  0000c8e6    00000018     FreeRTOS_DHCP.obj (.const:.string:ucDHCPRequestOptions$1)
                  0000c8fe    00000002     --HOLE-- [fill = 0]
                  0000c900    00000018     driverlib.lib : emac.obj (.const)
                  0000c918    00000012     uartstdio.obj (.const:.string)
                  0000c92a    00000011     FreeRTOS_DHCP.obj (.const:.string:ucDHCPDiscoverOptions$2)
                  0000c93b    00000001     --HOLE-- [fill = 0]
                  0000c93c    0000000c     uartstdio.obj (.const:g_ui32UARTBase)
                  0000c948    0000000c     uartstdio.obj (.const:g_ui32UARTPeriph)
                  0000c954    0000000c     FreeRTOS_DNS.obj (.const:xDefaultPartDNSHeader$3)
                  0000c960    00000008     FreeRTOS_Sockets.obj (.const:$P$T0$1)
                  0000c968    00000008     FreeRTOS_IP.obj (.const:$P$T0$5)
                  0000c970    00000008     driverlib.lib : sysctl.obj (.const)
                  0000c978    00000008     FreeRTOS_IP.obj (.const:xNetworkDownEvent$2)
                  0000c980    00000008     FreeRTOS_IP.obj (.const:xNetworkDownEvent$3)
                  0000c988    00000006     FreeRTOS_IP.obj (.const:xBroadcastMACAddress)
                  0000c98e    00000002     --HOLE-- [fill = 0]
                  0000c990    00000004     BufferAllocation_2.obj (.const)
                  0000c994    00000004     port.obj (.const)
                  0000c998    00000004     uartstdio.obj (.const)

.cinit     0    0000c9a0    00000078     
                  0000c9a0    0000003e     (.cinit..data.load) [load image, compression = lzss]
                  0000c9de    00000002     --HOLE-- [fill = 0]
                  0000c9e0    0000000c     (__TI_handler_table)
                  0000c9ec    00000004     --HOLE-- [fill = 0]
                  0000c9f0    00000008     (.cinit..bss.load) [load image, compression = zero_init]
                  0000c9f8    00000008     (.cinit..vtable.load) [load image, compression = zero_init]
                  0000ca00    00000018     (__TI_cinit_table)

.init_array 
*          0    00000000    00000000     UNINITIALIZED

.vtable    0    20000000    0000026c     UNINITIALIZED
                  20000000    0000026c     driverlib.lib : interrupt.obj (.vtable)

.bss       0    2000026c    00008ce9     UNINITIALIZED
                  2000026c    00007530     heap_4.obj (.bss:ucHeap)
                  2000779c    00001200     (.common:g_ppui8RxBuffer)
                  2000899c    00000168     BufferAllocation_2.obj (.bss:xNetworkBufferDescriptors)
                  20008b04    00000140     tasks.obj (.bss:pxReadyTasksLists)
                  20008c44    00000060     (.common:g_psRxDescriptor)
                  20008ca4    00000060     (.common:g_psTxDescriptor)
                  20008d04    00000050     (.common:xQueueRegistry)
                  20008d54    00000048     FreeRTOS_ARP.obj (.bss:xARPCache)
                  20008d9c    00000028     (.common:my_packet)
                  20008dc4    00000024     FreeRTOS_DHCP.obj (.bss:xDHCPData)
                  20008de8    00000014     FreeRTOS_IP.obj (.bss:xARPTimer)
                  20008dfc    00000014     timers.obj (.bss:xActiveTimerList1)
                  20008e10    00000014     timers.obj (.bss:xActiveTimerList2)
                  20008e24    00000014     FreeRTOS_IP.obj (.bss:xDHCPTimer)
                  20008e38    00000014     tasks.obj (.bss:xDelayedTaskList1)
                  20008e4c    00000014     tasks.obj (.bss:xDelayedTaskList2)
                  20008e60    00000014     BufferAllocation_2.obj (.bss:xFreeBuffersList)
                  20008e74    00000014     tasks.obj (.bss:xPendingReadyList)
                  20008e88    00000014     FreeRTOS_TCP_WIN.obj (.bss:xSegmentList)
                  20008e9c    00000014     tasks.obj (.bss:xSuspendedTaskList)
                  20008eb0    00000014     FreeRTOS_IP.obj (.bss:xTCPTimer)
                  20008ec4    00000014     tasks.obj (.bss:xTasksWaitingTermination)
                  20008ed8    00000014     (.common:xBoundTCPSocketsList)
                  20008eec    00000014     (.common:xBoundUDPSocketsList)
                  20008f00    00000008     tasks.obj (.bss)
                  20008f08    00000008     timers.obj (.bss)
                  20008f10    00000008     heap_4.obj (.bss:xStart)
                  20008f18    00000008     (.common:pui8MACAddr)
                  20008f20    00000004     BufferAllocation_2.obj (.bss)
                  20008f24    00000004     FreeRTOS_DNS.obj (.bss)
                  20008f28    00000004     FreeRTOS_IP.obj (.bss)
                  20008f2c    00000004     (.common:g_ui32RxDescIndex)
                  20008f30    00000004     (.common:g_ui32SysClock)
                  20008f34    00000004     (.common:g_ui32TxDescIndex)
                  20008f38    00000004     (.common:ip)
                  20008f3c    00000004     (.common:length)
                  20008f40    00000004     (.common:ui32Loop)
                  20008f44    00000004     (.common:ui32User0)
                  20008f48    00000004     (.common:ui32User1)
                  20008f4c    00000004     (.common:xEMACRxEventSemaphore)
                  20008f50    00000004     (.common:xPingReplyQueue)
                  20008f54    00000001     (.common:ui8PHYAddr)

.data      0    20009158    0000010c     UNINITIALIZED
                  20009158    00000030     tasks.obj (.data)
                  20009188    00000024     FreeRTOS_IP.obj (.data)
                  200091ac    00000018     FreeRTOS_UDP_IP.obj (.data:xDefaultPartUDPPacketHeader)
                  200091c4    00000014     packet_comm.obj (.data:packet_type_strings)
                  200091d8    00000014     FreeRTOS_IP.obj (.data:xDefaultAddressing)
                  200091ec    00000014     FreeRTOS_IP.obj (.data:xNetworkAddressing)
                  20009200    00000011     project2_tasks.obj (.data)
                  20009211    00000003     --HOLE--
                  20009214    00000010     heap_4.obj (.data)
                  20009224    00000008     FreeRTOS_DNS.obj (.data)
                  2000922c    00000008     FreeRTOS_TCP_WIN.obj (.data)
                  20009234    00000008     packet_comm.obj (.data)
                  2000923c    00000008     timers.obj (.data)
                  20009244    00000005     uartstdio.obj (.data)
                  20009249    00000003     --HOLE--
                  2000924c    00000004     BufferAllocation_2.obj (.data)
                  20009250    00000004     FreeRTOS_ARP.obj (.data)
                  20009254    00000004     FreeRTOS_Sockets.obj (.data)
                  20009258    00000004     FreeRTOS_TCP_IP.obj (.data)
                  2000925c    00000004     port.obj (.data)
                  20009260    00000004     FreeRTOS_Sockets.obj (.data:usNextPortToUse)

.stack     0    20008f58    00000200     UNINITIALIZED
                  20008f58    00000004     rtsv7M4_T_le_v4SPD16_eabi.lib : boot_cortex_m.c.obj (.stack)
                  20008f5c    000001fc     --HOLE--

MODULE SUMMARY

       Module                          code    ro data   rw data
       ------                          ----    -------   -------
    .\
       uartstdio.obj                   1180    46        5      
       project2_tasks.obj              792     0         17     
       packet_comm.obj                 668     70        28     
       tm4c1292ncpdt_startup_ccs.obj   12      520       0      
       main.obj                        288     0         16     
    +--+-------------------------------+-------+---------+---------+
       Total:                          2940    636       66     
                                                                
    .\driver\
       ethernet.obj                    808     0         4821   
       serial_interface.obj            412     0         44     
       motor_control.obj               240     0         0      
       current_sensor.obj              212     0         0      
       leds.obj                        68      0         0      
    +--+-------------------------------+-------+---------+---------+
       Total:                          1740    0         4865   
                                                                
    .\third_party\FreeRTOS-Plus-TCP\
       FreeRTOS_TCP_IP.obj             7712    0         4      
       FreeRTOS_Sockets.obj            6460    8         48     
       FreeRTOS_IP.obj                 4012    30        140    
       FreeRTOS_TCP_WIN.obj            3548    0         28     
       FreeRTOS_DHCP.obj               1736    41        36     
       FreeRTOS_ARP.obj                1316    38        76     
       FreeRTOS_DNS.obj                968     12        12     
       FreeRTOS_Stream_Buffer.obj      708     0         0      
       FreeRTOS_UDP_IP.obj             520     0         24     
    +--+-------------------------------+-------+---------+---------+
       Total:                          26980   129       368    
                                                                
    .\third_party\FreeRTOS-Plus-TCP\portable\BufferManagement\
       BufferAllocation_2.obj          660     4         388    
    +--+-------------------------------+-------+---------+---------+
       Total:                          660     4         388    
                                                                
    .\third_party\FreeRTOS-Plus-TCP\portable\NetworkInterface\ARM_CM4F\
       NetworkInterface.obj            684     0         8      
    +--+-------------------------------+-------+---------+---------+
       Total:                          684     0         8      
                                                                
    .\third_party\FreeRTOS\Source\
       tasks.obj                       6188    0         476    
       queue.obj                       2568    0         80     
       timers.obj                      1332    0         56     
       event_groups.obj                942     0         0      
       list.obj                        298     0         0      
    +--+-------------------------------+-------+---------+---------+
       Total:                          11328   0         612    
                                                                
    .\third_party\FreeRTOS\Source\portable\CCS\ARM_CM4F\
       port.obj                        296     4         4      
       portasm.obj                     210     0         0      
    +--+-------------------------------+-------+---------+---------+
       Total:                          506     4         4      
                                                                
    .\third_party\FreeRTOS\Source\portable\MemMang\
       heap_4.obj                      700     0         30024  
    +--+-------------------------------+-------+---------+---------+
       Total:                          700     0         30024  
                                                                
    ../driverlib.lib
       sysctl.obj                      866     596       0      
       interrupt.obj                   156     112       620    
       gpio.obj                        504     144       0      
       emac.obj                        560     24        0      
       uart.obj                        266     128       0      
       adc.obj                         316     0         0      
       pwm.obj                         166     0         0      
       flash.obj                       20      0         0      
    +--+-------------------------------+-------+---------+---------+
       Total:                          2854    1004      620    
                                                                
    C:\ti\ccsv8\tools\compiler\ti-cgt-arm_18.1.1.LTS\lib\rtsv7M4_T_le_v4SPD16_eabi.lib
       fd_div_t2.asm.obj               310     0         0      
       fd_mul_t2.asm.obj               252     0         0      
       memcpy_t2.asm.obj               156     0         0      
       memset_t2.asm.obj               122     0         0      
       fd_tos_t2.asm.obj               110     0         0      
       copy_decompress_lzss.c.obj      104     0         0      
       autoinit.c.obj                  68      0         0      
       u_divt2.asm.obj                 64      0         0      
       boot_cortex_m.c.obj             56      0         0      
       memcmp.c.obj                    36      0         0      
       memmov.c.obj                    36      0         0      
       u_tofd_t2.asm.obj               32      0         0      
       strcpy.c.obj                    20      0         0      
       strlen.c.obj                    20      0         0      
       copy_decompress_none.c.obj      14      0         0      
       copy_zero_init.c.obj            12      0         0      
       exit.c.obj                      4       0         0      
       pre_init.c.obj                  4       0         0      
       div0.asm.obj                    2       0         0      
    +--+-------------------------------+-------+---------+---------+
       Total:                          1422    0         0      
                                                                
       Stack:                          0       0         512    
       Linker Generated:               0       114       0      
    +--+-------------------------------+-------+---------+---------+
       Grand Total:                    49814   1891      37467  


LINKER GENERATED COPY TABLES

__TI_cinit_table @ 0000ca00 records: 3, size/record: 8, table size: 24
	.data: load addr=0000c9a0, load size=0000003e bytes, run addr=20009158, run size=0000010c bytes, compression=lzss
	.bss: load addr=0000c9f0, load size=00000008 bytes, run addr=2000026c, run size=00008ce9 bytes, compression=zero_init
	.vtable: load addr=0000c9f8, load size=00000008 bytes, run addr=20000000, run size=0000026c bytes, compression=zero_init


LINKER GENERATED HANDLER TABLE

__TI_handler_table @ 0000c9e0 records: 3, size/record: 4, table size: 12
	index: 0, handler: __TI_zero_init
	index: 1, handler: __TI_decompress_lzss
	index: 2, handler: __TI_decompress_none


GLOBAL SYMBOLS: SORTED ALPHABETICALLY BY Name 

address   name                                  
-------   ----                                  
0000c10d  ADCIntStatus                          
0000c299  ADCProcessorTrigger                   
0000bca5  ADCSequenceConfigure                  
0000c25d  ADCSequenceDataGet                    
0000c415  ADCSequenceEnable                     
0000b99f  ADCSequenceStepConfigure              
0000c4a9  C$$EXIT                               
0000be61  ConfigureLEDs                         
0000c0dd  EMACAddrSet                           
0000bf61  EMACConfigSet                         
0000c3f5  EMACFrameFilterSet                    
0000ba95  EMACInit                              
0000c041  EMACIntClear                          
0000bf25  EMACIntEnable                         
0000c13b  EMACIntStatus                         
0000bc4d  EMACPHYConfigSet                      
0000c2e1  EMACReset                             
0000c489  EMACRxDMADescriptorListSet            
0000c2f7  EMACRxEnable                          
0000c48f  EMACTxDMADescriptorListSet            
0000c30d  EMACTxEnable                          
0000a215  EthernetIntHandler                    
0000c325  FlashUserGet                          
00008a11  FreeRTOS_ClearARP                     
000056c9  FreeRTOS_GetAddressConfiguration      
000060ad  FreeRTOS_GetDNSServerAddress          
000060a7  FreeRTOS_GetGatewayAddress            
00006091  FreeRTOS_GetIPAddress                 
00002cd7  FreeRTOS_GetLocalAddress              
000060b9  FreeRTOS_GetMACAddress                
000060b3  FreeRTOS_GetNetmask                   
00003757  FreeRTOS_GetRemoteAddress             
000054b1  FreeRTOS_GetUDPPayloadBuffer          
00005599  FreeRTOS_IPInit                       
00006115  FreeRTOS_IsNetworkUp                  
00005465  FreeRTOS_NetworkDown                  
00005487  FreeRTOS_NetworkDownFromISR           
0000899d  FreeRTOS_OutputARPRequest             
0000556d  FreeRTOS_ReleaseUDPPayloadBuffer      
00005751  FreeRTOS_SendPingRequest              
00005711  FreeRTOS_SetAddressConfiguration      
000060cd  FreeRTOS_SetGatewayAddress            
00006097  FreeRTOS_SetIPAddress                 
000060bd  FreeRTOS_SetNetmask                   
00002ec5  FreeRTOS_accept                       
000025bf  FreeRTOS_bind                         
00002705  FreeRTOS_closesocket                  
00002e37  FreeRTOS_connect                      
000038eb  FreeRTOS_connstatus                   
000035cf  FreeRTOS_get_rx_buf                   
000031e7  FreeRTOS_get_tx_head                  
00008ef5  FreeRTOS_gethostbyname                
00002bfb  FreeRTOS_inet_addr                    
00003885  FreeRTOS_issocketconnected            
00003387  FreeRTOS_listen                       
000037b9  FreeRTOS_maywrite                     
000038c3  FreeRTOS_mss                          
0000394d  FreeRTOS_netstat                      
00003015  FreeRTOS_recv                         
000023b9  FreeRTOS_recvfrom                     
00003919  FreeRTOS_rx_size                      
0000323d  FreeRTOS_send                         
000024d1  FreeRTOS_sendto                       
0000284d  FreeRTOS_setsockopt                   
0000343f  FreeRTOS_shutdown                     
000022ad  FreeRTOS_socket                       
00003851  FreeRTOS_tx_size                      
0000381b  FreeRTOS_tx_space                     
0000c167  GPIODirModeSet                        
0000b0cb  GPIOPadConfigSet                      
0000bd45  GPIOPinConfigure                      
0000c389  GPIOPinTypeADC                        
0000c2b1  GPIOPinTypeGPIOOutput                 
0000c39b  GPIOPinTypePWM                        
0000c3ad  GPIOPinTypeUART                       
0000c495  GPIOPinWrite                          
000096c5  InitDescriptors                       
0000bb7d  IntEnable                             
0000c075  IntRegister                           
0000c339  PWMClockSet                           
0000c1d9  PWMGenConfigure                       
0000c43f  PWMGenEnable                          
0000c3bf  PWMGenPeriodGet                       
0000c405  PWMGenPeriodSet                       
0000c3d1  PWMOutputInvert                       
0000c3e3  PWMOutputState                        
0000c27b  PWMPulseWidthSet                      
00009655  ProcessReceivedPacket                 
0000c457  ResetISR                              
0000abf9  SysCtlClockFreqSet                    
0000c49b  SysCtlDelay                           
0000c0a9  SysCtlPeripheralEnable                
0000bf99  SysCtlPeripheralPresent               
0000bfd1  SysCtlPeripheralReady                 
0000bcf5  SysCtlPeripheralReset                 
0000adf9  UART0_Init                            
0000af0f  UART3IntHandler                       
0000ae47  UART3_Init                            
0000c463  UARTCharGet                           
0000c46d  UARTCharPut                           
0000c423  UARTCharsAvail                        
0000bdd5  UARTConfigSetExpClk                   
0000c1fd  UARTDisable                           
0000c34d  UARTEnable                            
0000c4a1  UARTIntClear                          
0000c477  UARTIntDisable                        
0000c481  UARTIntEnable                         
0000c2c9  UARTIntRegister                       
00008a41  UARTStdioConfig                       
00008b87  UARTgetc                              
00008acd  UARTgets                              
00008ea7  UARTprintf                            
00008bad  UARTvprintf                           
00008a87  UARTwrite                             
20009158  __STACK_END                           
00000200  __STACK_SIZE                          
20009158  __STACK_TOP                           
0000ca00  __TI_CINIT_Base                       
0000ca18  __TI_CINIT_Limit                      
0000c9e0  __TI_Handler_Table_Base               
0000c9ec  __TI_Handler_Table_Limit              
0000be1d  __TI_auto_init_nobinit_nopinit        
0000bbe5  __TI_decompress_lzss                  
0000c431  __TI_decompress_none                  
ffffffff  __TI_pprof_out_hndl                   
ffffffff  __TI_prof_data_size                   
ffffffff  __TI_prof_data_start                  
00000000  __TI_static_base__                    
0000c44b  __TI_zero_init                        
0000bb0d  __aeabi_d2f                           
0000af95  __aeabi_ddiv                          
0000b571  __aeabi_dmul                          
00009653  __aeabi_idiv0                         
00009653  __aeabi_ldiv0                         
0000ba19  __aeabi_memclr                        
0000ba19  __aeabi_memclr4                       
0000ba19  __aeabi_memclr8                       
0000b903  __aeabi_memcpy                        
0000b903  __aeabi_memcpy4                       
0000b903  __aeabi_memcpy8                       
0000ba1b  __aeabi_memset                        
0000ba1b  __aeabi_memset4                       
0000ba1b  __aeabi_memset8                       
0000c23d  __aeabi_ui2d                          
0000bee5  __aeabi_uidiv                         
0000bee5  __aeabi_uidivmod                      
ffffffff  __binit__                             
ffffffff  __c_args__                            
UNDEFED   __mpu_init                            
20008f58  __stack                               
0000c009  _c_int00_noargs                       
UNDEFED   _system_post_cinit                    
0000c4a5  _system_pre_init                      
0000c4a9  abort                                 
0000b75d  adc_init                              
ffffffff  binit                                 
0000a639  calc_checksum                         
20009234  comm_hw_used                          
00009af1  current_measure_task_create           
0000997d  data_update_timer_callback            
00008785  eARPGetCacheEntry                     
0000851d  eARPProcessPacket                     
000058e5  eConsiderFrameForProcessing           
0000978f  enable_eth0                           
20000000  g_pfnRAMVectors                       
00000000  g_pfnVectors                          
2000779c  g_ppui8RxBuffer                       
20008c44  g_psRxDescriptor                      
20008ca4  g_psTxDescriptor                      
20008f2c  g_ui32RxDescIndex                     
20008f30  g_ui32SysClock                        
20008f34  g_ui32TxDescIndex                     
0000b79f  get_adc_count                         
0000b7cb  get_current                           
0000a56b  get_heartbeat                         
0000a58b  get_motor_values                      
0000a607  get_pid_config                        
0000a5d5  get_pid_params                        
00009987  heartbeat_timer_callback              
20008f38  ip                                    
000036c1  lTCPAddRxdata                         
00006671  lTCPWindowRxCheck                     
0000685b  lTCPWindowTxAdd                       
0000b719  led_bright                            
20008f3c  length                                
00009b21  logger_task_create                    
000099a5  logger_timer_callback                 
0000b45f  main                                  
0000c191  memcmp                                
0000b903  memcpy                                
0000c1b5  memmove                               
0000ba21  memset                                
0000b6ed  motor_speed                           
00009a91  motor_task_create                     
20008d9c  my_packet                             
0000a55f  packet_recieve                        
0000a4c1  packet_send                           
200091c4  packet_type_strings                   
000080e1  pcTimerGetTimerName                   
0000a677  print_data_packet                     
0000a803  pucGetNetworkBuffer                   
20008f18  pui8MACAddr                           
00009f59  pvPortMalloc                          
00004ccb  pvTaskIncrementMutexHeldCount         
000084cd  pvTimerGetTimerID                     
0000b66d  pwm_init                              
20009158  pxCurrentTCB                          
000054e9  pxDuplicateNetworkBufferWithDescriptor
0000a85d  pxGetNetworkBufferWithDescriptor      
0000b329  pxPortInitialiseStack                 
0000a969  pxResizeNetworkBufferWithDescriptor   
0000354f  pxTCPSocketLookup                     
00005531  pxUDPPayloadBuffer_to_NetworkBuffer   
00002bdb  pxUDPSocketLookup                     
00009ac1  speed_measure_task_create             
0000c361  strcpy                                
0000c375  strlen                                
20009210  toggle                                
0000aed5  uart_get_n                            
0000ae9b  uart_send_n                           
00007639  ucQueueGetQueueType                   
20008f40  ui32Loop                              
20008f44  ui32User0                             
20008f48  ui32User1                             
20008f54  ui8PHYAddr                            
00009105  ulDNSHandlePacket                     
0000c994  ulMaxSyscallInterruptPriority         
20009258  ulNextInitialSequenceNumber           
0000b841  ulPortGetIPSR                         
00006e9f  ulTCPWindowTxAck                      
00006b13  ulTCPWindowTxGet                      
00006ed1  ulTCPWindowTxSack                     
00004ce9  ulTaskNotifyTake                      
00005ed5  usGenerateChecksum                    
00005d85  usGenerateProtocolChecksum            
2000918c  usPacketIdentifier                    
00009633  uxEventGroupGetNumber                 
0000a963  uxGetMinimumFreeNetworkBuffers        
0000a95d  uxGetNumberOfFreeNetworkBuffers       
0000b2df  uxListRemove                          
00007619  uxQueueGetQueueNumber                 
000075bb  uxQueueMessagesWaiting                
000075f1  uxQueueMessagesWaitingFromISR         
000075d1  uxQueueSpacesAvailable                
00009da5  uxStreamBufferAdd                     
00009e87  uxStreamBufferGet                     
00004159  uxTaskGetNumberOfTasks                
00004a81  uxTaskGetStackHighWaterMark           
00004169  uxTaskGetSystemState                  
000046df  uxTaskGetTaskNumber                   
00003c1f  uxTaskPriorityGet                     
00003c51  uxTaskPriorityGetFromISR              
00004ca9  uxTaskResetEventItemValue             
000088c1  vARPAgeCache                          
000089c5  vARPGenerateRequestPacket             
000085eb  vARPRefreshCacheEntry                 
0000898d  vARPSendGratuitous                    
0000a289  vApplicationIPNetworkEventHook        
0000a2cd  vApplicationPingReplyHook             
0000b451  vApplicationStackOverflowHook         
00007941  vDHCPProcess                          
0000a237  vEMACHandlerTask                      
000095ed  vEventGroupClearBitsCallback          
000095a9  vEventGroupDelete                     
000095dd  vEventGroupSetBitsCallback            
000059a1  vIPNetworkUpCalls                     
00006101  vIPReloadDHCPTimer                    
000060dd  vIPSetDHCPTimerEnableState            
0000b1fd  vListInitialise                       
0000b22d  vListInitialiseItem                   
0000b279  vListInsert                           
0000b23d  vListInsertEnd                        
00006213  vListInsertGeneric                    
0000a271  vNetworkInterfaceAllocateRAMToBuffers 
0000220f  vNetworkSocketsInit                   
0000b8f5  vPortEnableVFP                        
0000b3c5  vPortEndScheduler                     
0000b3c7  vPortEnterCritical                    
0000b3e7  vPortExitCritical                     
0000a05b  vPortFree                             
0000a0b9  vPortInitialiseBlocks                 
0000b8b9  vPortSVCHandler                       
0000b423  vPortSetupTimerInterrupt              
0000b8d9  vPortStartFirstTask                   
0000a9f1  vProcessGeneratedUDPPacket            
00007847  vQueueAddToRegistry                   
00007603  vQueueDelete                          
00007627  vQueueSetQueueNumber                  
00007889  vQueueUnregisterQueue                 
000078c3  vQueueWaitForMessageRestricted        
0000a847  vReleaseNetworkBuffer                 
0000a913  vReleaseNetworkBufferAndDescriptor    
0000605f  vReturnEthernetFrame                  
0000a313  vSendPing                             
00002663  vSocketBind                           
00002749  vSocketClose                          
00002d03  vSocketWakeUpUser                     
00000c6f  vTCPStateChange                       
000064d3  vTCPWindowCreate                      
00006475  vTCPWindowDestroy                     
0000653d  vTCPWindowInit                        
00003bc3  vTaskDelay                            
00003b1b  vTaskDelayUntil                       
00003a7f  vTaskDelete                           
00004025  vTaskEndScheduler                     
000046d7  vTaskMissedYield                      
00005099  vTaskNotifyGiveFromISR                
00004409  vTaskPlaceOnEventList                 
000044e5  vTaskPlaceOnEventListRestricted       
00004471  vTaskPlaceOnUnorderedEventList        
00004b51  vTaskPriorityInherit                  
00003ca5  vTaskPrioritySet                      
00003ead  vTaskResume                           
00004705  vTaskSetTaskNumber                    
00004639  vTaskSetTimeOutState                  
00003fc1  vTaskStartScheduler                   
00003db9  vTaskSuspend                          
00004045  vTaskSuspendAll                       
00004361  vTaskSwitchContext                    
000084e7  vTimerSetTimerID                      
20008ed8  xBoundTCPSocketsList                  
20008eec  xBoundUDPSocketsList                  
0000c988  xBroadcastMACAddress                  
0000c990  xBufferAllocFixedSize                 
200091d8  xDefaultAddressing                    
200091ac  xDefaultPartUDPPacketHeader           
20008f4c  xEMACRxEventSemaphore                 
0000947f  xEventGroupClearBits                  
000092a5  xEventGroupCreate                     
000094ab  xEventGroupGetBitsFromISR             
000094db  xEventGroupSetBits                    
000092c5  xEventGroupSync                       
00009395  xEventGroupWaitBits                   
0000a27d  xGetPhyLinkStatus                     
0000610f  xIPIsNetworkTaskReady                 
000052b9  xIsCallingFromIPTask                  
00007921  xIsDHCPSocket                         
200091ec  xNetworkAddressing                    
0000a75d  xNetworkBuffersInitialise             
20009188  xNetworkEventQueue                    
0000a243  xNetworkInterfaceInitialise           
0000a25b  xNetworkInterfaceOutput               
20008f50  xPingReplyQueue                       
0000a0ad  xPortGetFreeHeapSize                  
0000a0b3  xPortGetMinimumEverFreeHeapSize       
0000b859  xPortPendSVHandler                    
0000b38f  xPortStartScheduler                   
0000b3fd  xPortSysTickHandler                   
00001bcd  xProcessReceivedTCPPacket             
0000ab45  xProcessReceivedUDPPacket             
00007121  xQueueCreateCountingSemaphore         
00007025  xQueueCreateMutex                     
00006fb5  xQueueGenericCreate                   
00007375  xQueueGenericReceive                  
00006f19  xQueueGenericReset                    
00007141  xQueueGenericSend                     
00007269  xQueueGenericSendFromISR              
000072f5  xQueueGiveFromISR                     
0000709b  xQueueGiveMutexRecursive              
000077e3  xQueueIsQueueEmptyFromISR             
00007825  xQueueIsQueueFullFromISR              
00007569  xQueuePeekFromISR                     
000074e3  xQueueReceiveFromISR                  
20008d04  xQueueRegistry                        
000070d7  xQueueTakeMutexRecursive              
00005851  xSendEventStructToIPTask              
00005813  xSendEventToIPTask                    
20009238  xSocket                               
00001faf  xTCPCheckNewClient                    
000003b9  xTCPSocketCheck                       
00003497  xTCPTimerCheck                        
20009230  xTCPWindowLoggingLevel                
000063a3  xTCPWindowRxEmpty                     
000069c9  xTCPWindowTxDone                      
00006a65  xTCPWindowTxHasData                   
0000465d  xTaskCheckForTimeOut                  
00003965  xTaskGenericCreate                    
00004e9f  xTaskGenericNotify                    
00004f91  xTaskGenericNotifyFromISR             
00004b0b  xTaskGetCurrentTaskHandle             
00004b25  xTaskGetSchedulerState                
00004135  xTaskGetTickCount                     
00004145  xTaskGetTickCountFromISR              
00004239  xTaskIncrementTick                    
0000513f  xTaskNotifyStateClear                 
00004db5  xTaskNotifyWait                       
00004c0b  xTaskPriorityDisinherit               
00004549  xTaskRemoveFromEventList              
000045c5  xTaskRemoveFromUnorderedEventList     
00004059  xTaskResumeAll                        
00003f2f  xTaskResumeFromISR                    
00008021  xTimerCreate                          
00007fe9  xTimerCreateTimerTask                 
00008075  xTimerGenericCommand                  
000084a1  xTimerIsTimerActive                   


GLOBAL SYMBOLS: SORTED BY Symbol Address 

address   name                                  
-------   ----                                  
00000000  __TI_static_base__                    
00000000  g_pfnVectors                          
00000200  __STACK_SIZE                          
000003b9  xTCPSocketCheck                       
00000c6f  vTCPStateChange                       
00001bcd  xProcessReceivedTCPPacket             
00001faf  xTCPCheckNewClient                    
0000220f  vNetworkSocketsInit                   
000022ad  FreeRTOS_socket                       
000023b9  FreeRTOS_recvfrom                     
000024d1  FreeRTOS_sendto                       
000025bf  FreeRTOS_bind                         
00002663  vSocketBind                           
00002705  FreeRTOS_closesocket                  
00002749  vSocketClose                          
0000284d  FreeRTOS_setsockopt                   
00002bdb  pxUDPSocketLookup                     
00002bfb  FreeRTOS_inet_addr                    
00002cd7  FreeRTOS_GetLocalAddress              
00002d03  vSocketWakeUpUser                     
00002e37  FreeRTOS_connect                      
00002ec5  FreeRTOS_accept                       
00003015  FreeRTOS_recv                         
000031e7  FreeRTOS_get_tx_head                  
0000323d  FreeRTOS_send                         
00003387  FreeRTOS_listen                       
0000343f  FreeRTOS_shutdown                     
00003497  xTCPTimerCheck                        
0000354f  pxTCPSocketLookup                     
000035cf  FreeRTOS_get_rx_buf                   
000036c1  lTCPAddRxdata                         
00003757  FreeRTOS_GetRemoteAddress             
000037b9  FreeRTOS_maywrite                     
0000381b  FreeRTOS_tx_space                     
00003851  FreeRTOS_tx_size                      
00003885  FreeRTOS_issocketconnected            
000038c3  FreeRTOS_mss                          
000038eb  FreeRTOS_connstatus                   
00003919  FreeRTOS_rx_size                      
0000394d  FreeRTOS_netstat                      
00003965  xTaskGenericCreate                    
00003a7f  vTaskDelete                           
00003b1b  vTaskDelayUntil                       
00003bc3  vTaskDelay                            
00003c1f  uxTaskPriorityGet                     
00003c51  uxTaskPriorityGetFromISR              
00003ca5  vTaskPrioritySet                      
00003db9  vTaskSuspend                          
00003ead  vTaskResume                           
00003f2f  xTaskResumeFromISR                    
00003fc1  vTaskStartScheduler                   
00004025  vTaskEndScheduler                     
00004045  vTaskSuspendAll                       
00004059  xTaskResumeAll                        
00004135  xTaskGetTickCount                     
00004145  xTaskGetTickCountFromISR              
00004159  uxTaskGetNumberOfTasks                
00004169  uxTaskGetSystemState                  
00004239  xTaskIncrementTick                    
00004361  vTaskSwitchContext                    
00004409  vTaskPlaceOnEventList                 
00004471  vTaskPlaceOnUnorderedEventList        
000044e5  vTaskPlaceOnEventListRestricted       
00004549  xTaskRemoveFromEventList              
000045c5  xTaskRemoveFromUnorderedEventList     
00004639  vTaskSetTimeOutState                  
0000465d  xTaskCheckForTimeOut                  
000046d7  vTaskMissedYield                      
000046df  uxTaskGetTaskNumber                   
00004705  vTaskSetTaskNumber                    
00004a81  uxTaskGetStackHighWaterMark           
00004b0b  xTaskGetCurrentTaskHandle             
00004b25  xTaskGetSchedulerState                
00004b51  vTaskPriorityInherit                  
00004c0b  xTaskPriorityDisinherit               
00004ca9  uxTaskResetEventItemValue             
00004ccb  pvTaskIncrementMutexHeldCount         
00004ce9  ulTaskNotifyTake                      
00004db5  xTaskNotifyWait                       
00004e9f  xTaskGenericNotify                    
00004f91  xTaskGenericNotifyFromISR             
00005099  vTaskNotifyGiveFromISR                
0000513f  xTaskNotifyStateClear                 
000052b9  xIsCallingFromIPTask                  
00005465  FreeRTOS_NetworkDown                  
00005487  FreeRTOS_NetworkDownFromISR           
000054b1  FreeRTOS_GetUDPPayloadBuffer          
000054e9  pxDuplicateNetworkBufferWithDescriptor
00005531  pxUDPPayloadBuffer_to_NetworkBuffer   
0000556d  FreeRTOS_ReleaseUDPPayloadBuffer      
00005599  FreeRTOS_IPInit                       
000056c9  FreeRTOS_GetAddressConfiguration      
00005711  FreeRTOS_SetAddressConfiguration      
00005751  FreeRTOS_SendPingRequest              
00005813  xSendEventToIPTask                    
00005851  xSendEventStructToIPTask              
000058e5  eConsiderFrameForProcessing           
000059a1  vIPNetworkUpCalls                     
00005d85  usGenerateProtocolChecksum            
00005ed5  usGenerateChecksum                    
0000605f  vReturnEthernetFrame                  
00006091  FreeRTOS_GetIPAddress                 
00006097  FreeRTOS_SetIPAddress                 
000060a7  FreeRTOS_GetGatewayAddress            
000060ad  FreeRTOS_GetDNSServerAddress          
000060b3  FreeRTOS_GetNetmask                   
000060b9  FreeRTOS_GetMACAddress                
000060bd  FreeRTOS_SetNetmask                   
000060cd  FreeRTOS_SetGatewayAddress            
000060dd  vIPSetDHCPTimerEnableState            
00006101  vIPReloadDHCPTimer                    
0000610f  xIPIsNetworkTaskReady                 
00006115  FreeRTOS_IsNetworkUp                  
00006213  vListInsertGeneric                    
000063a3  xTCPWindowRxEmpty                     
00006475  vTCPWindowDestroy                     
000064d3  vTCPWindowCreate                      
0000653d  vTCPWindowInit                        
00006671  lTCPWindowRxCheck                     
0000685b  lTCPWindowTxAdd                       
000069c9  xTCPWindowTxDone                      
00006a65  xTCPWindowTxHasData                   
00006b13  ulTCPWindowTxGet                      
00006e9f  ulTCPWindowTxAck                      
00006ed1  ulTCPWindowTxSack                     
00006f19  xQueueGenericReset                    
00006fb5  xQueueGenericCreate                   
00007025  xQueueCreateMutex                     
0000709b  xQueueGiveMutexRecursive              
000070d7  xQueueTakeMutexRecursive              
00007121  xQueueCreateCountingSemaphore         
00007141  xQueueGenericSend                     
00007269  xQueueGenericSendFromISR              
000072f5  xQueueGiveFromISR                     
00007375  xQueueGenericReceive                  
000074e3  xQueueReceiveFromISR                  
00007569  xQueuePeekFromISR                     
000075bb  uxQueueMessagesWaiting                
000075d1  uxQueueSpacesAvailable                
000075f1  uxQueueMessagesWaitingFromISR         
00007603  vQueueDelete                          
00007619  uxQueueGetQueueNumber                 
00007627  vQueueSetQueueNumber                  
00007639  ucQueueGetQueueType                   
000077e3  xQueueIsQueueEmptyFromISR             
00007825  xQueueIsQueueFullFromISR              
00007847  vQueueAddToRegistry                   
00007889  vQueueUnregisterQueue                 
000078c3  vQueueWaitForMessageRestricted        
00007921  xIsDHCPSocket                         
00007941  vDHCPProcess                          
00007fe9  xTimerCreateTimerTask                 
00008021  xTimerCreate                          
00008075  xTimerGenericCommand                  
000080e1  pcTimerGetTimerName                   
000084a1  xTimerIsTimerActive                   
000084cd  pvTimerGetTimerID                     
000084e7  vTimerSetTimerID                      
0000851d  eARPProcessPacket                     
000085eb  vARPRefreshCacheEntry                 
00008785  eARPGetCacheEntry                     
000088c1  vARPAgeCache                          
0000898d  vARPSendGratuitous                    
0000899d  FreeRTOS_OutputARPRequest             
000089c5  vARPGenerateRequestPacket             
00008a11  FreeRTOS_ClearARP                     
00008a41  UARTStdioConfig                       
00008a87  UARTwrite                             
00008acd  UARTgets                              
00008b87  UARTgetc                              
00008bad  UARTvprintf                           
00008ea7  UARTprintf                            
00008ef5  FreeRTOS_gethostbyname                
00009105  ulDNSHandlePacket                     
000092a5  xEventGroupCreate                     
000092c5  xEventGroupSync                       
00009395  xEventGroupWaitBits                   
0000947f  xEventGroupClearBits                  
000094ab  xEventGroupGetBitsFromISR             
000094db  xEventGroupSetBits                    
000095a9  vEventGroupDelete                     
000095dd  vEventGroupSetBitsCallback            
000095ed  vEventGroupClearBitsCallback          
00009633  uxEventGroupGetNumber                 
00009653  __aeabi_idiv0                         
00009653  __aeabi_ldiv0                         
00009655  ProcessReceivedPacket                 
000096c5  InitDescriptors                       
0000978f  enable_eth0                           
0000997d  data_update_timer_callback            
00009987  heartbeat_timer_callback              
000099a5  logger_timer_callback                 
00009a91  motor_task_create                     
00009ac1  speed_measure_task_create             
00009af1  current_measure_task_create           
00009b21  logger_task_create                    
00009da5  uxStreamBufferAdd                     
00009e87  uxStreamBufferGet                     
00009f59  pvPortMalloc                          
0000a05b  vPortFree                             
0000a0ad  xPortGetFreeHeapSize                  
0000a0b3  xPortGetMinimumEverFreeHeapSize       
0000a0b9  vPortInitialiseBlocks                 
0000a215  EthernetIntHandler                    
0000a237  vEMACHandlerTask                      
0000a243  xNetworkInterfaceInitialise           
0000a25b  xNetworkInterfaceOutput               
0000a271  vNetworkInterfaceAllocateRAMToBuffers 
0000a27d  xGetPhyLinkStatus                     
0000a289  vApplicationIPNetworkEventHook        
0000a2cd  vApplicationPingReplyHook             
0000a313  vSendPing                             
0000a4c1  packet_send                           
0000a55f  packet_recieve                        
0000a56b  get_heartbeat                         
0000a58b  get_motor_values                      
0000a5d5  get_pid_params                        
0000a607  get_pid_config                        
0000a639  calc_checksum                         
0000a677  print_data_packet                     
0000a75d  xNetworkBuffersInitialise             
0000a803  pucGetNetworkBuffer                   
0000a847  vReleaseNetworkBuffer                 
0000a85d  pxGetNetworkBufferWithDescriptor      
0000a913  vReleaseNetworkBufferAndDescriptor    
0000a95d  uxGetNumberOfFreeNetworkBuffers       
0000a963  uxGetMinimumFreeNetworkBuffers        
0000a969  pxResizeNetworkBufferWithDescriptor   
0000a9f1  vProcessGeneratedUDPPacket            
0000ab45  xProcessReceivedUDPPacket             
0000abf9  SysCtlClockFreqSet                    
0000adf9  UART0_Init                            
0000ae47  UART3_Init                            
0000ae9b  uart_send_n                           
0000aed5  uart_get_n                            
0000af0f  UART3IntHandler                       
0000af95  __aeabi_ddiv                          
0000b0cb  GPIOPadConfigSet                      
0000b1fd  vListInitialise                       
0000b22d  vListInitialiseItem                   
0000b23d  vListInsertEnd                        
0000b279  vListInsert                           
0000b2df  uxListRemove                          
0000b329  pxPortInitialiseStack                 
0000b38f  xPortStartScheduler                   
0000b3c5  vPortEndScheduler                     
0000b3c7  vPortEnterCritical                    
0000b3e7  vPortExitCritical                     
0000b3fd  xPortSysTickHandler                   
0000b423  vPortSetupTimerInterrupt              
0000b451  vApplicationStackOverflowHook         
0000b45f  main                                  
0000b571  __aeabi_dmul                          
0000b66d  pwm_init                              
0000b6ed  motor_speed                           
0000b719  led_bright                            
0000b75d  adc_init                              
0000b79f  get_adc_count                         
0000b7cb  get_current                           
0000b841  ulPortGetIPSR                         
0000b859  xPortPendSVHandler                    
0000b8b9  vPortSVCHandler                       
0000b8d9  vPortStartFirstTask                   
0000b8f5  vPortEnableVFP                        
0000b903  __aeabi_memcpy                        
0000b903  __aeabi_memcpy4                       
0000b903  __aeabi_memcpy8                       
0000b903  memcpy                                
0000b99f  ADCSequenceStepConfigure              
0000ba19  __aeabi_memclr                        
0000ba19  __aeabi_memclr4                       
0000ba19  __aeabi_memclr8                       
0000ba1b  __aeabi_memset                        
0000ba1b  __aeabi_memset4                       
0000ba1b  __aeabi_memset8                       
0000ba21  memset                                
0000ba95  EMACInit                              
0000bb0d  __aeabi_d2f                           
0000bb7d  IntEnable                             
0000bbe5  __TI_decompress_lzss                  
0000bc4d  EMACPHYConfigSet                      
0000bca5  ADCSequenceConfigure                  
0000bcf5  SysCtlPeripheralReset                 
0000bd45  GPIOPinConfigure                      
0000bdd5  UARTConfigSetExpClk                   
0000be1d  __TI_auto_init_nobinit_nopinit        
0000be61  ConfigureLEDs                         
0000bee5  __aeabi_uidiv                         
0000bee5  __aeabi_uidivmod                      
0000bf25  EMACIntEnable                         
0000bf61  EMACConfigSet                         
0000bf99  SysCtlPeripheralPresent               
0000bfd1  SysCtlPeripheralReady                 
0000c009  _c_int00_noargs                       
0000c041  EMACIntClear                          
0000c075  IntRegister                           
0000c0a9  SysCtlPeripheralEnable                
0000c0dd  EMACAddrSet                           
0000c10d  ADCIntStatus                          
0000c13b  EMACIntStatus                         
0000c167  GPIODirModeSet                        
0000c191  memcmp                                
0000c1b5  memmove                               
0000c1d9  PWMGenConfigure                       
0000c1fd  UARTDisable                           
0000c23d  __aeabi_ui2d                          
0000c25d  ADCSequenceDataGet                    
0000c27b  PWMPulseWidthSet                      
0000c299  ADCProcessorTrigger                   
0000c2b1  GPIOPinTypeGPIOOutput                 
0000c2c9  UARTIntRegister                       
0000c2e1  EMACReset                             
0000c2f7  EMACRxEnable                          
0000c30d  EMACTxEnable                          
0000c325  FlashUserGet                          
0000c339  PWMClockSet                           
0000c34d  UARTEnable                            
0000c361  strcpy                                
0000c375  strlen                                
0000c389  GPIOPinTypeADC                        
0000c39b  GPIOPinTypePWM                        
0000c3ad  GPIOPinTypeUART                       
0000c3bf  PWMGenPeriodGet                       
0000c3d1  PWMOutputInvert                       
0000c3e3  PWMOutputState                        
0000c3f5  EMACFrameFilterSet                    
0000c405  PWMGenPeriodSet                       
0000c415  ADCSequenceEnable                     
0000c423  UARTCharsAvail                        
0000c431  __TI_decompress_none                  
0000c43f  PWMGenEnable                          
0000c44b  __TI_zero_init                        
0000c457  ResetISR                              
0000c463  UARTCharGet                           
0000c46d  UARTCharPut                           
0000c477  UARTIntDisable                        
0000c481  UARTIntEnable                         
0000c489  EMACRxDMADescriptorListSet            
0000c48f  EMACTxDMADescriptorListSet            
0000c495  GPIOPinWrite                          
0000c49b  SysCtlDelay                           
0000c4a1  UARTIntClear                          
0000c4a5  _system_pre_init                      
0000c4a9  C$$EXIT                               
0000c4a9  abort                                 
0000c988  xBroadcastMACAddress                  
0000c990  xBufferAllocFixedSize                 
0000c994  ulMaxSyscallInterruptPriority         
0000c9e0  __TI_Handler_Table_Base               
0000c9ec  __TI_Handler_Table_Limit              
0000ca00  __TI_CINIT_Base                       
0000ca18  __TI_CINIT_Limit                      
20000000  g_pfnRAMVectors                       
2000779c  g_ppui8RxBuffer                       
20008c44  g_psRxDescriptor                      
20008ca4  g_psTxDescriptor                      
20008d04  xQueueRegistry                        
20008d9c  my_packet                             
20008ed8  xBoundTCPSocketsList                  
20008eec  xBoundUDPSocketsList                  
20008f18  pui8MACAddr                           
20008f2c  g_ui32RxDescIndex                     
20008f30  g_ui32SysClock                        
20008f34  g_ui32TxDescIndex                     
20008f38  ip                                    
20008f3c  length                                
20008f40  ui32Loop                              
20008f44  ui32User0                             
20008f48  ui32User1                             
20008f4c  xEMACRxEventSemaphore                 
20008f50  xPingReplyQueue                       
20008f54  ui8PHYAddr                            
20008f58  __stack                               
20009158  __STACK_END                           
20009158  __STACK_TOP                           
20009158  pxCurrentTCB                          
20009188  xNetworkEventQueue                    
2000918c  usPacketIdentifier                    
200091ac  xDefaultPartUDPPacketHeader           
200091c4  packet_type_strings                   
200091d8  xDefaultAddressing                    
200091ec  xNetworkAddressing                    
20009210  toggle                                
20009230  xTCPWindowLoggingLevel                
20009234  comm_hw_used                          
20009238  xSocket                               
20009258  ulNextInitialSequenceNumber           
ffffffff  __TI_pprof_out_hndl                   
ffffffff  __TI_prof_data_size                   
ffffffff  __TI_prof_data_start                  
ffffffff  __binit__                             
ffffffff  __c_args__                            
ffffffff  binit                                 
UNDEFED   __mpu_init                            
UNDEFED   _system_post_cinit                    

[395 symbols]
