******************************************************************************
                  TI ARM Linker PC v18.1.1                     
******************************************************************************
>> Linked Tue Apr 24 21:55:01 2018

OUTPUT FILE NAME:   <project2-ecen5013.out>
ENTRY POINT SYMBOL: "_c_int00_noargs"  address: 0000b3cd


MEMORY CONFIGURATION

         name            origin    length      used     unused   attr    fill
----------------------  --------  ---------  --------  --------  ----  --------
  FLASH                 00000000   00100000  0000bb26  000f44da  R  X
  SRAM                  20000000   00040000  00008f95  0003706b  RW X


SEGMENT ALLOCATION MAP

run origin  load origin   length   init length attrs members
----------  ----------- ---------- ----------- ----- -------
00000000    00000000    0000bb28   0000bb28    r-x
  00000000    00000000    00000208   00000208    r-- .intvecs
  00000208    00000208    0000b49e   0000b49e    r-x .text
  0000b6a8    0000b6a8    00000438   00000438    r-- .const
  0000bae0    0000bae0    00000048   00000048    r-- .cinit
20000000    20000000    00008f9c   00000000    rw-
  20000000    20000000    00008cb9   00000000    rw- .bss
  20008cc0    20008cc0    00000200   00000000    rw- .stack
  20008ec0    20008ec0    000000dc   00000000    rw- .data


SECTION ALLOCATION MAP

 output                                  attributes/
section   page    origin      length       input sections
--------  ----  ----------  ----------   ----------------
.intvecs   0    00000000    00000208     
                  00000000    00000208     tm4c1292ncpdt_startup_ccs.obj (.intvecs)

.text      0    00000208    0000b49e     
                  00000208    00001e20     FreeRTOS_TCP_IP.obj (.text)
                  00002028    0000193c     FreeRTOS_Sockets.obj (.text)
                  00003964    0000182c     tasks.obj (.text)
                  00005190    00000fac     FreeRTOS_IP.obj (.text)
                  0000613c    00000ddc     FreeRTOS_TCP_WIN.obj (.text)
                  00006f18    00000a08     queue.obj (.text)
                  00007920    000006c8     FreeRTOS_DHCP.obj (.text)
                  00007fe8    00000534     timers.obj (.text)
                  0000851c    00000524     FreeRTOS_ARP.obj (.text)
                  00008a40    0000049c     uartstdio.obj (.text)
                  00008edc    000003c8     FreeRTOS_DNS.obj (.text)
                  000092a4    000003ae     event_groups.obj (.text)
                  00009652    00000002     rtsv7M4_T_le_v4SPD16_eabi.lib : div0.asm.obj (.text)
                  00009654    00000328     ethernet.obj (.text)
                  0000997c    000002c4     FreeRTOS_Stream_Buffer.obj (.text)
                  00009c40    000002bc     heap_4.obj (.text)
                  00009efc    00000294     BufferAllocation_2.obj (.text)
                  0000a190    00000280     NetworkInterface.obj (.text)
                  0000a410    00000208     FreeRTOS_UDP_IP.obj (.text)
                  0000a618    00000200     driverlib.lib : sysctl.obj (.text:SysCtlClockFreqSet)
                  0000a818    00000132                   : gpio.obj (.text:GPIOPadConfigSet)
                  0000a94a    0000012a     list.obj (.text)
                  0000aa74    00000128     port.obj (.text)
                  0000ab9c    00000104     main.obj (.text)
                  0000aca0    000000d2     portasm.obj (.text)
                  0000ad72    00000002     --HOLE-- [fill = 0]
                  0000ad74    000000cc     serial_interface.obj (.text)
                  0000ae40    0000009c     rtsv7M4_T_le_v4SPD16_eabi.lib : memcpy_t2.asm.obj (.text)
                  0000aedc    0000007a                                   : memset_t2.asm.obj (.text)
                  0000af56    00000002     --HOLE-- [fill = 0]
                  0000af58    00000078     driverlib.lib : emac.obj (.text:EMACInit)
                  0000afd0    00000068                   : interrupt.obj (.text:IntEnable)
                  0000b038    00000068     rtsv7M4_T_le_v4SPD16_eabi.lib : copy_decompress_lzss.c.obj (.text:decompress:lzss:__TI_decompress_lzss)
                  0000b0a0    00000058     driverlib.lib : emac.obj (.text:EMACPHYConfigSet)
                  0000b0f8    00000050                   : sysctl.obj (.text:SysCtlPeripheralReset)
                  0000b148    00000048                   : gpio.obj (.text:GPIOPinConfigure)
                  0000b190    00000048                   : sysctl.obj (.text:_SysCtlFrequencyGet)
                  0000b1d8    00000046                   : uart.obj (.text:UARTConfigSetExpClk)
                  0000b21e    00000002     --HOLE-- [fill = 0]
                  0000b220    00000044     rtsv7M4_T_le_v4SPD16_eabi.lib : autoinit.c.obj (.text:__TI_auto_init_nobinit_nopinit:__TI_auto_init_nobinit_nopinit)
                  0000b264    00000044     leds.obj (.text)
                  0000b2a8    00000040     rtsv7M4_T_le_v4SPD16_eabi.lib : u_divt2.asm.obj (.text)
                  0000b2e8    0000003a     driverlib.lib : emac.obj (.text:EMACIntEnable)
                  0000b322    00000002     --HOLE-- [fill = 0]
                  0000b324    00000038                   : emac.obj (.text:EMACConfigSet)
                  0000b35c    00000038                   : sysctl.obj (.text:SysCtlPeripheralPresent)
                  0000b394    00000038                   : sysctl.obj (.text:SysCtlPeripheralReady)
                  0000b3cc    00000038     rtsv7M4_T_le_v4SPD16_eabi.lib : boot_cortex_m.c.obj (.text:_c_int00_noargs:_c_int00_noargs)
                  0000b404    00000034     driverlib.lib : emac.obj (.text:EMACIntClear)
                  0000b438    00000034                   : sysctl.obj (.text:SysCtlPeripheralEnable)
                  0000b46c    00000030                   : emac.obj (.text:EMACAddrSet)
                  0000b49c    0000002c                   : emac.obj (.text:EMACIntStatus)
                  0000b4c8    0000002a                   : gpio.obj (.text:GPIODirModeSet)
                  0000b4f2    00000024     rtsv7M4_T_le_v4SPD16_eabi.lib : memcmp.c.obj (.text:memcmp)
                  0000b516    00000024                                   : memmov.c.obj (.text:memmove)
                  0000b53a    00000002     --HOLE-- [fill = 0]
                  0000b53c    00000020     driverlib.lib : uart.obj (.text:UARTDisable)
                  0000b55c    00000020                   : sysctl.obj (.text:_SysCtlMemTimingGet)
                  0000b57c    00000018                   : gpio.obj (.text:GPIOPinTypeGPIOOutput)
                  0000b594    00000016                   : emac.obj (.text:EMACReset)
                  0000b5aa    00000016                   : emac.obj (.text:EMACRxEnable)
                  0000b5c0    00000016                   : emac.obj (.text:EMACTxEnable)
                  0000b5d6    00000002     --HOLE-- [fill = 0]
                  0000b5d8    00000014                   : flash.obj (.text:FlashUserGet)
                  0000b5ec    00000014                   : uart.obj (.text:UARTEnable)
                  0000b600    00000014     rtsv7M4_T_le_v4SPD16_eabi.lib : strcpy.c.obj (.text:strcpy)
                  0000b614    00000014                                   : strlen.c.obj (.text:strlen)
                  0000b628    00000012     driverlib.lib : gpio.obj (.text:GPIOPinTypeUART)
                  0000b63a    00000002     --HOLE-- [fill = 0]
                  0000b63c    00000010                   : emac.obj (.text:EMACFrameFilterSet)
                  0000b64c    0000000e     rtsv7M4_T_le_v4SPD16_eabi.lib : copy_decompress_none.c.obj (.text:decompress:none:__TI_decompress_none)
                  0000b65a    0000000c                                   : copy_zero_init.c.obj (.text:decompress:ZI:__TI_zero_init)
                  0000b666    0000000c     tm4c1292ncpdt_startup_ccs.obj (.text)
                  0000b672    0000000a     driverlib.lib : uart.obj (.text:UARTCharGet)
                  0000b67c    0000000a                   : uart.obj (.text:UARTCharPut)
                  0000b686    00000006                   : emac.obj (.text:EMACRxDMADescriptorListSet)
                  0000b68c    00000006                   : emac.obj (.text:EMACTxDMADescriptorListSet)
                  0000b692    00000006                   : gpio.obj (.text:GPIOPinWrite)
                  0000b698    00000006                   : sysctl.obj (.text:SysCtlDelay)
                  0000b69e    00000004     rtsv7M4_T_le_v4SPD16_eabi.lib : pre_init.c.obj (.text:_system_pre_init)
                  0000b6a2    00000004                                   : exit.c.obj (.text:abort:abort)

.const     0    0000b6a8    00000438     
                  0000b6a8    000001b0     driverlib.lib : sysctl.obj (.const:g_pppui32XTALtoVCO)
                  0000b858    00000090                   : gpio.obj (.const:g_pui32GPIOBaseAddrs)
                  0000b8e8    00000070                   : interrupt.obj (.const)
                  0000b958    0000006c                   : sysctl.obj (.const:g_pui32Xtals)
                  0000b9c4    00000030                   : sysctl.obj (.const:g_sXTALtoMEMTIM)
                  0000b9f4    00000026     FreeRTOS_ARP.obj (.const:.string:xDefaultPartARPPacketHeader)
                  0000ba1a    00000018     FreeRTOS_DHCP.obj (.const:.string:ucDHCPRequestOptions$1)
                  0000ba32    00000002     --HOLE-- [fill = 0]
                  0000ba34    00000018     driverlib.lib : emac.obj (.const)
                  0000ba4c    00000012     uartstdio.obj (.const:.string)
                  0000ba5e    00000011     FreeRTOS_DHCP.obj (.const:.string:ucDHCPDiscoverOptions$2)
                  0000ba6f    00000001     --HOLE-- [fill = 0]
                  0000ba70    0000000c     uartstdio.obj (.const:g_ui32UARTBase)
                  0000ba7c    0000000c     uartstdio.obj (.const:g_ui32UARTPeriph)
                  0000ba88    0000000c     FreeRTOS_DNS.obj (.const:xDefaultPartDNSHeader$3)
                  0000ba94    00000008     FreeRTOS_Sockets.obj (.const:$P$T0$1)
                  0000ba9c    00000008     FreeRTOS_IP.obj (.const:$P$T0$5)
                  0000baa4    00000008     driverlib.lib : sysctl.obj (.const)
                  0000baac    00000008     FreeRTOS_IP.obj (.const:xNetworkDownEvent$2)
                  0000bab4    00000008     FreeRTOS_IP.obj (.const:xNetworkDownEvent$3)
                  0000babc    00000006     FreeRTOS_IP.obj (.const:xBroadcastMACAddress)
                  0000bac2    00000004     main.obj (.const:.string:ucDNSServerAddress)
                  0000bac6    00000004     main.obj (.const:.string:ucGatewayAddress)
                  0000baca    00000004     main.obj (.const:.string:ucIPAddress)
                  0000bace    00000004     main.obj (.const:.string:ucNetMask)
                  0000bad2    00000002     --HOLE-- [fill = 0]
                  0000bad4    00000004     BufferAllocation_2.obj (.const)
                  0000bad8    00000004     port.obj (.const)
                  0000badc    00000004     uartstdio.obj (.const)

.cinit     0    0000bae0    00000048     
                  0000bae0    00000024     (.cinit..data.load) [load image, compression = lzss]
                  0000bb04    0000000c     (__TI_handler_table)
                  0000bb10    00000008     (.cinit..bss.load) [load image, compression = zero_init]
                  0000bb18    00000010     (__TI_cinit_table)

.init_array 
*          0    00000000    00000000     UNINITIALIZED

.bss       0    20000000    00008cb9     UNINITIALIZED
                  20000000    00007530     heap_4.obj (.bss:ucHeap)
                  20007530    00001200     (.common:g_ppui8RxBuffer)
                  20008730    00000168     BufferAllocation_2.obj (.bss:xNetworkBufferDescriptors)
                  20008898    00000140     tasks.obj (.bss:pxReadyTasksLists)
                  200089d8    00000060     (.common:g_psRxDescriptor)
                  20008a38    00000060     (.common:g_psTxDescriptor)
                  20008a98    00000050     (.common:xQueueRegistry)
                  20008ae8    00000048     FreeRTOS_ARP.obj (.bss:xARPCache)
                  20008b30    00000024     FreeRTOS_DHCP.obj (.bss:xDHCPData)
                  20008b54    00000014     FreeRTOS_IP.obj (.bss:xARPTimer)
                  20008b68    00000014     timers.obj (.bss:xActiveTimerList1)
                  20008b7c    00000014     timers.obj (.bss:xActiveTimerList2)
                  20008b90    00000014     FreeRTOS_IP.obj (.bss:xDHCPTimer)
                  20008ba4    00000014     tasks.obj (.bss:xDelayedTaskList1)
                  20008bb8    00000014     tasks.obj (.bss:xDelayedTaskList2)
                  20008bcc    00000014     BufferAllocation_2.obj (.bss:xFreeBuffersList)
                  20008be0    00000014     tasks.obj (.bss:xPendingReadyList)
                  20008bf4    00000014     FreeRTOS_TCP_WIN.obj (.bss:xSegmentList)
                  20008c08    00000014     tasks.obj (.bss:xSuspendedTaskList)
                  20008c1c    00000014     FreeRTOS_IP.obj (.bss:xTCPTimer)
                  20008c30    00000014     tasks.obj (.bss:xTasksWaitingTermination)
                  20008c44    00000014     (.common:xBoundTCPSocketsList)
                  20008c58    00000014     (.common:xBoundUDPSocketsList)
                  20008c6c    00000008     tasks.obj (.bss)
                  20008c74    00000008     timers.obj (.bss)
                  20008c7c    00000008     heap_4.obj (.bss:xStart)
                  20008c84    00000008     (.common:pui8MACAddr)
                  20008c8c    00000004     BufferAllocation_2.obj (.bss)
                  20008c90    00000004     FreeRTOS_DNS.obj (.bss)
                  20008c94    00000004     FreeRTOS_IP.obj (.bss)
                  20008c98    00000004     (.common:g_ui32RxDescIndex)
                  20008c9c    00000004     (.common:g_ui32SysClock)
                  20008ca0    00000004     (.common:g_ui32TxDescIndex)
                  20008ca4    00000004     (.common:ui32Loop)
                  20008ca8    00000004     (.common:ui32User0)
                  20008cac    00000004     (.common:ui32User1)
                  20008cb0    00000004     (.common:xEMACRxEventSemaphore)
                  20008cb4    00000004     (.common:xPingReplyQueue)
                  20008cb8    00000001     (.common:ui8PHYAddr)

.data      0    20008ec0    000000dc     UNINITIALIZED
                  20008ec0    00000030     tasks.obj (.data)
                  20008ef0    00000024     FreeRTOS_IP.obj (.data)
                  20008f14    00000018     FreeRTOS_UDP_IP.obj (.data:xDefaultPartUDPPacketHeader)
                  20008f2c    00000014     FreeRTOS_IP.obj (.data:xDefaultAddressing)
                  20008f40    00000014     FreeRTOS_IP.obj (.data:xNetworkAddressing)
                  20008f54    00000010     heap_4.obj (.data)
                  20008f64    00000008     FreeRTOS_DNS.obj (.data)
                  20008f6c    00000008     FreeRTOS_TCP_WIN.obj (.data)
                  20008f74    00000008     timers.obj (.data)
                  20008f7c    00000005     uartstdio.obj (.data)
                  20008f81    00000003     --HOLE--
                  20008f84    00000004     BufferAllocation_2.obj (.data)
                  20008f88    00000004     FreeRTOS_ARP.obj (.data)
                  20008f8c    00000004     FreeRTOS_Sockets.obj (.data)
                  20008f90    00000004     FreeRTOS_TCP_IP.obj (.data)
                  20008f94    00000004     port.obj (.data)
                  20008f98    00000004     FreeRTOS_Sockets.obj (.data:usNextPortToUse)

.stack     0    20008cc0    00000200     UNINITIALIZED
                  20008cc0    00000004     rtsv7M4_T_le_v4SPD16_eabi.lib : boot_cortex_m.c.obj (.stack)
                  20008cc4    000001fc     --HOLE--

MODULE SUMMARY

       Module                          code    ro data   rw data
       ------                          ----    -------   -------
    .\
       uartstdio.obj                   1180    46        5      
       tm4c1292ncpdt_startup_ccs.obj   12      520       0      
       main.obj                        260     16        16     
    +--+-------------------------------+-------+---------+---------+
       Total:                          1452    582       21     
                                                                
    .\driver\
       ethernet.obj                    808     0         4821   
       serial_interface.obj            204     0         0      
       leds.obj                        68      0         0      
    +--+-------------------------------+-------+---------+---------+
       Total:                          1080    0         4821   
                                                                
    .\third_party\FreeRTOS-Plus-TCP\
       FreeRTOS_TCP_IP.obj             7712    0         4      
       FreeRTOS_Sockets.obj            6460    8         48     
       FreeRTOS_IP.obj                 4012    30        140    
       FreeRTOS_TCP_WIN.obj            3548    0         28     
       FreeRTOS_DHCP.obj               1736    41        36     
       FreeRTOS_ARP.obj                1316    38        76     
       FreeRTOS_DNS.obj                968     12        12     
       FreeRTOS_Stream_Buffer.obj      708     0         0      
       FreeRTOS_UDP_IP.obj             520     0         24     
    +--+-------------------------------+-------+---------+---------+
       Total:                          26980   129       368    
                                                                
    .\third_party\FreeRTOS-Plus-TCP\portable\BufferManagement\
       BufferAllocation_2.obj          660     4         388    
    +--+-------------------------------+-------+---------+---------+
       Total:                          660     4         388    
                                                                
    .\third_party\FreeRTOS-Plus-TCP\portable\NetworkInterface\ARM_CM4F\
       NetworkInterface.obj            640     0         4      
    +--+-------------------------------+-------+---------+---------+
       Total:                          640     0         4      
                                                                
    .\third_party\FreeRTOS\Source\
       tasks.obj                       6188    0         476    
       queue.obj                       2568    0         80     
       timers.obj                      1332    0         56     
       event_groups.obj                942     0         0      
       list.obj                        298     0         0      
    +--+-------------------------------+-------+---------+---------+
       Total:                          11328   0         612    
                                                                
    .\third_party\FreeRTOS\Source\portable\CCS\ARM_CM4F\
       port.obj                        296     4         4      
       portasm.obj                     210     0         0      
    +--+-------------------------------+-------+---------+---------+
       Total:                          506     4         4      
                                                                
    .\third_party\FreeRTOS\Source\portable\MemMang\
       heap_4.obj                      700     0         30024  
    +--+-------------------------------+-------+---------+---------+
       Total:                          700     0         30024  
                                                                
    ../driverlib.lib
       sysctl.obj                      866     596       0      
       gpio.obj                        468     144       0      
       emac.obj                        560     24        0      
       interrupt.obj                   104     112       0      
       uart.obj                        142     0         0      
       flash.obj                       20      0         0      
    +--+-------------------------------+-------+---------+---------+
       Total:                          2160    876       0      
                                                                
    C:\ti\ccsv8\tools\compiler\ti-cgt-arm_18.1.1.LTS\lib\rtsv7M4_T_le_v4SPD16_eabi.lib
       memcpy_t2.asm.obj               156     0         0      
       memset_t2.asm.obj               122     0         0      
       copy_decompress_lzss.c.obj      104     0         0      
       autoinit.c.obj                  68      0         0      
       u_divt2.asm.obj                 64      0         0      
       boot_cortex_m.c.obj             56      0         0      
       memcmp.c.obj                    36      0         0      
       memmov.c.obj                    36      0         0      
       strcpy.c.obj                    20      0         0      
       strlen.c.obj                    20      0         0      
       copy_decompress_none.c.obj      14      0         0      
       copy_zero_init.c.obj            12      0         0      
       exit.c.obj                      4       0         0      
       pre_init.c.obj                  4       0         0      
       div0.asm.obj                    2       0         0      
    +--+-------------------------------+-------+---------+---------+
       Total:                          718     0         0      
                                                                
       Stack:                          0       0         512    
       Linker Generated:               0       72        0      
    +--+-------------------------------+-------+---------+---------+
       Grand Total:                    46224   1667      36754  


LINKER GENERATED COPY TABLES

__TI_cinit_table @ 0000bb18 records: 2, size/record: 8, table size: 16
	.data: load addr=0000bae0, load size=00000024 bytes, run addr=20008ec0, run size=000000dc bytes, compression=lzss
	.bss: load addr=0000bb10, load size=00000008 bytes, run addr=20000000, run size=00008cb9 bytes, compression=zero_init


LINKER GENERATED HANDLER TABLE

__TI_handler_table @ 0000bb04 records: 3, size/record: 4, table size: 12
	index: 0, handler: __TI_decompress_lzss
	index: 1, handler: __TI_decompress_none
	index: 2, handler: __TI_zero_init


GLOBAL SYMBOLS: SORTED ALPHABETICALLY BY Name 

address   name                                  
-------   ----                                  
0000b6a3  C$$EXIT                               
0000b265  ConfigureLEDs                         
0000b46d  EMACAddrSet                           
0000b325  EMACConfigSet                         
0000b63d  EMACFrameFilterSet                    
0000af59  EMACInit                              
0000b405  EMACIntClear                          
0000b2e9  EMACIntEnable                         
0000b49d  EMACIntStatus                         
0000b0a1  EMACPHYConfigSet                      
0000b595  EMACReset                             
0000b687  EMACRxDMADescriptorListSet            
0000b5ab  EMACRxEnable                          
0000b68d  EMACTxDMADescriptorListSet            
0000b5c1  EMACTxEnable                          
0000a191  EthernetIntHandler                    
0000b5d9  FlashUserGet                          
00008a11  FreeRTOS_ClearARP                     
000056c9  FreeRTOS_GetAddressConfiguration      
000060ad  FreeRTOS_GetDNSServerAddress          
000060a7  FreeRTOS_GetGatewayAddress            
00006091  FreeRTOS_GetIPAddress                 
00002cd7  FreeRTOS_GetLocalAddress              
000060b9  FreeRTOS_GetMACAddress                
000060b3  FreeRTOS_GetNetmask                   
00003757  FreeRTOS_GetRemoteAddress             
000054b1  FreeRTOS_GetUDPPayloadBuffer          
00005599  FreeRTOS_IPInit                       
00006115  FreeRTOS_IsNetworkUp                  
00005465  FreeRTOS_NetworkDown                  
00005487  FreeRTOS_NetworkDownFromISR           
0000899d  FreeRTOS_OutputARPRequest             
0000556d  FreeRTOS_ReleaseUDPPayloadBuffer      
00005751  FreeRTOS_SendPingRequest              
00005711  FreeRTOS_SetAddressConfiguration      
000060cd  FreeRTOS_SetGatewayAddress            
00006097  FreeRTOS_SetIPAddress                 
000060bd  FreeRTOS_SetNetmask                   
00002ec5  FreeRTOS_accept                       
000025bf  FreeRTOS_bind                         
00002705  FreeRTOS_closesocket                  
00002e37  FreeRTOS_connect                      
000038eb  FreeRTOS_connstatus                   
000035cf  FreeRTOS_get_rx_buf                   
000031e7  FreeRTOS_get_tx_head                  
00008ef5  FreeRTOS_gethostbyname                
00002bfb  FreeRTOS_inet_addr                    
00003885  FreeRTOS_issocketconnected            
00003387  FreeRTOS_listen                       
000037b9  FreeRTOS_maywrite                     
000038c3  FreeRTOS_mss                          
0000394d  FreeRTOS_netstat                      
00003015  FreeRTOS_recv                         
000023b9  FreeRTOS_recvfrom                     
00003919  FreeRTOS_rx_size                      
0000323d  FreeRTOS_send                         
000024d1  FreeRTOS_sendto                       
0000284d  FreeRTOS_setsockopt                   
0000343f  FreeRTOS_shutdown                     
000022ad  FreeRTOS_socket                       
00003851  FreeRTOS_tx_size                      
0000381b  FreeRTOS_tx_space                     
0000b4c9  GPIODirModeSet                        
0000a819  GPIOPadConfigSet                      
0000b149  GPIOPinConfigure                      
0000b57d  GPIOPinTypeGPIOOutput                 
0000b629  GPIOPinTypeUART                       
0000b693  GPIOPinWrite                          
000096c5  InitDescriptors                       
0000afd1  IntEnable                             
00009655  ProcessReceivedPacket                 
0000b667  ResetISR                              
0000a619  SysCtlClockFreqSet                    
0000b699  SysCtlDelay                           
0000b439  SysCtlPeripheralEnable                
0000b35d  SysCtlPeripheralPresent               
0000b395  SysCtlPeripheralReady                 
0000b0f9  SysCtlPeripheralReset                 
0000ad75  UART0_Init                            
0000adb9  UART3_Init                            
0000b673  UARTCharGet                           
0000b67d  UARTCharPut                           
0000b1d9  UARTConfigSetExpClk                   
0000b53d  UARTDisable                           
0000b5ed  UARTEnable                            
00008a41  UARTStdioConfig                       
00008b87  UARTgetc                              
00008acd  UARTgets                              
00008ea7  UARTprintf                            
00008bad  UARTvprintf                           
00008a87  UARTwrite                             
20008ec0  __STACK_END                           
00000200  __STACK_SIZE                          
20008ec0  __STACK_TOP                           
0000bb18  __TI_CINIT_Base                       
0000bb28  __TI_CINIT_Limit                      
0000bb04  __TI_Handler_Table_Base               
0000bb10  __TI_Handler_Table_Limit              
0000b221  __TI_auto_init_nobinit_nopinit        
0000b039  __TI_decompress_lzss                  
0000b64d  __TI_decompress_none                  
ffffffff  __TI_pprof_out_hndl                   
ffffffff  __TI_prof_data_size                   
ffffffff  __TI_prof_data_start                  
00000000  __TI_static_base__                    
0000b65b  __TI_zero_init                        
00009653  __aeabi_idiv0                         
00009653  __aeabi_ldiv0                         
0000aedd  __aeabi_memclr                        
0000aedd  __aeabi_memclr4                       
0000aedd  __aeabi_memclr8                       
0000ae41  __aeabi_memcpy                        
0000ae41  __aeabi_memcpy4                       
0000ae41  __aeabi_memcpy8                       
0000aedf  __aeabi_memset                        
0000aedf  __aeabi_memset4                       
0000aedf  __aeabi_memset8                       
0000b2a9  __aeabi_uidiv                         
0000b2a9  __aeabi_uidivmod                      
ffffffff  __binit__                             
ffffffff  __c_args__                            
UNDEFED   __mpu_init                            
20008cc0  __stack                               
0000b3cd  _c_int00_noargs                       
UNDEFED   _system_post_cinit                    
0000b69f  _system_pre_init                      
0000b6a3  abort                                 
ffffffff  binit                                 
00008785  eARPGetCacheEntry                     
0000851d  eARPProcessPacket                     
000058e5  eConsiderFrameForProcessing           
0000978f  enable_eth0                           
00000000  g_pfnVectors                          
20007530  g_ppui8RxBuffer                       
200089d8  g_psRxDescriptor                      
20008a38  g_psTxDescriptor                      
20008c98  g_ui32RxDescIndex                     
20008c9c  g_ui32SysClock                        
20008ca0  g_ui32TxDescIndex                     
000036c1  lTCPAddRxdata                         
00006671  lTCPWindowRxCheck                     
0000685b  lTCPWindowTxAdd                       
0000abab  main                                  
0000b4f3  memcmp                                
0000ae41  memcpy                                
0000b517  memmove                               
0000aee5  memset                                
000080e1  pcTimerGetTimerName                   
00009fa3  pucGetNetworkBuffer                   
20008c84  pui8MACAddr                           
00009c41  pvPortMalloc                          
00004ccb  pvTaskIncrementMutexHeldCount         
000084cd  pvTimerGetTimerID                     
20008ec0  pxCurrentTCB                          
000054e9  pxDuplicateNetworkBufferWithDescriptor
00009ffd  pxGetNetworkBufferWithDescriptor      
0000aa75  pxPortInitialiseStack                 
0000a109  pxResizeNetworkBufferWithDescriptor   
0000354f  pxTCPSocketLookup                     
00005531  pxUDPPayloadBuffer_to_NetworkBuffer   
00002bdb  pxUDPSocketLookup                     
0000b601  strcpy                                
0000b615  strlen                                
0000adf3  uart_send_n                           
00007639  ucQueueGetQueueType                   
20008ca4  ui32Loop                              
20008ca8  ui32User0                             
20008cac  ui32User1                             
20008cb8  ui8PHYAddr                            
00009105  ulDNSHandlePacket                     
0000bad8  ulMaxSyscallInterruptPriority         
20008f90  ulNextInitialSequenceNumber           
0000acb1  ulPortGetIPSR                         
00006e9f  ulTCPWindowTxAck                      
00006b13  ulTCPWindowTxGet                      
00006ed1  ulTCPWindowTxSack                     
00004ce9  ulTaskNotifyTake                      
00005ed5  usGenerateChecksum                    
00005d85  usGenerateProtocolChecksum            
20008ef4  usPacketIdentifier                    
00009633  uxEventGroupGetNumber                 
0000a103  uxGetMinimumFreeNetworkBuffers        
0000a0fd  uxGetNumberOfFreeNetworkBuffers       
0000aa2d  uxListRemove                          
00007619  uxQueueGetQueueNumber                 
000075bb  uxQueueMessagesWaiting                
000075f1  uxQueueMessagesWaitingFromISR         
000075d1  uxQueueSpacesAvailable                
00009a8d  uxStreamBufferAdd                     
00009b6f  uxStreamBufferGet                     
00004159  uxTaskGetNumberOfTasks                
00004a81  uxTaskGetStackHighWaterMark           
00004169  uxTaskGetSystemState                  
000046df  uxTaskGetTaskNumber                   
00003c1f  uxTaskPriorityGet                     
00003c51  uxTaskPriorityGetFromISR              
00004ca9  uxTaskResetEventItemValue             
000088c1  vARPAgeCache                          
000089c5  vARPGenerateRequestPacket             
000085eb  vARPRefreshCacheEntry                 
0000898d  vARPSendGratuitous                    
0000a1ff  vApplicationIPNetworkEventHook        
0000a231  vApplicationPingReplyHook             
0000ab9d  vApplicationStackOverflowHook         
00007941  vDHCPProcess                          
0000a1b3  vEMACHandlerTask                      
000095ed  vEventGroupClearBitsCallback          
000095a9  vEventGroupDelete                     
000095dd  vEventGroupSetBitsCallback            
000059a1  vIPNetworkUpCalls                     
00006101  vIPReloadDHCPTimer                    
000060dd  vIPSetDHCPTimerEnableState            
0000a94b  vListInitialise                       
0000a97b  vListInitialiseItem                   
0000a9c7  vListInsert                           
0000a98b  vListInsertEnd                        
00006213  vListInsertGeneric                    
0000a1e7  vNetworkInterfaceAllocateRAMToBuffers 
0000220f  vNetworkSocketsInit                   
0000ad65  vPortEnableVFP                        
0000ab11  vPortEndScheduler                     
0000ab13  vPortEnterCritical                    
0000ab33  vPortExitCritical                     
00009d43  vPortFree                             
00009da1  vPortInitialiseBlocks                 
0000ad29  vPortSVCHandler                       
0000ab6f  vPortSetupTimerInterrupt              
0000ad49  vPortStartFirstTask                   
0000a411  vProcessGeneratedUDPPacket            
00007847  vQueueAddToRegistry                   
00007603  vQueueDelete                          
00007627  vQueueSetQueueNumber                  
00007889  vQueueUnregisterQueue                 
000078c3  vQueueWaitForMessageRestricted        
00009fe7  vReleaseNetworkBuffer                 
0000a0b3  vReleaseNetworkBufferAndDescriptor    
0000605f  vReturnEthernetFrame                  
0000a277  vSendPing                             
00002663  vSocketBind                           
00002749  vSocketClose                          
00002d03  vSocketWakeUpUser                     
00000c6f  vTCPStateChange                       
000064d3  vTCPWindowCreate                      
00006475  vTCPWindowDestroy                     
0000653d  vTCPWindowInit                        
00003bc3  vTaskDelay                            
00003b1b  vTaskDelayUntil                       
00003a7f  vTaskDelete                           
00004025  vTaskEndScheduler                     
000046d7  vTaskMissedYield                      
00005099  vTaskNotifyGiveFromISR                
00004409  vTaskPlaceOnEventList                 
000044e5  vTaskPlaceOnEventListRestricted       
00004471  vTaskPlaceOnUnorderedEventList        
00004b51  vTaskPriorityInherit                  
00003ca5  vTaskPrioritySet                      
00003ead  vTaskResume                           
00004705  vTaskSetTaskNumber                    
00004639  vTaskSetTimeOutState                  
00003fc1  vTaskStartScheduler                   
00003db9  vTaskSuspend                          
00004045  vTaskSuspendAll                       
00004361  vTaskSwitchContext                    
000084e7  vTimerSetTimerID                      
20008c44  xBoundTCPSocketsList                  
20008c58  xBoundUDPSocketsList                  
0000babc  xBroadcastMACAddress                  
0000bad4  xBufferAllocFixedSize                 
20008f2c  xDefaultAddressing                    
20008f14  xDefaultPartUDPPacketHeader           
20008cb0  xEMACRxEventSemaphore                 
0000947f  xEventGroupClearBits                  
000092a5  xEventGroupCreate                     
000094ab  xEventGroupGetBitsFromISR             
000094db  xEventGroupSetBits                    
000092c5  xEventGroupSync                       
00009395  xEventGroupWaitBits                   
0000a1f3  xGetPhyLinkStatus                     
0000610f  xIPIsNetworkTaskReady                 
000052b9  xIsCallingFromIPTask                  
00007921  xIsDHCPSocket                         
20008f40  xNetworkAddressing                    
00009efd  xNetworkBuffersInitialise             
20008ef0  xNetworkEventQueue                    
0000a1bf  xNetworkInterfaceInitialise           
0000a1d7  xNetworkInterfaceOutput               
20008cb4  xPingReplyQueue                       
00009d95  xPortGetFreeHeapSize                  
00009d9b  xPortGetMinimumEverFreeHeapSize       
0000acc9  xPortPendSVHandler                    
0000aadb  xPortStartScheduler                   
0000ab49  xPortSysTickHandler                   
00001bcd  xProcessReceivedTCPPacket             
0000a565  xProcessReceivedUDPPacket             
00007121  xQueueCreateCountingSemaphore         
00007025  xQueueCreateMutex                     
00006fb5  xQueueGenericCreate                   
00007375  xQueueGenericReceive                  
00006f19  xQueueGenericReset                    
00007141  xQueueGenericSend                     
00007269  xQueueGenericSendFromISR              
000072f5  xQueueGiveFromISR                     
0000709b  xQueueGiveMutexRecursive              
000077e3  xQueueIsQueueEmptyFromISR             
00007825  xQueueIsQueueFullFromISR              
00007569  xQueuePeekFromISR                     
000074e3  xQueueReceiveFromISR                  
20008a98  xQueueRegistry                        
000070d7  xQueueTakeMutexRecursive              
00005851  xSendEventStructToIPTask              
00005813  xSendEventToIPTask                    
00001faf  xTCPCheckNewClient                    
000003b9  xTCPSocketCheck                       
00003497  xTCPTimerCheck                        
20008f70  xTCPWindowLoggingLevel                
000063a3  xTCPWindowRxEmpty                     
000069c9  xTCPWindowTxDone                      
00006a65  xTCPWindowTxHasData                   
0000465d  xTaskCheckForTimeOut                  
00003965  xTaskGenericCreate                    
00004e9f  xTaskGenericNotify                    
00004f91  xTaskGenericNotifyFromISR             
00004b0b  xTaskGetCurrentTaskHandle             
00004b25  xTaskGetSchedulerState                
00004135  xTaskGetTickCount                     
00004145  xTaskGetTickCountFromISR              
00004239  xTaskIncrementTick                    
0000513f  xTaskNotifyStateClear                 
00004db5  xTaskNotifyWait                       
00004c0b  xTaskPriorityDisinherit               
00004549  xTaskRemoveFromEventList              
000045c5  xTaskRemoveFromUnorderedEventList     
00004059  xTaskResumeAll                        
00003f2f  xTaskResumeFromISR                    
00008021  xTimerCreate                          
00007fe9  xTimerCreateTimerTask                 
00008075  xTimerGenericCommand                  
000084a1  xTimerIsTimerActive                   


GLOBAL SYMBOLS: SORTED BY Symbol Address 

address   name                                  
-------   ----                                  
00000000  __TI_static_base__                    
00000000  g_pfnVectors                          
00000200  __STACK_SIZE                          
000003b9  xTCPSocketCheck                       
00000c6f  vTCPStateChange                       
00001bcd  xProcessReceivedTCPPacket             
00001faf  xTCPCheckNewClient                    
0000220f  vNetworkSocketsInit                   
000022ad  FreeRTOS_socket                       
000023b9  FreeRTOS_recvfrom                     
000024d1  FreeRTOS_sendto                       
000025bf  FreeRTOS_bind                         
00002663  vSocketBind                           
00002705  FreeRTOS_closesocket                  
00002749  vSocketClose                          
0000284d  FreeRTOS_setsockopt                   
00002bdb  pxUDPSocketLookup                     
00002bfb  FreeRTOS_inet_addr                    
00002cd7  FreeRTOS_GetLocalAddress              
00002d03  vSocketWakeUpUser                     
00002e37  FreeRTOS_connect                      
00002ec5  FreeRTOS_accept                       
00003015  FreeRTOS_recv                         
000031e7  FreeRTOS_get_tx_head                  
0000323d  FreeRTOS_send                         
00003387  FreeRTOS_listen                       
0000343f  FreeRTOS_shutdown                     
00003497  xTCPTimerCheck                        
0000354f  pxTCPSocketLookup                     
000035cf  FreeRTOS_get_rx_buf                   
000036c1  lTCPAddRxdata                         
00003757  FreeRTOS_GetRemoteAddress             
000037b9  FreeRTOS_maywrite                     
0000381b  FreeRTOS_tx_space                     
00003851  FreeRTOS_tx_size                      
00003885  FreeRTOS_issocketconnected            
000038c3  FreeRTOS_mss                          
000038eb  FreeRTOS_connstatus                   
00003919  FreeRTOS_rx_size                      
0000394d  FreeRTOS_netstat                      
00003965  xTaskGenericCreate                    
00003a7f  vTaskDelete                           
00003b1b  vTaskDelayUntil                       
00003bc3  vTaskDelay                            
00003c1f  uxTaskPriorityGet                     
00003c51  uxTaskPriorityGetFromISR              
00003ca5  vTaskPrioritySet                      
00003db9  vTaskSuspend                          
00003ead  vTaskResume                           
00003f2f  xTaskResumeFromISR                    
00003fc1  vTaskStartScheduler                   
00004025  vTaskEndScheduler                     
00004045  vTaskSuspendAll                       
00004059  xTaskResumeAll                        
00004135  xTaskGetTickCount                     
00004145  xTaskGetTickCountFromISR              
00004159  uxTaskGetNumberOfTasks                
00004169  uxTaskGetSystemState                  
00004239  xTaskIncrementTick                    
00004361  vTaskSwitchContext                    
00004409  vTaskPlaceOnEventList                 
00004471  vTaskPlaceOnUnorderedEventList        
000044e5  vTaskPlaceOnEventListRestricted       
00004549  xTaskRemoveFromEventList              
000045c5  xTaskRemoveFromUnorderedEventList     
00004639  vTaskSetTimeOutState                  
0000465d  xTaskCheckForTimeOut                  
000046d7  vTaskMissedYield                      
000046df  uxTaskGetTaskNumber                   
00004705  vTaskSetTaskNumber                    
00004a81  uxTaskGetStackHighWaterMark           
00004b0b  xTaskGetCurrentTaskHandle             
00004b25  xTaskGetSchedulerState                
00004b51  vTaskPriorityInherit                  
00004c0b  xTaskPriorityDisinherit               
00004ca9  uxTaskResetEventItemValue             
00004ccb  pvTaskIncrementMutexHeldCount         
00004ce9  ulTaskNotifyTake                      
00004db5  xTaskNotifyWait                       
00004e9f  xTaskGenericNotify                    
00004f91  xTaskGenericNotifyFromISR             
00005099  vTaskNotifyGiveFromISR                
0000513f  xTaskNotifyStateClear                 
000052b9  xIsCallingFromIPTask                  
00005465  FreeRTOS_NetworkDown                  
00005487  FreeRTOS_NetworkDownFromISR           
000054b1  FreeRTOS_GetUDPPayloadBuffer          
000054e9  pxDuplicateNetworkBufferWithDescriptor
00005531  pxUDPPayloadBuffer_to_NetworkBuffer   
0000556d  FreeRTOS_ReleaseUDPPayloadBuffer      
00005599  FreeRTOS_IPInit                       
000056c9  FreeRTOS_GetAddressConfiguration      
00005711  FreeRTOS_SetAddressConfiguration      
00005751  FreeRTOS_SendPingRequest              
00005813  xSendEventToIPTask                    
00005851  xSendEventStructToIPTask              
000058e5  eConsiderFrameForProcessing           
000059a1  vIPNetworkUpCalls                     
00005d85  usGenerateProtocolChecksum            
00005ed5  usGenerateChecksum                    
0000605f  vReturnEthernetFrame                  
00006091  FreeRTOS_GetIPAddress                 
00006097  FreeRTOS_SetIPAddress                 
000060a7  FreeRTOS_GetGatewayAddress            
000060ad  FreeRTOS_GetDNSServerAddress          
000060b3  FreeRTOS_GetNetmask                   
000060b9  FreeRTOS_GetMACAddress                
000060bd  FreeRTOS_SetNetmask                   
000060cd  FreeRTOS_SetGatewayAddress            
000060dd  vIPSetDHCPTimerEnableState            
00006101  vIPReloadDHCPTimer                    
0000610f  xIPIsNetworkTaskReady                 
00006115  FreeRTOS_IsNetworkUp                  
00006213  vListInsertGeneric                    
000063a3  xTCPWindowRxEmpty                     
00006475  vTCPWindowDestroy                     
000064d3  vTCPWindowCreate                      
0000653d  vTCPWindowInit                        
00006671  lTCPWindowRxCheck                     
0000685b  lTCPWindowTxAdd                       
000069c9  xTCPWindowTxDone                      
00006a65  xTCPWindowTxHasData                   
00006b13  ulTCPWindowTxGet                      
00006e9f  ulTCPWindowTxAck                      
00006ed1  ulTCPWindowTxSack                     
00006f19  xQueueGenericReset                    
00006fb5  xQueueGenericCreate                   
00007025  xQueueCreateMutex                     
0000709b  xQueueGiveMutexRecursive              
000070d7  xQueueTakeMutexRecursive              
00007121  xQueueCreateCountingSemaphore         
00007141  xQueueGenericSend                     
00007269  xQueueGenericSendFromISR              
000072f5  xQueueGiveFromISR                     
00007375  xQueueGenericReceive                  
000074e3  xQueueReceiveFromISR                  
00007569  xQueuePeekFromISR                     
000075bb  uxQueueMessagesWaiting                
000075d1  uxQueueSpacesAvailable                
000075f1  uxQueueMessagesWaitingFromISR         
00007603  vQueueDelete                          
00007619  uxQueueGetQueueNumber                 
00007627  vQueueSetQueueNumber                  
00007639  ucQueueGetQueueType                   
000077e3  xQueueIsQueueEmptyFromISR             
00007825  xQueueIsQueueFullFromISR              
00007847  vQueueAddToRegistry                   
00007889  vQueueUnregisterQueue                 
000078c3  vQueueWaitForMessageRestricted        
00007921  xIsDHCPSocket                         
00007941  vDHCPProcess                          
00007fe9  xTimerCreateTimerTask                 
00008021  xTimerCreate                          
00008075  xTimerGenericCommand                  
000080e1  pcTimerGetTimerName                   
000084a1  xTimerIsTimerActive                   
000084cd  pvTimerGetTimerID                     
000084e7  vTimerSetTimerID                      
0000851d  eARPProcessPacket                     
000085eb  vARPRefreshCacheEntry                 
00008785  eARPGetCacheEntry                     
000088c1  vARPAgeCache                          
0000898d  vARPSendGratuitous                    
0000899d  FreeRTOS_OutputARPRequest             
000089c5  vARPGenerateRequestPacket             
00008a11  FreeRTOS_ClearARP                     
00008a41  UARTStdioConfig                       
00008a87  UARTwrite                             
00008acd  UARTgets                              
00008b87  UARTgetc                              
00008bad  UARTvprintf                           
00008ea7  UARTprintf                            
00008ef5  FreeRTOS_gethostbyname                
00009105  ulDNSHandlePacket                     
000092a5  xEventGroupCreate                     
000092c5  xEventGroupSync                       
00009395  xEventGroupWaitBits                   
0000947f  xEventGroupClearBits                  
000094ab  xEventGroupGetBitsFromISR             
000094db  xEventGroupSetBits                    
000095a9  vEventGroupDelete                     
000095dd  vEventGroupSetBitsCallback            
000095ed  vEventGroupClearBitsCallback          
00009633  uxEventGroupGetNumber                 
00009653  __aeabi_idiv0                         
00009653  __aeabi_ldiv0                         
00009655  ProcessReceivedPacket                 
000096c5  InitDescriptors                       
0000978f  enable_eth0                           
00009a8d  uxStreamBufferAdd                     
00009b6f  uxStreamBufferGet                     
00009c41  pvPortMalloc                          
00009d43  vPortFree                             
00009d95  xPortGetFreeHeapSize                  
00009d9b  xPortGetMinimumEverFreeHeapSize       
00009da1  vPortInitialiseBlocks                 
00009efd  xNetworkBuffersInitialise             
00009fa3  pucGetNetworkBuffer                   
00009fe7  vReleaseNetworkBuffer                 
00009ffd  pxGetNetworkBufferWithDescriptor      
0000a0b3  vReleaseNetworkBufferAndDescriptor    
0000a0fd  uxGetNumberOfFreeNetworkBuffers       
0000a103  uxGetMinimumFreeNetworkBuffers        
0000a109  pxResizeNetworkBufferWithDescriptor   
0000a191  EthernetIntHandler                    
0000a1b3  vEMACHandlerTask                      
0000a1bf  xNetworkInterfaceInitialise           
0000a1d7  xNetworkInterfaceOutput               
0000a1e7  vNetworkInterfaceAllocateRAMToBuffers 
0000a1f3  xGetPhyLinkStatus                     
0000a1ff  vApplicationIPNetworkEventHook        
0000a231  vApplicationPingReplyHook             
0000a277  vSendPing                             
0000a411  vProcessGeneratedUDPPacket            
0000a565  xProcessReceivedUDPPacket             
0000a619  SysCtlClockFreqSet                    
0000a819  GPIOPadConfigSet                      
0000a94b  vListInitialise                       
0000a97b  vListInitialiseItem                   
0000a98b  vListInsertEnd                        
0000a9c7  vListInsert                           
0000aa2d  uxListRemove                          
0000aa75  pxPortInitialiseStack                 
0000aadb  xPortStartScheduler                   
0000ab11  vPortEndScheduler                     
0000ab13  vPortEnterCritical                    
0000ab33  vPortExitCritical                     
0000ab49  xPortSysTickHandler                   
0000ab6f  vPortSetupTimerInterrupt              
0000ab9d  vApplicationStackOverflowHook         
0000abab  main                                  
0000acb1  ulPortGetIPSR                         
0000acc9  xPortPendSVHandler                    
0000ad29  vPortSVCHandler                       
0000ad49  vPortStartFirstTask                   
0000ad65  vPortEnableVFP                        
0000ad75  UART0_Init                            
0000adb9  UART3_Init                            
0000adf3  uart_send_n                           
0000ae41  __aeabi_memcpy                        
0000ae41  __aeabi_memcpy4                       
0000ae41  __aeabi_memcpy8                       
0000ae41  memcpy                                
0000aedd  __aeabi_memclr                        
0000aedd  __aeabi_memclr4                       
0000aedd  __aeabi_memclr8                       
0000aedf  __aeabi_memset                        
0000aedf  __aeabi_memset4                       
0000aedf  __aeabi_memset8                       
0000aee5  memset                                
0000af59  EMACInit                              
0000afd1  IntEnable                             
0000b039  __TI_decompress_lzss                  
0000b0a1  EMACPHYConfigSet                      
0000b0f9  SysCtlPeripheralReset                 
0000b149  GPIOPinConfigure                      
0000b1d9  UARTConfigSetExpClk                   
0000b221  __TI_auto_init_nobinit_nopinit        
0000b265  ConfigureLEDs                         
0000b2a9  __aeabi_uidiv                         
0000b2a9  __aeabi_uidivmod                      
0000b2e9  EMACIntEnable                         
0000b325  EMACConfigSet                         
0000b35d  SysCtlPeripheralPresent               
0000b395  SysCtlPeripheralReady                 
0000b3cd  _c_int00_noargs                       
0000b405  EMACIntClear                          
0000b439  SysCtlPeripheralEnable                
0000b46d  EMACAddrSet                           
0000b49d  EMACIntStatus                         
0000b4c9  GPIODirModeSet                        
0000b4f3  memcmp                                
0000b517  memmove                               
0000b53d  UARTDisable                           
0000b57d  GPIOPinTypeGPIOOutput                 
0000b595  EMACReset                             
0000b5ab  EMACRxEnable                          
0000b5c1  EMACTxEnable                          
0000b5d9  FlashUserGet                          
0000b5ed  UARTEnable                            
0000b601  strcpy                                
0000b615  strlen                                
0000b629  GPIOPinTypeUART                       
0000b63d  EMACFrameFilterSet                    
0000b64d  __TI_decompress_none                  
0000b65b  __TI_zero_init                        
0000b667  ResetISR                              
0000b673  UARTCharGet                           
0000b67d  UARTCharPut                           
0000b687  EMACRxDMADescriptorListSet            
0000b68d  EMACTxDMADescriptorListSet            
0000b693  GPIOPinWrite                          
0000b699  SysCtlDelay                           
0000b69f  _system_pre_init                      
0000b6a3  C$$EXIT                               
0000b6a3  abort                                 
0000babc  xBroadcastMACAddress                  
0000bad4  xBufferAllocFixedSize                 
0000bad8  ulMaxSyscallInterruptPriority         
0000bb04  __TI_Handler_Table_Base               
0000bb10  __TI_Handler_Table_Limit              
0000bb18  __TI_CINIT_Base                       
0000bb28  __TI_CINIT_Limit                      
20007530  g_ppui8RxBuffer                       
200089d8  g_psRxDescriptor                      
20008a38  g_psTxDescriptor                      
20008a98  xQueueRegistry                        
20008c44  xBoundTCPSocketsList                  
20008c58  xBoundUDPSocketsList                  
20008c84  pui8MACAddr                           
20008c98  g_ui32RxDescIndex                     
20008c9c  g_ui32SysClock                        
20008ca0  g_ui32TxDescIndex                     
20008ca4  ui32Loop                              
20008ca8  ui32User0                             
20008cac  ui32User1                             
20008cb0  xEMACRxEventSemaphore                 
20008cb4  xPingReplyQueue                       
20008cb8  ui8PHYAddr                            
20008cc0  __stack                               
20008ec0  __STACK_END                           
20008ec0  __STACK_TOP                           
20008ec0  pxCurrentTCB                          
20008ef0  xNetworkEventQueue                    
20008ef4  usPacketIdentifier                    
20008f14  xDefaultPartUDPPacketHeader           
20008f2c  xDefaultAddressing                    
20008f40  xNetworkAddressing                    
20008f70  xTCPWindowLoggingLevel                
20008f90  ulNextInitialSequenceNumber           
ffffffff  __TI_pprof_out_hndl                   
ffffffff  __TI_prof_data_size                   
ffffffff  __TI_prof_data_start                  
ffffffff  __binit__                             
ffffffff  __c_args__                            
ffffffff  binit                                 
UNDEFED   __mpu_init                            
UNDEFED   _system_post_cinit                    

[338 symbols]
