******************************************************************************
                  TI ARM Linker PC v18.1.1                     
******************************************************************************
>> Linked Sat Apr 21 16:00:59 2018

OUTPUT FILE NAME:   <project2-ecen5013.out>
ENTRY POINT SYMBOL: "_c_int00_noargs"  address: 00003ef5


MEMORY CONFIGURATION

         name            origin    length      used     unused   attr    fill
----------------------  --------  ---------  --------  --------  ----  --------
  FLASH                 00000000   00100000  000043a2  000fbc5e  R  X
  SRAM                  20000000   00040000  000079d8  00038628  RW X


SEGMENT ALLOCATION MAP

run origin  load origin   length   init length attrs members
----------  ----------- ---------- ----------- ----- -------
00000000    00000000    000043a8   000043a8    r-x
  00000000    00000000    00000208   00000208    r-- .intvecs
  00000208    00000208    00003e4a   00003e4a    r-x .text
  00004054    00004054    00000318   00000318    r-- .const
  00004370    00004370    00000038   00000038    r-- .cinit
20000000    20000000    000079dc   00000000    rw-
  20000000    20000000    00007774   00000000    rw- .bss
  20007778    20007778    00000200   00000000    rw- .stack
  20007978    20007978    00000064   00000000    rw- .data


SECTION ALLOCATION MAP

 output                                  attributes/
section   page    origin      length       input sections
--------  ----  ----------  ----------   ----------------
.intvecs   0    00000000    00000208     
                  00000000    00000208     tm4c1292ncpdt_startup_ccs.obj (.intvecs)

.text      0    00000208    00003e4a     
                  00000208    0000182c     tasks.obj (.text)
                  00001a34    000009e4     queue.obj (.text)
                  00002418    00000534     timers.obj (.text)
                  0000294c    0000049c     uartstdio.obj (.text)
                  00002de8    0000033c     my_tasks.obj (.text)
                  00003124    000002bc     heap_4.obj (.text)
                  000033e0    00000200     driverlib.lib : sysctl.obj (.text:SysCtlClockFreqSet)
                  000035e0    00000148     main.obj (.text)
                  00003728    00000132     driverlib.lib : gpio.obj (.text:GPIOPadConfigSet)
                  0000385a    0000012a     list.obj (.text)
                  00003984    00000128     port.obj (.text)
                  00003aac    000000d2     portasm.obj (.text)
                  00003b7e    0000009c     rtsv7M4_T_le_v4SPD16_eabi.lib : memcpy_t2.asm.obj (.text)
                  00003c1a    0000007a                                   : memset_t2.asm.obj (.text)
                  00003c94    00000068                                   : copy_decompress_lzss.c.obj (.text:decompress:lzss:__TI_decompress_lzss)
                  00003cfc    00000064     driverInit.obj (.text)
                  00003d60    00000048     driverlib.lib : gpio.obj (.text:GPIOPinConfigure)
                  00003da8    00000048                   : sysctl.obj (.text:_SysCtlFrequencyGet)
                  00003df0    00000046                   : uart.obj (.text:UARTConfigSetExpClk)
                  00003e36    00000002     rtsv7M4_T_le_v4SPD16_eabi.lib : div0.asm.obj (.text)
                  00003e38    00000044                                   : autoinit.c.obj (.text:__TI_auto_init_nobinit_nopinit:__TI_auto_init_nobinit_nopinit)
                  00003e7c    00000040                                   : u_divt2.asm.obj (.text)
                  00003ebc    00000038     driverlib.lib : sysctl.obj (.text:SysCtlPeripheralPresent)
                  00003ef4    00000038     rtsv7M4_T_le_v4SPD16_eabi.lib : boot_cortex_m.c.obj (.text:_c_int00_noargs:_c_int00_noargs)
                  00003f2c    00000034     driverlib.lib : sysctl.obj (.text:SysCtlPeripheralEnable)
                  00003f60    0000002a                   : gpio.obj (.text:GPIODirModeSet)
                  00003f8a    00000002     --HOLE-- [fill = 0]
                  00003f8c    00000020                   : uart.obj (.text:UARTDisable)
                  00003fac    00000020                   : sysctl.obj (.text:_SysCtlMemTimingGet)
                  00003fcc    00000018                   : gpio.obj (.text:GPIOPinTypeGPIOOutput)
                  00003fe4    00000014                   : uart.obj (.text:UARTEnable)
                  00003ff8    00000012                   : gpio.obj (.text:GPIOPinTypeUART)
                  0000400a    0000000e     rtsv7M4_T_le_v4SPD16_eabi.lib : copy_decompress_none.c.obj (.text:decompress:none:__TI_decompress_none)
                  00004018    0000000c                                   : copy_zero_init.c.obj (.text:decompress:ZI:__TI_zero_init)
                  00004024    0000000c     tm4c1292ncpdt_startup_ccs.obj (.text)
                  00004030    0000000a     driverlib.lib : uart.obj (.text:UARTCharGet)
                  0000403a    0000000a                   : uart.obj (.text:UARTCharPut)
                  00004044    00000006                   : gpio.obj (.text:GPIOPinWrite)
                  0000404a    00000004     rtsv7M4_T_le_v4SPD16_eabi.lib : pre_init.c.obj (.text:_system_pre_init)
                  0000404e    00000004                                   : exit.c.obj (.text:abort:abort)

.const     0    00004054    00000318     
                  00004054    000001b0     driverlib.lib : sysctl.obj (.const:g_pppui32XTALtoVCO)
                  00004204    00000090                   : gpio.obj (.const:g_pui32GPIOBaseAddrs)
                  00004294    0000006c                   : sysctl.obj (.const:g_pui32Xtals)
                  00004300    00000030                   : sysctl.obj (.const:g_sXTALtoMEMTIM)
                  00004330    00000012     uartstdio.obj (.const:.string)
                  00004342    00000002     --HOLE-- [fill = 0]
                  00004344    0000000c     uartstdio.obj (.const:g_ui32UARTBase)
                  00004350    0000000c     uartstdio.obj (.const:g_ui32UARTPeriph)
                  0000435c    00000008     driverlib.lib : sysctl.obj (.const)
                  00004364    00000004     port.obj (.const)
                  00004368    00000004     uartstdio.obj (.const)

.cinit     0    00004370    00000038     
                  00004370    0000000f     (.cinit..data.load) [load image, compression = lzss]
                  0000437f    00000001     --HOLE-- [fill = 0]
                  00004380    0000000c     (__TI_handler_table)
                  0000438c    00000004     --HOLE-- [fill = 0]
                  00004390    00000008     (.cinit..bss.load) [load image, compression = zero_init]
                  00004398    00000010     (__TI_cinit_table)

.init_array 
*          0    00000000    00000000     UNINITIALIZED

.bss       0    20000000    00007774     UNINITIALIZED
                  20000000    00007530     heap_4.obj (.bss:ucHeap)
                  20007530    00000140     tasks.obj (.bss:pxReadyTasksLists)
                  20007670    00000050     (.common:xQueueRegistry)
                  200076c0    00000014     timers.obj (.bss:xActiveTimerList1)
                  200076d4    00000014     timers.obj (.bss:xActiveTimerList2)
                  200076e8    00000014     tasks.obj (.bss:xDelayedTaskList1)
                  200076fc    00000014     tasks.obj (.bss:xDelayedTaskList2)
                  20007710    00000014     tasks.obj (.bss:xPendingReadyList)
                  20007724    00000014     tasks.obj (.bss:xSuspendedTaskList)
                  20007738    00000014     tasks.obj (.bss:xTasksWaitingTermination)
                  2000774c    00000008     tasks.obj (.bss)
                  20007754    00000008     timers.obj (.bss)
                  2000775c    00000008     heap_4.obj (.bss:xStart)
                  20007764    00000004     (.common:g_ui32SysClock)
                  20007768    00000004     (.common:xQueue1)
                  2000776c    00000004     (.common:xTimer1)
                  20007770    00000004     (.common:xTimer2)

.data      0    20007978    00000064     UNINITIALIZED
                  20007978    00000030     tasks.obj (.data)
                  200079a8    00000010     heap_4.obj (.data)
                  200079b8    0000000d     my_tasks.obj (.data)
                  200079c5    00000003     --HOLE--
                  200079c8    00000008     timers.obj (.data)
                  200079d0    00000005     uartstdio.obj (.data)
                  200079d5    00000003     --HOLE--
                  200079d8    00000004     port.obj (.data)

.stack     0    20007778    00000200     UNINITIALIZED
                  20007778    00000004     rtsv7M4_T_le_v4SPD16_eabi.lib : boot_cortex_m.c.obj (.stack)
                  2000777c    000001fc     --HOLE--

MODULE SUMMARY

       Module                          code    ro data   rw data
       ------                          ----    -------   -------
    .\
       uartstdio.obj                   1180    46        5      
       my_tasks.obj                    828     0         21     
       tm4c1292ncpdt_startup_ccs.obj   12      520       0      
       main.obj                        328     0         8      
    +--+-------------------------------+-------+---------+---------+
       Total:                          2348    566       34     
                                                                
    .\driver\
       driverInit.obj                  100     0         0      
    +--+-------------------------------+-------+---------+---------+
       Total:                          100     0         0      
                                                                
    .\third_party\FreeRTOS\Source\
       tasks.obj                       6188    0         476    
       queue.obj                       2532    0         80     
       timers.obj                      1332    0         56     
       list.obj                        298     0         0      
    +--+-------------------------------+-------+---------+---------+
       Total:                          10350   0         612    
                                                                
    .\third_party\FreeRTOS\Source\portable\CCS\ARM_CM4F\
       port.obj                        296     4         4      
       portasm.obj                     210     0         0      
    +--+-------------------------------+-------+---------+---------+
       Total:                          506     4         4      
                                                                
    .\third_party\FreeRTOS\Source\portable\MemMang\
       heap_4.obj                      700     0         30024  
    +--+-------------------------------+-------+---------+---------+
       Total:                          700     0         30024  
                                                                
    ../driverlib.lib
       sysctl.obj                      724     596       0      
       gpio.obj                        468     144       0      
       uart.obj                        142     0         0      
    +--+-------------------------------+-------+---------+---------+
       Total:                          1334    740       0      
                                                                
    C:\ti\ccsv8\tools\compiler\ti-cgt-arm_18.1.1.LTS\lib\rtsv7M4_T_le_v4SPD16_eabi.lib
       memcpy_t2.asm.obj               156     0         0      
       memset_t2.asm.obj               122     0         0      
       copy_decompress_lzss.c.obj      104     0         0      
       autoinit.c.obj                  68      0         0      
       u_divt2.asm.obj                 64      0         0      
       boot_cortex_m.c.obj             56      0         0      
       copy_decompress_none.c.obj      14      0         0      
       copy_zero_init.c.obj            12      0         0      
       exit.c.obj                      4       0         0      
       pre_init.c.obj                  4       0         0      
       div0.asm.obj                    2       0         0      
    +--+-------------------------------+-------+---------+---------+
       Total:                          606     0         0      
                                                                
       Stack:                          0       0         512    
       Linker Generated:               0       51        0      
    +--+-------------------------------+-------+---------+---------+
       Grand Total:                    15944   1361      31186  


LINKER GENERATED COPY TABLES

__TI_cinit_table @ 00004398 records: 2, size/record: 8, table size: 16
	.data: load addr=00004370, load size=0000000f bytes, run addr=20007978, run size=00000064 bytes, compression=lzss
	.bss: load addr=00004390, load size=00000008 bytes, run addr=20000000, run size=00007774 bytes, compression=zero_init


LINKER GENERATED HANDLER TABLE

__TI_handler_table @ 00004380 records: 3, size/record: 4, table size: 12
	index: 0, handler: __TI_decompress_lzss
	index: 1, handler: __TI_decompress_none
	index: 2, handler: __TI_zero_init


GLOBAL SYMBOLS: SORTED ALPHABETICALLY BY Name 

address   name                             
-------   ----                             
0000404f  C$$EXIT                          
00003d33  ConfigureLED                     
00003cfd  ConfigureUART                    
00003f61  GPIODirModeSet                   
00003729  GPIOPadConfigSet                 
00003d61  GPIOPinConfigure                 
00003fcd  GPIOPinTypeGPIOOutput            
00003ff9  GPIOPinTypeUART                  
00004045  GPIOPinWrite                     
00004025  ResetISR                         
000033e1  SysCtlClockFreqSet               
00003f2d  SysCtlPeripheralEnable           
00003ebd  SysCtlPeripheralPresent          
00004031  UARTCharGet                      
0000403b  UARTCharPut                      
00003df1  UARTConfigSetExpClk              
00003f8d  UARTDisable                      
00003fe5  UARTEnable                       
0000294d  UARTStdioConfig                  
00002a93  UARTgetc                         
000029d9  UARTgets                         
00002db3  UARTprintf                       
00002ab9  UARTvprintf                      
00002993  UARTwrite                        
20007978  __STACK_END                      
00000200  __STACK_SIZE                     
20007978  __STACK_TOP                      
00004398  __TI_CINIT_Base                  
000043a8  __TI_CINIT_Limit                 
00004380  __TI_Handler_Table_Base          
0000438c  __TI_Handler_Table_Limit         
00003e39  __TI_auto_init_nobinit_nopinit   
00003c95  __TI_decompress_lzss             
0000400b  __TI_decompress_none             
ffffffff  __TI_pprof_out_hndl              
ffffffff  __TI_prof_data_size              
ffffffff  __TI_prof_data_start             
00000000  __TI_static_base__               
00004019  __TI_zero_init                   
00003e37  __aeabi_idiv0                    
00003e37  __aeabi_ldiv0                    
00003c1b  __aeabi_memclr                   
00003c1b  __aeabi_memclr4                  
00003c1b  __aeabi_memclr8                  
00003b7f  __aeabi_memcpy                   
00003b7f  __aeabi_memcpy4                  
00003b7f  __aeabi_memcpy8                  
00003c1d  __aeabi_memset                   
00003c1d  __aeabi_memset4                  
00003c1d  __aeabi_memset8                  
00003e7d  __aeabi_uidiv                    
00003e7d  __aeabi_uidivmod                 
ffffffff  __binit__                        
ffffffff  __c_args__                       
UNDEFED   __mpu_init                       
20007778  __stack                          
00003ef5  _c_int00_noargs                  
UNDEFED   _system_post_cinit               
0000404b  _system_pre_init                 
0000404f  abort                            
ffffffff  binit                            
00000000  g_pfnVectors                     
20007764  g_ui32SysClock                   
000035ef  main                             
00003b7f  memcpy                           
00003c23  memset                           
00002511  pcTimerGetTimerName              
00003125  pvPortMalloc                     
0000156f  pvTaskIncrementMutexHeldCount    
000028fd  pvTimerGetTimerID                
20007978  pxCurrentTCB                     
00003985  pxPortInitialiseStack            
00002f51  task1Init                        
00002f81  task2Init                        
00002fb1  task3Init                        
0000212b  ucQueueGetQueueType              
200079c4  ui8led1Data                      
00004364  ulMaxSyscallInterruptPriority    
00003abd  ulPortGetIPSR                    
0000158d  ulTaskNotifyTake                 
0000393d  uxListRemove                     
0000210b  uxQueueGetQueueNumber            
000020ad  uxQueueMessagesWaiting           
000020e3  uxQueueMessagesWaitingFromISR    
000020c3  uxQueueSpacesAvailable           
000009fd  uxTaskGetNumberOfTasks           
00001325  uxTaskGetStackHighWaterMark      
00000a0d  uxTaskGetSystemState             
00000f83  uxTaskGetTaskNumber              
000004c3  uxTaskPriorityGet                
000004f5  uxTaskPriorityGetFromISR         
0000154d  uxTaskResetEventItemValue        
000035e1  vApplicationStackOverflowHook    
0000385b  vListInitialise                  
0000388b  vListInitialiseItem              
000038d7  vListInsert                      
0000389b  vListInsertEnd                   
00003b71  vPortEnableVFP                   
00003a21  vPortEndScheduler                
00003a23  vPortEnterCritical               
00003a43  vPortExitCritical                
00003227  vPortFree                        
00003285  vPortInitialiseBlocks            
00003b35  vPortSVCHandler                  
00003a7f  vPortSetupTimerInterrupt         
00003b55  vPortStartFirstTask              
0000233f  vQueueAddToRegistry              
000020f5  vQueueDelete                     
00002119  vQueueSetQueueNumber             
00002381  vQueueUnregisterQueue            
000023bb  vQueueWaitForMessageRestricted   
00000467  vTaskDelay                       
000003bf  vTaskDelayUntil                  
00000323  vTaskDelete                      
000008c9  vTaskEndScheduler                
00000f7b  vTaskMissedYield                 
0000193d  vTaskNotifyGiveFromISR           
00000cad  vTaskPlaceOnEventList            
00000d89  vTaskPlaceOnEventListRestricted  
00000d15  vTaskPlaceOnUnorderedEventList   
000013f5  vTaskPriorityInherit             
00000549  vTaskPrioritySet                 
00000751  vTaskResume                      
00000fa9  vTaskSetTaskNumber               
00000edd  vTaskSetTimeOutState             
00000865  vTaskStartScheduler              
0000065d  vTaskSuspend                     
000008e9  vTaskSuspendAll                  
00000c05  vTaskSwitchContext               
00002de9  vTimer1Callback                  
00002e07  vTimer2Callback                  
00002917  vTimerSetTimerID                 
00003279  xPortGetFreeHeapSize             
0000327f  xPortGetMinimumEverFreeHeapSize  
00003ad5  xPortPendSVHandler               
000039eb  xPortStartScheduler              
00003a59  xPortSysTickHandler              
20007768  xQueue1                          
00001b41  xQueueCreateMutex                
00001ad1  xQueueGenericCreate              
00001e6f  xQueueGenericReceive             
00001a35  xQueueGenericReset               
00001c3d  xQueueGenericSend                
00001d63  xQueueGenericSendFromISR         
00001def  xQueueGiveFromISR                
00001bb7  xQueueGiveMutexRecursive         
000022db  xQueueIsQueueEmptyFromISR        
0000231d  xQueueIsQueueFullFromISR         
0000205b  xQueuePeekFromISR                
00001fd5  xQueueReceiveFromISR             
20007670  xQueueRegistry                   
00001bf3  xQueueTakeMutexRecursive         
00000f01  xTaskCheckForTimeOut             
00000209  xTaskGenericCreate               
00001743  xTaskGenericNotify               
00001835  xTaskGenericNotifyFromISR        
000013af  xTaskGetCurrentTaskHandle        
000013c9  xTaskGetSchedulerState           
000009d9  xTaskGetTickCount                
000009e9  xTaskGetTickCountFromISR         
00000add  xTaskIncrementTick               
000019e3  xTaskNotifyStateClear            
00001659  xTaskNotifyWait                  
000014af  xTaskPriorityDisinherit          
00000ded  xTaskRemoveFromEventList         
00000e69  xTaskRemoveFromUnorderedEventList
000008fd  xTaskResumeAll                   
000007d3  xTaskResumeFromISR               
2000776c  xTimer1                          
20007770  xTimer2                          
00002451  xTimerCreate                     
00002419  xTimerCreateTimerTask            
000024a5  xTimerGenericCommand             
000028d1  xTimerIsTimerActive              


GLOBAL SYMBOLS: SORTED BY Symbol Address 

address   name                             
-------   ----                             
00000000  __TI_static_base__               
00000000  g_pfnVectors                     
00000200  __STACK_SIZE                     
00000209  xTaskGenericCreate               
00000323  vTaskDelete                      
000003bf  vTaskDelayUntil                  
00000467  vTaskDelay                       
000004c3  uxTaskPriorityGet                
000004f5  uxTaskPriorityGetFromISR         
00000549  vTaskPrioritySet                 
0000065d  vTaskSuspend                     
00000751  vTaskResume                      
000007d3  xTaskResumeFromISR               
00000865  vTaskStartScheduler              
000008c9  vTaskEndScheduler                
000008e9  vTaskSuspendAll                  
000008fd  xTaskResumeAll                   
000009d9  xTaskGetTickCount                
000009e9  xTaskGetTickCountFromISR         
000009fd  uxTaskGetNumberOfTasks           
00000a0d  uxTaskGetSystemState             
00000add  xTaskIncrementTick               
00000c05  vTaskSwitchContext               
00000cad  vTaskPlaceOnEventList            
00000d15  vTaskPlaceOnUnorderedEventList   
00000d89  vTaskPlaceOnEventListRestricted  
00000ded  xTaskRemoveFromEventList         
00000e69  xTaskRemoveFromUnorderedEventList
00000edd  vTaskSetTimeOutState             
00000f01  xTaskCheckForTimeOut             
00000f7b  vTaskMissedYield                 
00000f83  uxTaskGetTaskNumber              
00000fa9  vTaskSetTaskNumber               
00001325  uxTaskGetStackHighWaterMark      
000013af  xTaskGetCurrentTaskHandle        
000013c9  xTaskGetSchedulerState           
000013f5  vTaskPriorityInherit             
000014af  xTaskPriorityDisinherit          
0000154d  uxTaskResetEventItemValue        
0000156f  pvTaskIncrementMutexHeldCount    
0000158d  ulTaskNotifyTake                 
00001659  xTaskNotifyWait                  
00001743  xTaskGenericNotify               
00001835  xTaskGenericNotifyFromISR        
0000193d  vTaskNotifyGiveFromISR           
000019e3  xTaskNotifyStateClear            
00001a35  xQueueGenericReset               
00001ad1  xQueueGenericCreate              
00001b41  xQueueCreateMutex                
00001bb7  xQueueGiveMutexRecursive         
00001bf3  xQueueTakeMutexRecursive         
00001c3d  xQueueGenericSend                
00001d63  xQueueGenericSendFromISR         
00001def  xQueueGiveFromISR                
00001e6f  xQueueGenericReceive             
00001fd5  xQueueReceiveFromISR             
0000205b  xQueuePeekFromISR                
000020ad  uxQueueMessagesWaiting           
000020c3  uxQueueSpacesAvailable           
000020e3  uxQueueMessagesWaitingFromISR    
000020f5  vQueueDelete                     
0000210b  uxQueueGetQueueNumber            
00002119  vQueueSetQueueNumber             
0000212b  ucQueueGetQueueType              
000022db  xQueueIsQueueEmptyFromISR        
0000231d  xQueueIsQueueFullFromISR         
0000233f  vQueueAddToRegistry              
00002381  vQueueUnregisterQueue            
000023bb  vQueueWaitForMessageRestricted   
00002419  xTimerCreateTimerTask            
00002451  xTimerCreate                     
000024a5  xTimerGenericCommand             
00002511  pcTimerGetTimerName              
000028d1  xTimerIsTimerActive              
000028fd  pvTimerGetTimerID                
00002917  vTimerSetTimerID                 
0000294d  UARTStdioConfig                  
00002993  UARTwrite                        
000029d9  UARTgets                         
00002a93  UARTgetc                         
00002ab9  UARTvprintf                      
00002db3  UARTprintf                       
00002de9  vTimer1Callback                  
00002e07  vTimer2Callback                  
00002f51  task1Init                        
00002f81  task2Init                        
00002fb1  task3Init                        
00003125  pvPortMalloc                     
00003227  vPortFree                        
00003279  xPortGetFreeHeapSize             
0000327f  xPortGetMinimumEverFreeHeapSize  
00003285  vPortInitialiseBlocks            
000033e1  SysCtlClockFreqSet               
000035e1  vApplicationStackOverflowHook    
000035ef  main                             
00003729  GPIOPadConfigSet                 
0000385b  vListInitialise                  
0000388b  vListInitialiseItem              
0000389b  vListInsertEnd                   
000038d7  vListInsert                      
0000393d  uxListRemove                     
00003985  pxPortInitialiseStack            
000039eb  xPortStartScheduler              
00003a21  vPortEndScheduler                
00003a23  vPortEnterCritical               
00003a43  vPortExitCritical                
00003a59  xPortSysTickHandler              
00003a7f  vPortSetupTimerInterrupt         
00003abd  ulPortGetIPSR                    
00003ad5  xPortPendSVHandler               
00003b35  vPortSVCHandler                  
00003b55  vPortStartFirstTask              
00003b71  vPortEnableVFP                   
00003b7f  __aeabi_memcpy                   
00003b7f  __aeabi_memcpy4                  
00003b7f  __aeabi_memcpy8                  
00003b7f  memcpy                           
00003c1b  __aeabi_memclr                   
00003c1b  __aeabi_memclr4                  
00003c1b  __aeabi_memclr8                  
00003c1d  __aeabi_memset                   
00003c1d  __aeabi_memset4                  
00003c1d  __aeabi_memset8                  
00003c23  memset                           
00003c95  __TI_decompress_lzss             
00003cfd  ConfigureUART                    
00003d33  ConfigureLED                     
00003d61  GPIOPinConfigure                 
00003df1  UARTConfigSetExpClk              
00003e37  __aeabi_idiv0                    
00003e37  __aeabi_ldiv0                    
00003e39  __TI_auto_init_nobinit_nopinit   
00003e7d  __aeabi_uidiv                    
00003e7d  __aeabi_uidivmod                 
00003ebd  SysCtlPeripheralPresent          
00003ef5  _c_int00_noargs                  
00003f2d  SysCtlPeripheralEnable           
00003f61  GPIODirModeSet                   
00003f8d  UARTDisable                      
00003fcd  GPIOPinTypeGPIOOutput            
00003fe5  UARTEnable                       
00003ff9  GPIOPinTypeUART                  
0000400b  __TI_decompress_none             
00004019  __TI_zero_init                   
00004025  ResetISR                         
00004031  UARTCharGet                      
0000403b  UARTCharPut                      
00004045  GPIOPinWrite                     
0000404b  _system_pre_init                 
0000404f  C$$EXIT                          
0000404f  abort                            
00004364  ulMaxSyscallInterruptPriority    
00004380  __TI_Handler_Table_Base          
0000438c  __TI_Handler_Table_Limit         
00004398  __TI_CINIT_Base                  
000043a8  __TI_CINIT_Limit                 
20007670  xQueueRegistry                   
20007764  g_ui32SysClock                   
20007768  xQueue1                          
2000776c  xTimer1                          
20007770  xTimer2                          
20007778  __stack                          
20007978  __STACK_END                      
20007978  __STACK_TOP                      
20007978  pxCurrentTCB                     
200079c4  ui8led1Data                      
ffffffff  __TI_pprof_out_hndl              
ffffffff  __TI_prof_data_size              
ffffffff  __TI_prof_data_start             
ffffffff  __binit__                        
ffffffff  __c_args__                       
ffffffff  binit                            
UNDEFED   __mpu_init                       
UNDEFED   _system_post_cinit               

[174 symbols]
