******************************************************************************
                  TI ARM Linker PC v18.1.1                     
******************************************************************************
>> Linked Sun Apr 29 23:15:27 2018

OUTPUT FILE NAME:   <project2-ecen5013.out>
ENTRY POINT SYMBOL: "_c_int00_noargs"  address: 0000ef15


MEMORY CONFIGURATION

         name            origin    length      used     unused   attr    fill
----------------------  --------  ---------  --------  --------  ----  --------
  FLASH                 00000000   00100000  0001007e  000eff82  R  X
  SRAM                  20000000   00040000  00009c79  00036387  RW X


SEGMENT ALLOCATION MAP

run origin  load origin   length   init length attrs members
----------  ----------- ---------- ----------- ----- -------
00000000    00000000    00010080   00010080    r-x
  00000000    00000000    00000208   00000208    r-- .intvecs
  00000208    00000208    0000f56e   0000f56e    r-x .text
  0000f778    0000f778    00000830   00000830    r-- .const
  0000ffa8    0000ffa8    000000d8   000000d8    r-- .cinit
20000000    20000000    00009c88   00000000    rw-
  20000000    20000000    0000026c   00000000    rw- .vtable
  20000270    20000270    00008f09   00000000    rw- .bss
  20009180    20009180    00000800   00000000    rw- .stack
  20009980    20009980    000002fc   00000000    rw- .data
  20009c80    20009c80    00000008   00000000    rw- .sysmem


SECTION ALLOCATION MAP

 output                                  attributes/
section   page    origin      length       input sections
--------  ----  ----------  ----------   ----------------
.intvecs   0    00000000    00000208     
                  00000000    00000208     tm4c1292ncpdt_startup_ccs.obj (.intvecs)

.text      0    00000208    0000f56e     
                  00000208    00001e20     FreeRTOS_TCP_IP.obj (.text)
                  00002028    0000193c     FreeRTOS_Sockets.obj (.text)
                  00003964    0000182c     tasks.obj (.text)
                  00005190    00000fac     FreeRTOS_IP.obj (.text)
                  0000613c    00000ddc     FreeRTOS_TCP_WIN.obj (.text)
                  00006f18    00000a5e     rtsv7M4_T_le_v4SPD16_eabi.lib : _printfi.c.obj (.text:__TI_printfi)
                  00007976    00000002                                   : _lock.c.obj (.text:_nop)
                  00007978    00000a08     queue.obj (.text)
                  00008380    000006c8     FreeRTOS_DHCP.obj (.text)
                  00008a48    00000584     project2_tasks.obj (.text)
                  00008fcc    00000534     timers.obj (.text)
                  00009500    00000524     FreeRTOS_ARP.obj (.text)
                  00009a24    000004e0     pid.obj (.text)
                  00009f04    0000049c     uartstdio.obj (.text)
                  0000a3a0    000003e4     NetworkInterface.obj (.text)
                  0000a784    000003c8     FreeRTOS_DNS.obj (.text)
                  0000ab4c    000003ae     event_groups.obj (.text)
                  0000aefa    00000002     rtsv7M4_T_le_v4SPD16_eabi.lib : div0.asm.obj (.text)
                  0000aefc    00000398     ethernet.obj (.text)
                  0000b294    000002cc     packet_comm.obj (.text)
                  0000b560    000002c4     FreeRTOS_Stream_Buffer.obj (.text)
                  0000b824    000002bc     heap_4.obj (.text)
                  0000bae0    00000294     BufferAllocation_2.obj (.text)
                  0000bd74    00000270     rtsv7M4_T_le_v4SPD16_eabi.lib : _printfi.c.obj (.text:_pconv_a)
                  0000bfe4    00000208     FreeRTOS_UDP_IP.obj (.text)
                  0000c1ec    00000200     driverlib.lib : sysctl.obj (.text:SysCtlClockFreqSet)
                  0000c3ec    000001fc     main.obj (.text)
                  0000c5e8    000001d0     rtsv7M4_T_le_v4SPD16_eabi.lib : _printfi.c.obj (.text:_pconv_g)
                  0000c7b8    000001b6                                   : fd_add_t2.asm.obj (.text)
                  0000c96e    00000002     --HOLE-- [fill = 0]
                  0000c970    00000198     motor_control.obj (.text)
                  0000cb08    0000018c     serial_interface.obj (.text)
                  0000cc94    0000014c     speed_sensor.obj (.text)
                  0000cde0    0000013c     rtsv7M4_T_le_v4SPD16_eabi.lib : _printfi.c.obj (.text:_pconv_e)
                  0000cf1c    00000136                                   : fd_div_t2.asm.obj (.text)
                  0000d052    00000132     driverlib.lib : gpio.obj (.text:GPIOPadConfigSet)
                  0000d184    0000012a     list.obj (.text)
                  0000d2ae    00000002     --HOLE-- [fill = 0]
                  0000d2b0    00000128     port.obj (.text)
                  0000d3d8    00000120     rtsv7M4_T_le_v4SPD16_eabi.lib : _printfi.c.obj (.text:fcvt)
                  0000d4f8    00000114                                   : fputs.c.obj (.text:fputs)
                  0000d60c    00000110                                   : s_scalbn.c.obj (.text:scalbn)
                  0000d71c    000000fc                                   : fd_mul_t2.asm.obj (.text)
                  0000d818    000000dc                                   : setvbuf.c.obj (.text:setvbuf)
                  0000d8f4    000000d8                                   : memory.c.obj (.text:free)
                  0000d9cc    000000d4     current_sensor.obj (.text)
                  0000daa0    000000d2     portasm.obj (.text)
                  0000db72    00000002     --HOLE-- [fill = 0]
                  0000db74    000000b1     rtsv7M4_T_le_v4SPD16_eabi.lib : _printfi.c.obj (.text:_ltostr)
                  0000dc25    00000001     --HOLE-- [fill = 0]
                  0000dc26    0000009c                                   : memcpy_t2.asm.obj (.text)
                  0000dcc2    00000096                                   : ull_div_t2.asm.obj (.text)
                  0000dd58    0000008c                                   : fputc.c.obj (.text:fputc)
                  0000dde4    00000086                                   : fd_cmp_t2.asm.obj (.text:__aeabi_cdcmple)
                  0000de6a    00000086                                   : fd_cmp_t2.asm.obj (.text:__aeabi_cdrcmple)
                  0000def0    0000007a     driverlib.lib : adc.obj (.text:ADCSequenceStepConfigure)
                  0000df6a    0000007a     rtsv7M4_T_le_v4SPD16_eabi.lib : memset_t2.asm.obj (.text)
                  0000dfe4    00000078     driverlib.lib : emac.obj (.text:EMACInit)
                  0000e05c    00000078     rtsv7M4_T_le_v4SPD16_eabi.lib : memory.c.obj (.text:malloc)
                  0000e0d4    00000074                                   : fclose.c.obj (.text:__TI_closefile)
                  0000e148    0000006e                                   : _printfi.c.obj (.text:_mcpy)
                  0000e1b6    0000006e                                   : fd_tos_t2.asm.obj (.text)
                  0000e224    00000068                                   : hostlseek.c.obj (.text:HOSTlseek)
                  0000e28c    00000068                                   : hostrename.c.obj (.text:HOSTrename)
                  0000e2f4    00000068     driverlib.lib : interrupt.obj (.text:IntEnable)
                  0000e35c    00000068     rtsv7M4_T_le_v4SPD16_eabi.lib : copy_decompress_lzss.c.obj (.text:decompress:lzss:__TI_decompress_lzss)
                  0000e3c4    00000068                                   : printf.c.obj (.text:printf)
                  0000e42c    00000064                                   : s_frexp.c.obj (.text:frexp)
                  0000e490    00000064                                   : fseek.c.obj (.text:fseek)
                  0000e4f4    00000062                                   : _io_perm.c.obj (.text:__TI_wrt_ok)
                  0000e556    00000002     --HOLE-- [fill = 0]
                  0000e558    00000060                                   : hostopen.c.obj (.text:HOSTopen)
                  0000e5b8    0000005c                                   : close.c.obj (.text:close)
                  0000e614    00000058     driverlib.lib : emac.obj (.text:EMACPHYConfigSet)
                  0000e66c    00000058     rtsv7M4_T_le_v4SPD16_eabi.lib : hostread.c.obj (.text:HOSTread)
                  0000e6c4    00000058                                   : hostwrite.c.obj (.text:HOSTwrite)
                  0000e71c    00000058     leds.obj (.text)
                  0000e774    00000056     driverlib.lib : gpio.obj (.text:GPIOIntTypeSet)
                  0000e7ca    00000056     rtsv7M4_T_le_v4SPD16_eabi.lib : _printfi.c.obj (.text:_pconv_f)
                  0000e820    00000054                                   : ltoa.c.obj (.text:ltoa)
                  0000e874    00000052                                   : _printfi.c.obj (.text:_ecpy)
                  0000e8c6    00000050     driverlib.lib : adc.obj (.text:ADCSequenceConfigure)
                  0000e916    00000002     --HOLE-- [fill = 0]
                  0000e918    00000050                   : sysctl.obj (.text:SysCtlPeripheralReset)
                  0000e968    0000004c     rtsv7M4_T_le_v4SPD16_eabi.lib : fflush.c.obj (.text:__TI_doflush)
                  0000e9b4    0000004c                                   : atoi.c.obj (.text:atoi)
                  0000ea00    00000048     driverlib.lib : gpio.obj (.text:GPIOPinConfigure)
                  0000ea48    00000048                   : sysctl.obj (.text:_SysCtlFrequencyGet)
                  0000ea90    00000048     rtsv7M4_T_le_v4SPD16_eabi.lib : exit.c.obj (.text:exit)
                  0000ead8    00000048                                   : fd_toi_t2.asm.obj (.text)
                  0000eb20    00000046     driverlib.lib : uart.obj (.text:UARTConfigSetExpClk)
                  0000eb66    00000002     --HOLE-- [fill = 0]
                  0000eb68    00000044     rtsv7M4_T_le_v4SPD16_eabi.lib : hostclose.c.obj (.text:HOSTclose)
                  0000ebac    00000044                                   : hostunlink.c.obj (.text:HOSTunlink)
                  0000ebf0    00000044     driverlib.lib : gpio.obj (.text:_GPIOIntNumberGet)
                  0000ec34    00000044     rtsv7M4_T_le_v4SPD16_eabi.lib : autoinit.c.obj (.text:__TI_auto_init_nobinit_nopinit:__TI_auto_init_nobinit_nopinit)
                  0000ec78    00000044                                   : getdevice.c.obj (.text:getdevice)
                  0000ecbc    00000040     driverlib.lib : uart.obj (.text:_UARTIntNumberGet)
                  0000ecfc    00000040     rtsv7M4_T_le_v4SPD16_eabi.lib : u_divt2.asm.obj (.text)
                  0000ed3c    00000040                                   : sprintf.c.obj (.text:sprintf)
                  0000ed7c    0000003e                                   : _printfi.c.obj (.text:_fcpy)
                  0000edba    00000002     --HOLE-- [fill = 0]
                  0000edbc    0000003c                                   : memory.c.obj (.text:minsert)
                  0000edf8    0000003a     driverlib.lib : emac.obj (.text:EMACIntEnable)
                  0000ee32    00000002     --HOLE-- [fill = 0]
                  0000ee34    00000038                   : emac.obj (.text:EMACConfigSet)
                  0000ee6c    00000038                   : sysctl.obj (.text:SysCtlPeripheralPresent)
                  0000eea4    00000038                   : sysctl.obj (.text:SysCtlPeripheralReady)
                  0000eedc    00000038     rtsv7M4_T_le_v4SPD16_eabi.lib : trgmsg.c.obj (.text:__TI_writemsg)
                  0000ef14    00000038                                   : boot_cortex_m.c.obj (.text:_c_int00_noargs:_c_int00_noargs)
                  0000ef4c    00000038                                   : memory.c.obj (.text:minit)
                  0000ef84    00000038                                   : fs_tod_t2.asm.obj (.text)
                  0000efbc    00000036                                   : ull_tofs_t2.asm.obj (.text)
                  0000eff2    00000036                                   : strncpy.c.obj (.text:strncpy)
                  0000f028    00000034     driverlib.lib : emac.obj (.text:EMACIntClear)
                  0000f05c    00000034                   : interrupt.obj (.text:IntRegister)
                  0000f090    00000034                   : sysctl.obj (.text:SysCtlPeripheralEnable)
                  0000f0c4    00000034     rtsv7M4_T_le_v4SPD16_eabi.lib : fopen.c.obj (.text:__TI_cleanup)
                  0000f0f8    00000034                                   : trgmsg.c.obj (.text:__TI_readmsg)
                  0000f12c    00000030     driverlib.lib : emac.obj (.text:EMACAddrSet)
                  0000f15c    00000030     rtsv7M4_T_le_v4SPD16_eabi.lib : getdevice.c.obj (.text:finddevice)
                  0000f18c    0000002e     driverlib.lib : adc.obj (.text:ADCIntStatus)
                  0000f1ba    0000002e     rtsv7M4_T_le_v4SPD16_eabi.lib : i_tofd_t2.asm.obj (.text)
                  0000f1e8    0000002c     driverlib.lib : emac.obj (.text:EMACIntStatus)
                  0000f214    0000002c     rtsv7M4_T_le_v4SPD16_eabi.lib : unlink.c.obj (.text:unlink)
                  0000f240    0000002a     driverlib.lib : gpio.obj (.text:GPIODirModeSet)
                  0000f26a    00000002     --HOLE-- [fill = 0]
                  0000f26c    00000028     rtsv7M4_T_le_v4SPD16_eabi.lib : lseek.c.obj (.text:lseek)
                  0000f294    00000028                                   : memory.c.obj (.text:mremove)
                  0000f2bc    00000028                                   : write.c.obj (.text:write)
                  0000f2e4    00000024     driverlib.lib : interrupt.obj (.text:IntPrioritySet)
                  0000f308    00000024     rtsv7M4_T_le_v4SPD16_eabi.lib : memcmp.c.obj (.text:memcmp)
                  0000f32c    00000024                                   : memmov.c.obj (.text:memmove)
                  0000f350    00000022     driverlib.lib : pwm.obj (.text:PWMGenConfigure)
                  0000f372    00000002     --HOLE-- [fill = 0]
                  0000f374    00000020                   : uart.obj (.text:UARTDisable)
                  0000f394    00000020                   : sysctl.obj (.text:_SysCtlMemTimingGet)
                  0000f3b4    00000020     rtsv7M4_T_le_v4SPD16_eabi.lib : memchr.c.obj (.text:memchr)
                  0000f3d4    00000020                                   : u_tofd_t2.asm.obj (.text)
                  0000f3f4    0000001e     driverlib.lib : adc.obj (.text:ADCSequenceDataGet)
                  0000f412    0000001e                   : pwm.obj (.text:PWMPulseWidthSet)
                  0000f430    0000001c     rtsv7M4_T_le_v4SPD16_eabi.lib : memccpy.c.obj (.text:memccpy)
                  0000f44c    00000018     driverlib.lib : adc.obj (.text:ADCProcessorTrigger)
                  0000f464    00000018                   : gpio.obj (.text:GPIOIntRegister)
                  0000f47c    00000018                   : gpio.obj (.text:GPIOPinTypeGPIOOutput)
                  0000f494    00000018                   : uart.obj (.text:UARTIntRegister)
                  0000f4ac    00000018     rtsv7M4_T_le_v4SPD16_eabi.lib : sprintf.c.obj (.text:_outs)
                  0000f4c4    00000018                                   : strcmp.c.obj (.text:strcmp)
                  0000f4dc    00000016     driverlib.lib : emac.obj (.text:EMACReset)
                  0000f4f2    00000016                   : emac.obj (.text:EMACRxEnable)
                  0000f508    00000016                   : emac.obj (.text:EMACTxEnable)
                  0000f51e    00000016     rtsv7M4_T_le_v4SPD16_eabi.lib : strchr.c.obj (.text:strchr)
                  0000f534    00000014     driverlib.lib : flash.obj (.text:FlashUserGet)
                  0000f548    00000014                   : pwm.obj (.text:PWMClockSet)
                  0000f55c    00000014                   : uart.obj (.text:UARTEnable)
                  0000f570    00000014     rtsv7M4_T_le_v4SPD16_eabi.lib : s_copysign.c.obj (.text:copysign)
                  0000f584    00000014                                   : strcpy.c.obj (.text:strcpy)
                  0000f598    00000014                                   : strlen.c.obj (.text:strlen)
                  0000f5ac    00000012     driverlib.lib : gpio.obj (.text:GPIOPinTypeADC)
                  0000f5be    00000012                   : gpio.obj (.text:GPIOPinTypeGPIOInput)
                  0000f5d0    00000012                   : gpio.obj (.text:GPIOPinTypePWM)
                  0000f5e2    00000012                   : gpio.obj (.text:GPIOPinTypeQEI)
                  0000f5f4    00000012                   : gpio.obj (.text:GPIOPinTypeUART)
                  0000f606    00000012                   : pwm.obj (.text:PWMGenPeriodGet)
                  0000f618    00000012                   : pwm.obj (.text:PWMOutputInvert)
                  0000f62a    00000012                   : pwm.obj (.text:PWMOutputState)
                  0000f63c    00000012     rtsv7M4_T_le_v4SPD16_eabi.lib : wcslen.c.obj (.text:wcslen)
                  0000f64e    00000002     --HOLE-- [fill = 0]
                  0000f650    00000010     driverlib.lib : emac.obj (.text:EMACFrameFilterSet)
                  0000f660    00000010                   : pwm.obj (.text:PWMGenPeriodSet)
                  0000f670    00000010                   : qei.obj (.text:QEIVelocityConfigure)
                  0000f680    0000000e                   : adc.obj (.text:ADCSequenceEnable)
                  0000f68e    0000000e                   : qei.obj (.text:QEIConfigure)
                  0000f69c    0000000e                   : uart.obj (.text:UARTCharsAvail)
                  0000f6aa    0000000e     rtsv7M4_T_le_v4SPD16_eabi.lib : copy_decompress_none.c.obj (.text:decompress:none:__TI_decompress_none)
                  0000f6b8    0000000c     driverlib.lib : gpio.obj (.text:GPIOIntEnable)
                  0000f6c4    0000000c                   : pwm.obj (.text:PWMGenEnable)
                  0000f6d0    0000000c     rtsv7M4_T_le_v4SPD16_eabi.lib : copy_zero_init.c.obj (.text:decompress:ZI:__TI_zero_init)
                  0000f6dc    0000000c     tm4c1292ncpdt_startup_ccs.obj (.text)
                  0000f6e8    0000000a     driverlib.lib : qei.obj (.text:QEIEnable)
                  0000f6f2    0000000a                   : qei.obj (.text:QEIVelocityEnable)
                  0000f6fc    0000000a                   : uart.obj (.text:UARTCharGet)
                  0000f706    0000000a                   : uart.obj (.text:UARTCharPut)
                  0000f710    0000000a                   : uart.obj (.text:UARTIntDisable)
                  0000f71a    0000000a     rtsv7M4_T_le_v4SPD16_eabi.lib : sprintf.c.obj (.text:_outc)
                  0000f724    00000008     driverlib.lib : emac.obj (.text:EMACTxDMAPollDemand)
                  0000f72c    00000008                   : uart.obj (.text:UARTIntEnable)
                  0000f734    00000008     rtsv7M4_T_le_v4SPD16_eabi.lib : errno.c.obj (.text:__aeabi_errno_addr)
                  0000f73c    00000006     driverlib.lib : emac.obj (.text:EMACRxDMADescriptorListSet)
                  0000f742    00000006                   : emac.obj (.text:EMACTxDMADescriptorListSet)
                  0000f748    00000006                   : gpio.obj (.text:GPIOIntClear)
                  0000f74e    00000006                   : gpio.obj (.text:GPIOPinWrite)
                  0000f754    00000006                   : sysctl.obj (.text:SysCtlDelay)
                  0000f75a    00000004                   : qei.obj (.text:QEIPositionGet)
                  0000f75e    00000004                   : qei.obj (.text:QEIVelocityGet)
                  0000f762    00000004                   : uart.obj (.text:UARTIntClear)
                  0000f766    00000004     rtsv7M4_T_le_v4SPD16_eabi.lib : printf.c.obj (.text:_outc)
                  0000f76a    00000004                                   : printf.c.obj (.text:_outs)
                  0000f76e    00000004                                   : pre_init.c.obj (.text:_system_pre_init)
                  0000f772    00000004                                   : exit.c.obj (.text:abort:abort)

.const     0    0000f778    00000830     
                  0000f778    000001b0     driverlib.lib : sysctl.obj (.const:g_pppui32XTALtoVCO)
                  0000f928    00000101     rtsv7M4_T_le_v4SPD16_eabi.lib : ctype.c.obj (.const:.string:_ctypes_)
                  0000fa29    00000003     --HOLE-- [fill = 0]
                  0000fa2c    000000d8     driverlib.lib : gpio.obj (.const:g_ppui32GPIOIntMapSnowflake)
                  0000fb04    000000c0                   : gpio.obj (.const:g_ppui32GPIOIntMapBlizzard)
                  0000fbc4    0000009c                   : interrupt.obj (.const:g_pui32Regs)
                  0000fc60    00000090                   : gpio.obj (.const:g_pui32GPIOBaseAddrs)
                  0000fcf0    00000070                   : interrupt.obj (.const)
                  0000fd60    0000006c                   : sysctl.obj (.const:g_pui32Xtals)
                  0000fdcc    00000046     packet_comm.obj (.const:.string)
                  0000fe12    00000002     --HOLE-- [fill = 0]
                  0000fe14    00000040     driverlib.lib : uart.obj (.const:g_ppui32UARTIntMap)
                  0000fe54    00000040                   : uart.obj (.const:g_ppui32UARTIntMapSnowflake)
                  0000fe94    00000030                   : sysctl.obj (.const:g_sXTALtoMEMTIM)
                  0000fec4    00000026     FreeRTOS_ARP.obj (.const:.string:xDefaultPartARPPacketHeader)
                  0000feea    00000018     FreeRTOS_DHCP.obj (.const:.string:ucDHCPRequestOptions$1)
                  0000ff02    00000002     --HOLE-- [fill = 0]
                  0000ff04    00000018     driverlib.lib : emac.obj (.const)
                  0000ff1c    00000012     uartstdio.obj (.const:.string)
                  0000ff2e    00000011     FreeRTOS_DHCP.obj (.const:.string:ucDHCPDiscoverOptions$2)
                  0000ff3f    00000001     --HOLE-- [fill = 0]
                  0000ff40    0000000c     uartstdio.obj (.const:g_ui32UARTBase)
                  0000ff4c    0000000c     uartstdio.obj (.const:g_ui32UARTPeriph)
                  0000ff58    0000000c     FreeRTOS_DNS.obj (.const:xDefaultPartDNSHeader$3)
                  0000ff64    00000008     FreeRTOS_Sockets.obj (.const:$P$T0$1)
                  0000ff6c    00000008     NetworkInterface.obj (.const:$P$T0$1)
                  0000ff74    00000008     FreeRTOS_IP.obj (.const:$P$T0$5)
                  0000ff7c    00000008     driverlib.lib : sysctl.obj (.const)
                  0000ff84    00000008     FreeRTOS_IP.obj (.const:xNetworkDownEvent$2)
                  0000ff8c    00000008     FreeRTOS_IP.obj (.const:xNetworkDownEvent$3)
                  0000ff94    00000006     FreeRTOS_IP.obj (.const:xBroadcastMACAddress)
                  0000ff9a    00000002     --HOLE-- [fill = 0]
                  0000ff9c    00000004     BufferAllocation_2.obj (.const)
                  0000ffa0    00000004     port.obj (.const)
                  0000ffa4    00000004     uartstdio.obj (.const)

.cinit     0    0000ffa8    000000d8     
                  0000ffa8    000000a1     (.cinit..data.load) [load image, compression = lzss]
                  00010049    00000003     --HOLE-- [fill = 0]
                  0001004c    0000000c     (__TI_handler_table)
                  00010058    00000008     (.cinit..bss.load) [load image, compression = zero_init]
                  00010060    00000008     (.cinit..vtable.load) [load image, compression = zero_init]
                  00010068    00000018     (__TI_cinit_table)

.init_array 
*          0    00000000    00000000     UNINITIALIZED

.vtable    0    20000000    0000026c     UNINITIALIZED
                  20000000    0000026c     driverlib.lib : interrupt.obj (.vtable)

.bss       0    20000270    00008f09     UNINITIALIZED
                  20000270    00007530     heap_4.obj (.bss:ucHeap)
                  200077a0    00001200     (.common:g_ppui8RxBuffer)
                  200089a0    00000168     BufferAllocation_2.obj (.bss:xNetworkBufferDescriptors)
                  20008b08    00000140     tasks.obj (.bss:pxReadyTasksLists)
                  20008c48    00000120     rtsv7M4_T_le_v4SPD16_eabi.lib : trgmsg.c.obj (.bss:_CIOBUF_)
                  20008d68    000000a0     (.common:__TI_tmpnams)
                  20008e08    00000060     (.common:g_psRxDescriptor)
                  20008e68    00000060     (.common:g_psTxDescriptor)
                  20008ec8    00000050     (.common:xQueueRegistry)
                  20008f18    00000048     FreeRTOS_ARP.obj (.bss:xARPCache)
                  20008f60    00000040     (.common:g_pid_values)
                  20008fa0    00000024     FreeRTOS_DHCP.obj (.bss:xDHCPData)
                  20008fc4    00000020     (.common:gMotorValues)
                  20008fe4    00000014     FreeRTOS_IP.obj (.bss:xARPTimer)
                  20008ff8    00000014     timers.obj (.bss:xActiveTimerList1)
                  2000900c    00000014     timers.obj (.bss:xActiveTimerList2)
                  20009020    00000014     FreeRTOS_IP.obj (.bss:xDHCPTimer)
                  20009034    00000014     tasks.obj (.bss:xDelayedTaskList1)
                  20009048    00000014     tasks.obj (.bss:xDelayedTaskList2)
                  2000905c    00000014     BufferAllocation_2.obj (.bss:xFreeBuffersList)
                  20009070    00000014     tasks.obj (.bss:xPendingReadyList)
                  20009084    00000014     FreeRTOS_TCP_WIN.obj (.bss:xSegmentList)
                  20009098    00000014     tasks.obj (.bss:xSuspendedTaskList)
                  200090ac    00000014     FreeRTOS_IP.obj (.bss:xTCPTimer)
                  200090c0    00000014     tasks.obj (.bss:xTasksWaitingTermination)
                  200090d4    00000014     (.common:xBoundTCPSocketsList)
                  200090e8    00000014     (.common:xBoundUDPSocketsList)
                  200090fc    0000000c     (.common:g_pid_params)
                  20009108    00000008     tasks.obj (.bss)
                  20009110    00000008     timers.obj (.bss)
                  20009118    00000008     heap_4.obj (.bss:xStart)
                  20009120    00000008     (.common:parmbuf)
                  20009128    00000008     (.common:pui8MACAddr)
                  20009130    00000008     (.common:timer_cur_val)
                  20009138    00000008     (.common:timer_past_val)
                  20009140    00000004     BufferAllocation_2.obj (.bss)
                  20009144    00000004     FreeRTOS_DNS.obj (.bss)
                  20009148    00000004     FreeRTOS_IP.obj (.bss)
                  2000914c    00000004     (.common:g_ui32RxDescIndex)
                  20009150    00000004     (.common:g_ui32SysClock)
                  20009154    00000004     (.common:g_ui32TxDescIndex)
                  20009158    00000004     (.common:ip)
                  2000915c    00000004     (.common:ui32Loop)
                  20009160    00000004     (.common:ui32User0)
                  20009164    00000004     (.common:ui32User1)
                  20009168    00000004     (.common:xData_Semaphore)
                  2000916c    00000004     (.common:xEMACRxEventSemaphore)
                  20009170    00000004     (.common:xPingReplyQueue)
                  20009174    00000004     (.common:xUARTRxEventSemaphore)
                  20009178    00000001     (.common:ui8PHYAddr)

.stack     0    20009180    00000800     UNINITIALIZED
                  20009180    00000004     rtsv7M4_T_le_v4SPD16_eabi.lib : boot_cortex_m.c.obj (.stack)
                  20009184    000007fc     --HOLE--

.data      0    20009980    000002fc     UNINITIALIZED
                  20009980    000000f0     rtsv7M4_T_le_v4SPD16_eabi.lib : defs.c.obj (.data:_ftable)
                  20009a70    00000078                                   : write.c.obj (.data:_device)
                  20009ae8    00000050                                   : write.c.obj (.data:_stream)
                  20009b38    00000030     tasks.obj (.data)
                  20009b68    00000024     FreeRTOS_IP.obj (.data)
                  20009b8c    00000018     FreeRTOS_UDP_IP.obj (.data:xDefaultPartUDPPacketHeader)
                  20009ba4    00000015     project2_tasks.obj (.data)
                  20009bb9    00000003     --HOLE--
                  20009bbc    00000014     packet_comm.obj (.data:packet_type_strings)
                  20009bd0    00000014     FreeRTOS_IP.obj (.data:xDefaultAddressing)
                  20009be4    00000014     FreeRTOS_IP.obj (.data:xNetworkAddressing)
                  20009bf8    00000010     heap_4.obj (.data)
                  20009c08    00000010     rtsv7M4_T_le_v4SPD16_eabi.lib : defs.c.obj (.data)
                  20009c18    0000000c                                   : exit.c.obj (.data:$O1$$)
                  20009c24    0000000c                                   : memory.c.obj (.data:$O1$$)
                  20009c30    00000008                                   : _lock.c.obj (.data:$O1$$)
                  20009c38    00000008     FreeRTOS_DNS.obj (.data)
                  20009c40    00000008     FreeRTOS_TCP_WIN.obj (.data)
                  20009c48    00000008     packet_comm.obj (.data)
                  20009c50    00000008     timers.obj (.data)
                  20009c58    00000005     uartstdio.obj (.data)
                  20009c5d    00000003     --HOLE--
                  20009c60    00000004     BufferAllocation_2.obj (.data)
                  20009c64    00000004     FreeRTOS_ARP.obj (.data)
                  20009c68    00000004     FreeRTOS_Sockets.obj (.data)
                  20009c6c    00000004     FreeRTOS_TCP_IP.obj (.data)
                  20009c70    00000004     port.obj (.data)
                  20009c74    00000004     rtsv7M4_T_le_v4SPD16_eabi.lib : errno.c.obj (.data)
                  20009c78    00000004     FreeRTOS_Sockets.obj (.data:usNextPortToUse)

.sysmem    0    20009c80    00000008     UNINITIALIZED
                  20009c80    00000008     rtsv7M4_T_le_v4SPD16_eabi.lib : memory.c.obj (.sysmem)

MODULE SUMMARY

       Module                          code    ro data   rw data
       ------                          ----    -------   -------
    .\
       project2_tasks.obj              1412    0         129    
       pid.obj                         1248    0         0      
       uartstdio.obj                   1180    46        5      
       packet_comm.obj                 716     70        28     
       tm4c1292ncpdt_startup_ccs.obj   12      520       0      
       main.obj                        508     0         16     
    +--+-------------------------------+-------+---------+---------+
       Total:                          5076    636       178    
                                                                
    .\driver\
       ethernet.obj                    920     0         4829   
       motor_control.obj               408     0         0      
       serial_interface.obj            396     0         0      
       speed_sensor.obj                332     0         16     
       current_sensor.obj              212     0         0      
       leds.obj                        88      0         0      
    +--+-------------------------------+-------+---------+---------+
       Total:                          2356    0         4845   
                                                                
    .\third_party\FreeRTOS-Plus-TCP\
       FreeRTOS_TCP_IP.obj             7712    0         4      
       FreeRTOS_Sockets.obj            6460    8         48     
       FreeRTOS_IP.obj                 4012    30        140    
       FreeRTOS_TCP_WIN.obj            3548    0         28     
       FreeRTOS_DHCP.obj               1736    41        36     
       FreeRTOS_ARP.obj                1316    38        76     
       FreeRTOS_DNS.obj                968     12        12     
       FreeRTOS_Stream_Buffer.obj      708     0         0      
       FreeRTOS_UDP_IP.obj             520     0         24     
    +--+-------------------------------+-------+---------+---------+
       Total:                          26980   129       368    
                                                                
    .\third_party\FreeRTOS-Plus-TCP\portable\BufferManagement\
       BufferAllocation_2.obj          660     4         388    
    +--+-------------------------------+-------+---------+---------+
       Total:                          660     4         388    
                                                                
    .\third_party\FreeRTOS-Plus-TCP\portable\NetworkInterface\ARM_CM4F\
       NetworkInterface.obj            996     8         8      
    +--+-------------------------------+-------+---------+---------+
       Total:                          996     8         8      
                                                                
    .\third_party\FreeRTOS\Source\
       tasks.obj                       6188    0         476    
       queue.obj                       2568    0         80     
       timers.obj                      1332    0         56     
       event_groups.obj                942     0         0      
       list.obj                        298     0         0      
    +--+-------------------------------+-------+---------+---------+
       Total:                          11328   0         612    
                                                                
    .\third_party\FreeRTOS\Source\portable\CCS\ARM_CM4F\
       port.obj                        296     4         4      
       portasm.obj                     210     0         0      
    +--+-------------------------------+-------+---------+---------+
       Total:                          506     4         4      
                                                                
    .\third_party\FreeRTOS\Source\portable\MemMang\
       heap_4.obj                      700     0         30024  
    +--+-------------------------------+-------+---------+---------+
       Total:                          700     0         30024  
                                                                
    ../driverlib.lib
       sysctl.obj                      866     596       0      
       gpio.obj                        736     552       0      
       interrupt.obj                   192     268       620    
       emac.obj                        568     24        0      
       uart.obj                        266     128       0      
       adc.obj                         316     0         0      
       pwm.obj                         166     0         0      
       qei.obj                         58      0         0      
       flash.obj                       20      0         0      
    +--+-------------------------------+-------+---------+---------+
       Total:                          3188    1568      620    
                                                                
    C:\ti\ccsv8\tools\compiler\ti-cgt-arm_18.1.1.LTS\lib\rtsv7M4_T_le_v4SPD16_eabi.lib
       _printfi.c.obj                  4863    0         0      
       memory.c.obj                    492     0         12     
       fd_add_t2.asm.obj               438     0         0      
       defs.c.obj                      0       0         416    
       trgmsg.c.obj                    108     0         288    
       fd_div_t2.asm.obj               310     0         0      
       fputs.c.obj                     276     0         0      
       s_scalbn.c.obj                  272     0         0      
       fd_cmp_t2.asm.obj               268     0         0      
       ctype.c.obj                     0       257       0      
       fd_mul_t2.asm.obj               252     0         0      
       write.c.obj                     40      0         200    
       setvbuf.c.obj                   220     0         0      
       memcpy_t2.asm.obj               156     0         0      
       ull_div_t2.asm.obj              150     0         0      
       fputc.c.obj                     140     0         0      
       memset_t2.asm.obj               122     0         0      
       fclose.c.obj                    116     0         0      
       getdevice.c.obj                 116     0         0      
       printf.c.obj                    112     0         0      
       fd_tos_t2.asm.obj               110     0         0      
       copy_decompress_lzss.c.obj      104     0         0      
       hostlseek.c.obj                 104     0         0      
       hostopen.c.obj                  96      0         8      
       hostrename.c.obj                104     0         0      
       fseek.c.obj                     100     0         0      
       s_frexp.c.obj                   100     0         0      
       _io_perm.c.obj                  98      0         0      
       sprintf.c.obj                   98      0         0      
       close.c.obj                     92      0         0      
       exit.c.obj                      76      0         12     
       hostread.c.obj                  88      0         0      
       hostwrite.c.obj                 88      0         0      
       ltoa.c.obj                      84      0         0      
       atoi.c.obj                      76      0         0      
       fflush.c.obj                    76      0         0      
       fd_toi_t2.asm.obj               72      0         0      
       autoinit.c.obj                  68      0         0      
       hostclose.c.obj                 68      0         0      
       hostunlink.c.obj                68      0         0      
       u_divt2.asm.obj                 64      0         0      
       boot_cortex_m.c.obj             56      0         0      
       fs_tod_t2.asm.obj               56      0         0      
       strncpy.c.obj                   54      0         0      
       ull_tofs_t2.asm.obj             54      0         0      
       fopen.c.obj                     52      0         0      
       i_tofd_t2.asm.obj               46      0         0      
       unlink.c.obj                    44      0         0      
       lseek.c.obj                     40      0         0      
       memcmp.c.obj                    36      0         0      
       memmov.c.obj                    36      0         0      
       memchr.c.obj                    32      0         0      
       u_tofd_t2.asm.obj               32      0         0      
       memccpy.c.obj                   28      0         0      
       strcmp.c.obj                    24      0         0      
       strchr.c.obj                    22      0         0      
       s_copysign.c.obj                20      0         0      
       strcpy.c.obj                    20      0         0      
       strlen.c.obj                    20      0         0      
       wcslen.c.obj                    18      0         0      
       copy_decompress_none.c.obj      14      0         0      
       copy_zero_init.c.obj            12      0         0      
       errno.c.obj                     8       0         4      
       _lock.c.obj                     2       0         8      
       pre_init.c.obj                  4       0         0      
       div0.asm.obj                    2       0         0      
    +--+-------------------------------+-------+---------+---------+
       Total:                          11017   257       948    
                                                                
       Heap:                           0       0         8      
       Stack:                          0       0         2048   
       Linker Generated:               0       213       0      
    +--+-------------------------------+-------+---------+---------+
       Grand Total:                    62807   2819      40051  


LINKER GENERATED COPY TABLES

__TI_cinit_table @ 00010068 records: 3, size/record: 8, table size: 24
	.data: load addr=0000ffa8, load size=000000a1 bytes, run addr=20009980, run size=000002fc bytes, compression=lzss
	.bss: load addr=00010058, load size=00000008 bytes, run addr=20000270, run size=00008f09 bytes, compression=zero_init
	.vtable: load addr=00010060, load size=00000008 bytes, run addr=20000000, run size=0000026c bytes, compression=zero_init


LINKER GENERATED HANDLER TABLE

__TI_handler_table @ 0001004c records: 3, size/record: 4, table size: 12
	index: 0, handler: __TI_zero_init
	index: 1, handler: __TI_decompress_lzss
	index: 2, handler: __TI_decompress_none


GLOBAL SYMBOLS: SORTED ALPHABETICALLY BY Name 

address   name                                  
-------   ----                                  
0000f18d  ADCIntStatus                          
0000f44d  ADCProcessorTrigger                   
0000e8c7  ADCSequenceConfigure                  
0000f3f5  ADCSequenceDataGet                    
0000f681  ADCSequenceEnable                     
0000def1  ADCSequenceStepConfigure              
0000f773  C$$EXIT                               
0000ef0b  C$$IO$$                               
0000e71d  ConfigureLEDs                         
0000f12d  EMACAddrSet                           
0000ee35  EMACConfigSet                         
0000f651  EMACFrameFilterSet                    
0000dfe5  EMACInit                              
0000f029  EMACIntClear                          
0000edf9  EMACIntEnable                         
0000f1e9  EMACIntStatus                         
0000e615  EMACPHYConfigSet                      
0000f4dd  EMACReset                             
0000f73d  EMACRxDMADescriptorListSet            
0000f4f3  EMACRxEnable                          
0000f743  EMACTxDMADescriptorListSet            
0000f725  EMACTxDMAPollDemand                   
0000f509  EMACTxEnable                          
0000a467  EthernetIntHandler                    
0000f535  FlashUserGet                          
000099f5  FreeRTOS_ClearARP                     
000056c9  FreeRTOS_GetAddressConfiguration      
000060ad  FreeRTOS_GetDNSServerAddress          
000060a7  FreeRTOS_GetGatewayAddress            
00006091  FreeRTOS_GetIPAddress                 
00002cd7  FreeRTOS_GetLocalAddress              
000060b9  FreeRTOS_GetMACAddress                
000060b3  FreeRTOS_GetNetmask                   
00003757  FreeRTOS_GetRemoteAddress             
000054b1  FreeRTOS_GetUDPPayloadBuffer          
00005599  FreeRTOS_IPInit                       
00006115  FreeRTOS_IsNetworkUp                  
00005465  FreeRTOS_NetworkDown                  
00005487  FreeRTOS_NetworkDownFromISR           
00009981  FreeRTOS_OutputARPRequest             
0000556d  FreeRTOS_ReleaseUDPPayloadBuffer      
00005751  FreeRTOS_SendPingRequest              
00005711  FreeRTOS_SetAddressConfiguration      
000060cd  FreeRTOS_SetGatewayAddress            
00006097  FreeRTOS_SetIPAddress                 
000060bd  FreeRTOS_SetNetmask                   
00002ec5  FreeRTOS_accept                       
000025bf  FreeRTOS_bind                         
00002705  FreeRTOS_closesocket                  
00002e37  FreeRTOS_connect                      
000038eb  FreeRTOS_connstatus                   
000035cf  FreeRTOS_get_rx_buf                   
000031e7  FreeRTOS_get_tx_head                  
0000a79d  FreeRTOS_gethostbyname                
00002bfb  FreeRTOS_inet_addr                    
00003885  FreeRTOS_issocketconnected            
00003387  FreeRTOS_listen                       
000037b9  FreeRTOS_maywrite                     
000038c3  FreeRTOS_mss                          
0000394d  FreeRTOS_netstat                      
00003015  FreeRTOS_recv                         
000023b9  FreeRTOS_recvfrom                     
00003919  FreeRTOS_rx_size                      
0000323d  FreeRTOS_send                         
000024d1  FreeRTOS_sendto                       
0000284d  FreeRTOS_setsockopt                   
0000343f  FreeRTOS_shutdown                     
000022ad  FreeRTOS_socket                       
00003851  FreeRTOS_tx_size                      
0000381b  FreeRTOS_tx_space                     
0000f241  GPIODirModeSet                        
0000f749  GPIOIntClear                          
0000f6b9  GPIOIntEnable                         
0000f465  GPIOIntRegister                       
0000e775  GPIOIntTypeSet                        
0000cd25  GPIOPP3IntHandler                     
0000d053  GPIOPadConfigSet                      
0000ea01  GPIOPinConfigure                      
0000f5ad  GPIOPinTypeADC                        
0000f5bf  GPIOPinTypeGPIOInput                  
0000f47d  GPIOPinTypeGPIOOutput                 
0000f5d1  GPIOPinTypePWM                        
0000f5e3  GPIOPinTypeQEI                        
0000f5f5  GPIOPinTypeUART                       
0000f74f  GPIOPinWrite                          
0000eb69  HOSTclose                             
0000e225  HOSTlseek                             
0000e559  HOSTopen                              
0000e66d  HOSTread                              
0000e28d  HOSTrename                            
0000ebad  HOSTunlink                            
0000e6c5  HOSTwrite                             
0000afc5  InitDescriptors                       
0000ca35  Init_PID                              
0000e2f5  IntEnable                             
0000f2e5  IntPrioritySet                        
0000f05d  IntRegister                           
00009a9b  PID_Compute                           
00009ef1  PID_GetDirection                      
00009ec5  PID_GetKd                             
00009eb5  PID_GetKi                             
00009ea5  PID_GetKp                             
00009ed5  PID_GetMode                           
00009de1  PID_Initialize                        
00009e39  PID_SetControllerDirection            
00009d97  PID_SetMode                           
00009ce1  PID_SetOutputLimits                   
00009c7d  PID_SetSampleTime                     
00009b9b  PID_SetTunings                        
0000ca81  PID_compute_output                    
00009a25  PID_init                              
0000f549  PWMClockSet                           
0000f351  PWMGenConfigure                       
0000f6c5  PWMGenEnable                          
0000f607  PWMGenPeriodGet                       
0000f661  PWMGenPeriodSet                       
0000f619  PWMOutputInvert                       
0000f62b  PWMOutputState                        
0000f413  PWMPulseWidthSet                      
0000af6d  PacketTransmit                        
0000aefd  ProcessReceivedPacket                 
0000f68f  QEIConfigure                          
0000f6e9  QEIEnable                             
0000f75b  QEIPositionGet                        
0000f671  QEIVelocityConfigure                  
0000f6f3  QEIVelocityEnable                     
0000f75f  QEIVelocityGet                        
0000f6dd  ResetISR                              
0000c1ed  SysCtlClockFreqSet                    
0000f755  SysCtlDelay                           
0000f091  SysCtlPeripheralEnable                
0000ee6d  SysCtlPeripheralPresent               
0000eea5  SysCtlPeripheralReady                 
0000e919  SysCtlPeripheralReset                 
0000cb09  UART0_Init                            
0000cc63  UART3IntHandler                       
0000cb57  UART3_Init                            
0000f6fd  UARTCharGet                           
0000f707  UARTCharPut                           
0000f69d  UARTCharsAvail                        
0000eb21  UARTConfigSetExpClk                   
0000f375  UARTDisable                           
0000f55d  UARTEnable                            
0000f763  UARTIntClear                          
0000f711  UARTIntDisable                        
0000f72d  UARTIntEnable                         
0000f495  UARTIntRegister                       
00009f05  UARTStdioConfig                       
0000a04b  UARTgetc                              
00009f91  UARTgets                              
0000a36b  UARTprintf                            
0000a071  UARTvprintf                           
00009f4b  UARTwrite                             
20008c48  __CIOBUF_                             
20009980  __STACK_END                           
00000800  __STACK_SIZE                          
20009380  __STACK_TOP                           
00000008  __SYSMEM_SIZE                         
00010068  __TI_CINIT_Base                       
00010080  __TI_CINIT_Limit                      
0001004c  __TI_Handler_Table_Base               
00010058  __TI_Handler_Table_Limit              
0000ec35  __TI_auto_init_nobinit_nopinit        
0000f0c5  __TI_cleanup                          
20009c18  __TI_cleanup_ptr                      
0000e0d5  __TI_closefile                        
0000e35d  __TI_decompress_lzss                  
0000f6ab  __TI_decompress_none                  
0000e969  __TI_doflush                          
20009c1c  __TI_dtors_ptr                        
20009c20  __TI_enable_exit_profile_output       
20009c08  __TI_ft_end                           
ffffffff  __TI_pprof_out_hndl                   
00006f19  __TI_printfi                          
ffffffff  __TI_prof_data_size                   
ffffffff  __TI_prof_data_start                  
0000f0f9  __TI_readmsg                          
00000000  __TI_static_base__                    
20008d68  __TI_tmpnams                          
0000eedd  __TI_writemsg                         
0000e4f5  __TI_wrt_ok                           
0000f6d1  __TI_zero_init                        
0000dde5  __aeabi_cdcmpeq                       
0000dde5  __aeabi_cdcmple                       
0000de6b  __aeabi_cdrcmple                      
0000e1b7  __aeabi_d2f                           
0000ead9  __aeabi_d2iz                          
0000c7c3  __aeabi_dadd                          
0000cf1d  __aeabi_ddiv                          
0000d71d  __aeabi_dmul                          
0000c7b9  __aeabi_dsub                          
0000f735  __aeabi_errno_addr                    
0000ef85  __aeabi_f2d                           
0000f1bb  __aeabi_i2d                           
0000aefb  __aeabi_idiv0                         
0000aefb  __aeabi_ldiv0                         
0000df6b  __aeabi_memclr                        
0000df6b  __aeabi_memclr4                       
0000df6b  __aeabi_memclr8                       
0000dc27  __aeabi_memcpy                        
0000dc27  __aeabi_memcpy4                       
0000dc27  __aeabi_memcpy8                       
0000df6d  __aeabi_memset                        
0000df6d  __aeabi_memset4                       
0000df6d  __aeabi_memset8                       
20009c14  __aeabi_stderr                        
20009c0c  __aeabi_stdin                         
20009c10  __aeabi_stdout                        
0000f3d5  __aeabi_ui2d                          
0000ecfd  __aeabi_uidiv                         
0000ecfd  __aeabi_uidivmod                      
0000efbd  __aeabi_ul2f                          
0000dcc3  __aeabi_uldivmod                      
ffffffff  __binit__                             
ffffffff  __c_args__                            
UNDEFED   __mpu_init                            
20009180  __stack                               
0000ef15  _c_int00_noargs                       
0000f928  _ctypes_                              
20009a70  _device                               
20009980  _ftable                               
20009c30  _lock                                 
00007977  _nop                                  
20009ae8  _stream                               
20009c80  _sys_memory                           
UNDEFED   _system_post_cinit                    
0000f76f  _system_pre_init                      
20009c34  _unlock                               
0000f773  abort                                 
0000d9cd  adc_init                              
0000e9b5  atoi                                  
ffffffff  binit                                 
0000b421  calc_checksum                         
0000e5b9  close                                 
20009c48  comm_hw_used                          
0000f571  copysign                              
0000f571  copysignl                             
00008da5  current_measure_task_create           
00008a85  current_update_timer_callback         
00009769  eARPGetCacheEntry                     
00009501  eARPProcessPacket                     
000058e5  eConsiderFrameForProcessing           
0000b095  enable_eth0                           
20009c74  errno                                 
0000ea91  exit                                  
0000f15d  finddevice                            
0000dd59  fputc                                 
0000d4f9  fputs                                 
0000d8f5  free                                  
0000e42d  frexp                                 
0000e42d  frexpl                                
0000e491  fseek                                 
20008fc4  gMotorValues                          
20000000  g_pfnRAMVectors                       
00000000  g_pfnVectors                          
200090fc  g_pid_params                          
20008f60  g_pid_values                          
200077a0  g_ppui8RxBuffer                       
20008e08  g_psRxDescriptor                      
20008e68  g_psTxDescriptor                      
2000914c  g_ui32RxDescIndex                     
20009150  g_ui32SysClock                        
20009154  g_ui32TxDescIndex                     
0000da0f  get_adc_count                         
0000da3b  get_current                           
0000cd9d  get_error                             
0000b33f  get_heartbeat                         
0000b35f  get_motor_values                      
0000b3ef  get_pid_config                        
0000b3b7  get_pid_params                        
0000cce3  get_position                          
0000cd57  get_speed                             
0000cd3d  get_speed_2                           
0000cd8d  get_speed_setpoint                    
0000cd7b  get_speed_test                        
0000ec79  getdevice                             
00008a49  heartbeat_timer_callback              
20009158  ip                                    
000036c1  lTCPAddRxdata                         
00006671  lTCPWindowRxCheck                     
0000685b  lTCPWindowTxAdd                       
0000d60d  ldexp                                 
0000d60d  ldexpl                                
0000ca09  led_bright                            
00008ebd  log_receive_task_create               
00008e6d  logger_task_create                    
00008a67  logger_timer_callback                 
0000f26d  lseek                                 
0000e821  ltoa                                  
0000c3fb  main                                  
0000e05d  malloc                                
0000f431  memccpy                               
0000f3b5  memchr                                
0000f309  memcmp                                
0000dc27  memcpy                                
0000f32d  memmove                               
0000df73  memset                                
0000ef4d  minit                                 
0000c9e1  motor_speed                           
00008d13  motor_task_create                     
0000b333  packet_recieve                        
0000b295  packet_send                           
20009bbc  packet_type_strings                   
20009120  parmbuf                               
000090c5  pcTimerGetTimerName                   
00008a99  pid_timer_callback                    
0000b45f  print_data_packet                     
0000e3c5  printf                                
0000bb87  pucGetNetworkBuffer                   
20009128  pui8MACAddr                           
0000dd59  putc                                  
0000b825  pvPortMalloc                          
00004ccb  pvTaskIncrementMutexHeldCount         
000094b1  pvTimerGetTimerID                     
0000c971  pwm_init                              
20009b38  pxCurrentTCB                          
000054e9  pxDuplicateNetworkBufferWithDescriptor
0000bbe1  pxGetNetworkBufferWithDescriptor      
0000d2b1  pxPortInitialiseStack                 
0000bced  pxResizeNetworkBufferWithDescriptor   
0000354f  pxTCPSocketLookup                     
00005531  pxUDPPayloadBuffer_to_NetworkBuffer   
00002bdb  pxUDPSocketLookup                     
0000cc95  quad_encoder_init                     
0000f215  remove                                
0000d60d  scalbn                                
0000d60d  scalbnl                               
0000d819  setvbuf                               
00008e31  speed_measure_task_create             
0000ed3d  sprintf                               
0000f51f  strchr                                
0000f4c5  strcmp                                
0000f585  strcpy                                
0000f599  strlen                                
0000eff3  strncpy                               
0000cced  tachometer_init                       
20009130  timer_cur_val                         
0000cd3b  timer_init                            
20009138  timer_past_val                        
20009bb8  toggle                                
0000cc1f  uart_fill_buffer                      
0000cbe5  uart_get_n                            
0000cbab  uart_send_n                           
00008099  ucQueueGetQueueType                   
2000915c  ui32Loop                              
20009160  ui32User0                             
20009164  ui32User1                             
20009178  ui8PHYAddr                            
0000a9ad  ulDNSHandlePacket                     
0000ffa0  ulMaxSyscallInterruptPriority         
20009c6c  ulNextInitialSequenceNumber           
0000dab1  ulPortGetIPSR                         
00006e9f  ulTCPWindowTxAck                      
00006b13  ulTCPWindowTxGet                      
00006ed1  ulTCPWindowTxSack                     
00004ce9  ulTaskNotifyTake                      
0000f215  unlink                                
00005ed5  usGenerateChecksum                    
00005d85  usGenerateProtocolChecksum            
20009b6c  usPacketIdentifier                    
0000aedb  uxEventGroupGetNumber                 
0000bce7  uxGetMinimumFreeNetworkBuffers        
0000bce1  uxGetNumberOfFreeNetworkBuffers       
0000d267  uxListRemove                          
00008079  uxQueueGetQueueNumber                 
0000801b  uxQueueMessagesWaiting                
00008051  uxQueueMessagesWaitingFromISR         
00008031  uxQueueSpacesAvailable                
0000b671  uxStreamBufferAdd                     
0000b753  uxStreamBufferGet                     
00004159  uxTaskGetNumberOfTasks                
00004a81  uxTaskGetStackHighWaterMark           
00004169  uxTaskGetSystemState                  
000046df  uxTaskGetTaskNumber                   
00003c1f  uxTaskPriorityGet                     
00003c51  uxTaskPriorityGetFromISR              
00004ca9  uxTaskResetEventItemValue             
000098a5  vARPAgeCache                          
000099a9  vARPGenerateRequestPacket             
000095cf  vARPRefreshCacheEntry                 
00009971  vARPSendGratuitous                    
0000a4e3  vApplicationIPNetworkEventHook        
0000a589  vApplicationPingReplyHook             
0000c3ed  vApplicationStackOverflowHook         
000083a1  vDHCPProcess                          
0000a3a1  vEMACHandlerTask                      
0000ae95  vEventGroupClearBitsCallback          
0000ae51  vEventGroupDelete                     
0000ae85  vEventGroupSetBitsCallback            
000059a1  vIPNetworkUpCalls                     
00006101  vIPReloadDHCPTimer                    
000060dd  vIPSetDHCPTimerEnableState            
0000d185  vListInitialise                       
0000d1b5  vListInitialiseItem                   
0000d201  vListInsert                           
0000d1c5  vListInsertEnd                        
00006213  vListInsertGeneric                    
0000a4cb  vNetworkInterfaceAllocateRAMToBuffers 
0000220f  vNetworkSocketsInit                   
0000db65  vPortEnableVFP                        
0000d34d  vPortEndScheduler                     
0000d34f  vPortEnterCritical                    
0000d36f  vPortExitCritical                     
0000b927  vPortFree                             
0000b985  vPortInitialiseBlocks                 
0000db29  vPortSVCHandler                       
0000d3ab  vPortSetupTimerInterrupt              
0000db49  vPortStartFirstTask                   
0000bfe5  vProcessGeneratedUDPPacket            
000082a7  vQueueAddToRegistry                   
00008063  vQueueDelete                          
00008087  vQueueSetQueueNumber                  
000082e9  vQueueUnregisterQueue                 
00008323  vQueueWaitForMessageRestricted        
0000bbcb  vReleaseNetworkBuffer                 
0000bc97  vReleaseNetworkBufferAndDescriptor    
0000605f  vReturnEthernetFrame                  
0000a5d5  vSendPing                             
00002663  vSocketBind                           
00002749  vSocketClose                          
00002d03  vSocketWakeUpUser                     
00000c6f  vTCPStateChange                       
000064d3  vTCPWindowCreate                      
00006475  vTCPWindowDestroy                     
0000653d  vTCPWindowInit                        
00003bc3  vTaskDelay                            
00003b1b  vTaskDelayUntil                       
00003a7f  vTaskDelete                           
00004025  vTaskEndScheduler                     
000046d7  vTaskMissedYield                      
00005099  vTaskNotifyGiveFromISR                
00004409  vTaskPlaceOnEventList                 
000044e5  vTaskPlaceOnEventListRestricted       
00004471  vTaskPlaceOnUnorderedEventList        
00004b51  vTaskPriorityInherit                  
00003ca5  vTaskPrioritySet                      
00003ead  vTaskResume                           
00004705  vTaskSetTaskNumber                    
00004639  vTaskSetTimeOutState                  
00003fc1  vTaskStartScheduler                   
00003db9  vTaskSuspend                          
00004045  vTaskSuspendAll                       
00004361  vTaskSwitchContext                    
000094cb  vTimerSetTimerID                      
0000f63d  wcslen                                
0000f2bd  write                                 
200090d4  xBoundTCPSocketsList                  
200090e8  xBoundUDPSocketsList                  
0000ff94  xBroadcastMACAddress                  
0000ff9c  xBufferAllocFixedSize                 
20009168  xData_Semaphore                       
20009bd0  xDefaultAddressing                    
20009b8c  xDefaultPartUDPPacketHeader           
2000916c  xEMACRxEventSemaphore                 
0000ad27  xEventGroupClearBits                  
0000ab4d  xEventGroupCreate                     
0000ad53  xEventGroupGetBitsFromISR             
0000ad83  xEventGroupSetBits                    
0000ab6d  xEventGroupSync                       
0000ac3d  xEventGroupWaitBits                   
0000a4d7  xGetPhyLinkStatus                     
0000610f  xIPIsNetworkTaskReady                 
000052b9  xIsCallingFromIPTask                  
00008381  xIsDHCPSocket                         
20009be4  xNetworkAddressing                    
0000bae1  xNetworkBuffersInitialise             
20009b68  xNetworkEventQueue                    
0000a48d  xNetworkInterfaceInitialise           
0000a4a5  xNetworkInterfaceOutput               
20009170  xPingReplyQueue                       
0000b979  xPortGetFreeHeapSize                  
0000b97f  xPortGetMinimumEverFreeHeapSize       
0000dac9  xPortPendSVHandler                    
0000d317  xPortStartScheduler                   
0000d385  xPortSysTickHandler                   
00001bcd  xProcessReceivedTCPPacket             
0000c139  xProcessReceivedUDPPacket             
00007b81  xQueueCreateCountingSemaphore         
00007a85  xQueueCreateMutex                     
00007a15  xQueueGenericCreate                   
00007dd5  xQueueGenericReceive                  
00007979  xQueueGenericReset                    
00007ba1  xQueueGenericSend                     
00007cc9  xQueueGenericSendFromISR              
00007d55  xQueueGiveFromISR                     
00007afb  xQueueGiveMutexRecursive              
00008243  xQueueIsQueueEmptyFromISR             
00008285  xQueueIsQueueFullFromISR              
00007fc9  xQueuePeekFromISR                     
00007f43  xQueueReceiveFromISR                  
20008ec8  xQueueRegistry                        
00007b37  xQueueTakeMutexRecursive              
00005851  xSendEventStructToIPTask              
00005813  xSendEventToIPTask                    
20009c4c  xSocket                               
00001faf  xTCPCheckNewClient                    
000003b9  xTCPSocketCheck                       
00003497  xTCPTimerCheck                        
20009c44  xTCPWindowLoggingLevel                
000063a3  xTCPWindowRxEmpty                     
000069c9  xTCPWindowTxDone                      
00006a65  xTCPWindowTxHasData                   
0000465d  xTaskCheckForTimeOut                  
00003965  xTaskGenericCreate                    
00004e9f  xTaskGenericNotify                    
00004f91  xTaskGenericNotifyFromISR             
00004b0b  xTaskGetCurrentTaskHandle             
00004b25  xTaskGetSchedulerState                
00004135  xTaskGetTickCount                     
00004145  xTaskGetTickCountFromISR              
00004239  xTaskIncrementTick                    
0000513f  xTaskNotifyStateClear                 
00004db5  xTaskNotifyWait                       
00004c0b  xTaskPriorityDisinherit               
00004549  xTaskRemoveFromEventList              
000045c5  xTaskRemoveFromUnorderedEventList     
00004059  xTaskResumeAll                        
00003f2f  xTaskResumeFromISR                    
00009005  xTimerCreate                          
00008fcd  xTimerCreateTimerTask                 
00009059  xTimerGenericCommand                  
00009485  xTimerIsTimerActive                   
20009174  xUARTRxEventSemaphore                 


GLOBAL SYMBOLS: SORTED BY Symbol Address 

address   name                                  
-------   ----                                  
00000000  __TI_static_base__                    
00000000  g_pfnVectors                          
00000008  __SYSMEM_SIZE                         
000003b9  xTCPSocketCheck                       
00000800  __STACK_SIZE                          
00000c6f  vTCPStateChange                       
00001bcd  xProcessReceivedTCPPacket             
00001faf  xTCPCheckNewClient                    
0000220f  vNetworkSocketsInit                   
000022ad  FreeRTOS_socket                       
000023b9  FreeRTOS_recvfrom                     
000024d1  FreeRTOS_sendto                       
000025bf  FreeRTOS_bind                         
00002663  vSocketBind                           
00002705  FreeRTOS_closesocket                  
00002749  vSocketClose                          
0000284d  FreeRTOS_setsockopt                   
00002bdb  pxUDPSocketLookup                     
00002bfb  FreeRTOS_inet_addr                    
00002cd7  FreeRTOS_GetLocalAddress              
00002d03  vSocketWakeUpUser                     
00002e37  FreeRTOS_connect                      
00002ec5  FreeRTOS_accept                       
00003015  FreeRTOS_recv                         
000031e7  FreeRTOS_get_tx_head                  
0000323d  FreeRTOS_send                         
00003387  FreeRTOS_listen                       
0000343f  FreeRTOS_shutdown                     
00003497  xTCPTimerCheck                        
0000354f  pxTCPSocketLookup                     
000035cf  FreeRTOS_get_rx_buf                   
000036c1  lTCPAddRxdata                         
00003757  FreeRTOS_GetRemoteAddress             
000037b9  FreeRTOS_maywrite                     
0000381b  FreeRTOS_tx_space                     
00003851  FreeRTOS_tx_size                      
00003885  FreeRTOS_issocketconnected            
000038c3  FreeRTOS_mss                          
000038eb  FreeRTOS_connstatus                   
00003919  FreeRTOS_rx_size                      
0000394d  FreeRTOS_netstat                      
00003965  xTaskGenericCreate                    
00003a7f  vTaskDelete                           
00003b1b  vTaskDelayUntil                       
00003bc3  vTaskDelay                            
00003c1f  uxTaskPriorityGet                     
00003c51  uxTaskPriorityGetFromISR              
00003ca5  vTaskPrioritySet                      
00003db9  vTaskSuspend                          
00003ead  vTaskResume                           
00003f2f  xTaskResumeFromISR                    
00003fc1  vTaskStartScheduler                   
00004025  vTaskEndScheduler                     
00004045  vTaskSuspendAll                       
00004059  xTaskResumeAll                        
00004135  xTaskGetTickCount                     
00004145  xTaskGetTickCountFromISR              
00004159  uxTaskGetNumberOfTasks                
00004169  uxTaskGetSystemState                  
00004239  xTaskIncrementTick                    
00004361  vTaskSwitchContext                    
00004409  vTaskPlaceOnEventList                 
00004471  vTaskPlaceOnUnorderedEventList        
000044e5  vTaskPlaceOnEventListRestricted       
00004549  xTaskRemoveFromEventList              
000045c5  xTaskRemoveFromUnorderedEventList     
00004639  vTaskSetTimeOutState                  
0000465d  xTaskCheckForTimeOut                  
000046d7  vTaskMissedYield                      
000046df  uxTaskGetTaskNumber                   
00004705  vTaskSetTaskNumber                    
00004a81  uxTaskGetStackHighWaterMark           
00004b0b  xTaskGetCurrentTaskHandle             
00004b25  xTaskGetSchedulerState                
00004b51  vTaskPriorityInherit                  
00004c0b  xTaskPriorityDisinherit               
00004ca9  uxTaskResetEventItemValue             
00004ccb  pvTaskIncrementMutexHeldCount         
00004ce9  ulTaskNotifyTake                      
00004db5  xTaskNotifyWait                       
00004e9f  xTaskGenericNotify                    
00004f91  xTaskGenericNotifyFromISR             
00005099  vTaskNotifyGiveFromISR                
0000513f  xTaskNotifyStateClear                 
000052b9  xIsCallingFromIPTask                  
00005465  FreeRTOS_NetworkDown                  
00005487  FreeRTOS_NetworkDownFromISR           
000054b1  FreeRTOS_GetUDPPayloadBuffer          
000054e9  pxDuplicateNetworkBufferWithDescriptor
00005531  pxUDPPayloadBuffer_to_NetworkBuffer   
0000556d  FreeRTOS_ReleaseUDPPayloadBuffer      
00005599  FreeRTOS_IPInit                       
000056c9  FreeRTOS_GetAddressConfiguration      
00005711  FreeRTOS_SetAddressConfiguration      
00005751  FreeRTOS_SendPingRequest              
00005813  xSendEventToIPTask                    
00005851  xSendEventStructToIPTask              
000058e5  eConsiderFrameForProcessing           
000059a1  vIPNetworkUpCalls                     
00005d85  usGenerateProtocolChecksum            
00005ed5  usGenerateChecksum                    
0000605f  vReturnEthernetFrame                  
00006091  FreeRTOS_GetIPAddress                 
00006097  FreeRTOS_SetIPAddress                 
000060a7  FreeRTOS_GetGatewayAddress            
000060ad  FreeRTOS_GetDNSServerAddress          
000060b3  FreeRTOS_GetNetmask                   
000060b9  FreeRTOS_GetMACAddress                
000060bd  FreeRTOS_SetNetmask                   
000060cd  FreeRTOS_SetGatewayAddress            
000060dd  vIPSetDHCPTimerEnableState            
00006101  vIPReloadDHCPTimer                    
0000610f  xIPIsNetworkTaskReady                 
00006115  FreeRTOS_IsNetworkUp                  
00006213  vListInsertGeneric                    
000063a3  xTCPWindowRxEmpty                     
00006475  vTCPWindowDestroy                     
000064d3  vTCPWindowCreate                      
0000653d  vTCPWindowInit                        
00006671  lTCPWindowRxCheck                     
0000685b  lTCPWindowTxAdd                       
000069c9  xTCPWindowTxDone                      
00006a65  xTCPWindowTxHasData                   
00006b13  ulTCPWindowTxGet                      
00006e9f  ulTCPWindowTxAck                      
00006ed1  ulTCPWindowTxSack                     
00006f19  __TI_printfi                          
00007977  _nop                                  
00007979  xQueueGenericReset                    
00007a15  xQueueGenericCreate                   
00007a85  xQueueCreateMutex                     
00007afb  xQueueGiveMutexRecursive              
00007b37  xQueueTakeMutexRecursive              
00007b81  xQueueCreateCountingSemaphore         
00007ba1  xQueueGenericSend                     
00007cc9  xQueueGenericSendFromISR              
00007d55  xQueueGiveFromISR                     
00007dd5  xQueueGenericReceive                  
00007f43  xQueueReceiveFromISR                  
00007fc9  xQueuePeekFromISR                     
0000801b  uxQueueMessagesWaiting                
00008031  uxQueueSpacesAvailable                
00008051  uxQueueMessagesWaitingFromISR         
00008063  vQueueDelete                          
00008079  uxQueueGetQueueNumber                 
00008087  vQueueSetQueueNumber                  
00008099  ucQueueGetQueueType                   
00008243  xQueueIsQueueEmptyFromISR             
00008285  xQueueIsQueueFullFromISR              
000082a7  vQueueAddToRegistry                   
000082e9  vQueueUnregisterQueue                 
00008323  vQueueWaitForMessageRestricted        
00008381  xIsDHCPSocket                         
000083a1  vDHCPProcess                          
00008a49  heartbeat_timer_callback              
00008a67  logger_timer_callback                 
00008a85  current_update_timer_callback         
00008a99  pid_timer_callback                    
00008d13  motor_task_create                     
00008da5  current_measure_task_create           
00008e31  speed_measure_task_create             
00008e6d  logger_task_create                    
00008ebd  log_receive_task_create               
00008fcd  xTimerCreateTimerTask                 
00009005  xTimerCreate                          
00009059  xTimerGenericCommand                  
000090c5  pcTimerGetTimerName                   
00009485  xTimerIsTimerActive                   
000094b1  pvTimerGetTimerID                     
000094cb  vTimerSetTimerID                      
00009501  eARPProcessPacket                     
000095cf  vARPRefreshCacheEntry                 
00009769  eARPGetCacheEntry                     
000098a5  vARPAgeCache                          
00009971  vARPSendGratuitous                    
00009981  FreeRTOS_OutputARPRequest             
000099a9  vARPGenerateRequestPacket             
000099f5  FreeRTOS_ClearARP                     
00009a25  PID_init                              
00009a9b  PID_Compute                           
00009b9b  PID_SetTunings                        
00009c7d  PID_SetSampleTime                     
00009ce1  PID_SetOutputLimits                   
00009d97  PID_SetMode                           
00009de1  PID_Initialize                        
00009e39  PID_SetControllerDirection            
00009ea5  PID_GetKp                             
00009eb5  PID_GetKi                             
00009ec5  PID_GetKd                             
00009ed5  PID_GetMode                           
00009ef1  PID_GetDirection                      
00009f05  UARTStdioConfig                       
00009f4b  UARTwrite                             
00009f91  UARTgets                              
0000a04b  UARTgetc                              
0000a071  UARTvprintf                           
0000a36b  UARTprintf                            
0000a3a1  vEMACHandlerTask                      
0000a467  EthernetIntHandler                    
0000a48d  xNetworkInterfaceInitialise           
0000a4a5  xNetworkInterfaceOutput               
0000a4cb  vNetworkInterfaceAllocateRAMToBuffers 
0000a4d7  xGetPhyLinkStatus                     
0000a4e3  vApplicationIPNetworkEventHook        
0000a589  vApplicationPingReplyHook             
0000a5d5  vSendPing                             
0000a79d  FreeRTOS_gethostbyname                
0000a9ad  ulDNSHandlePacket                     
0000ab4d  xEventGroupCreate                     
0000ab6d  xEventGroupSync                       
0000ac3d  xEventGroupWaitBits                   
0000ad27  xEventGroupClearBits                  
0000ad53  xEventGroupGetBitsFromISR             
0000ad83  xEventGroupSetBits                    
0000ae51  vEventGroupDelete                     
0000ae85  vEventGroupSetBitsCallback            
0000ae95  vEventGroupClearBitsCallback          
0000aedb  uxEventGroupGetNumber                 
0000aefb  __aeabi_idiv0                         
0000aefb  __aeabi_ldiv0                         
0000aefd  ProcessReceivedPacket                 
0000af6d  PacketTransmit                        
0000afc5  InitDescriptors                       
0000b095  enable_eth0                           
0000b295  packet_send                           
0000b333  packet_recieve                        
0000b33f  get_heartbeat                         
0000b35f  get_motor_values                      
0000b3b7  get_pid_params                        
0000b3ef  get_pid_config                        
0000b421  calc_checksum                         
0000b45f  print_data_packet                     
0000b671  uxStreamBufferAdd                     
0000b753  uxStreamBufferGet                     
0000b825  pvPortMalloc                          
0000b927  vPortFree                             
0000b979  xPortGetFreeHeapSize                  
0000b97f  xPortGetMinimumEverFreeHeapSize       
0000b985  vPortInitialiseBlocks                 
0000bae1  xNetworkBuffersInitialise             
0000bb87  pucGetNetworkBuffer                   
0000bbcb  vReleaseNetworkBuffer                 
0000bbe1  pxGetNetworkBufferWithDescriptor      
0000bc97  vReleaseNetworkBufferAndDescriptor    
0000bce1  uxGetNumberOfFreeNetworkBuffers       
0000bce7  uxGetMinimumFreeNetworkBuffers        
0000bced  pxResizeNetworkBufferWithDescriptor   
0000bfe5  vProcessGeneratedUDPPacket            
0000c139  xProcessReceivedUDPPacket             
0000c1ed  SysCtlClockFreqSet                    
0000c3ed  vApplicationStackOverflowHook         
0000c3fb  main                                  
0000c7b9  __aeabi_dsub                          
0000c7c3  __aeabi_dadd                          
0000c971  pwm_init                              
0000c9e1  motor_speed                           
0000ca09  led_bright                            
0000ca35  Init_PID                              
0000ca81  PID_compute_output                    
0000cb09  UART0_Init                            
0000cb57  UART3_Init                            
0000cbab  uart_send_n                           
0000cbe5  uart_get_n                            
0000cc1f  uart_fill_buffer                      
0000cc63  UART3IntHandler                       
0000cc95  quad_encoder_init                     
0000cce3  get_position                          
0000cced  tachometer_init                       
0000cd25  GPIOPP3IntHandler                     
0000cd3b  timer_init                            
0000cd3d  get_speed_2                           
0000cd57  get_speed                             
0000cd7b  get_speed_test                        
0000cd8d  get_speed_setpoint                    
0000cd9d  get_error                             
0000cf1d  __aeabi_ddiv                          
0000d053  GPIOPadConfigSet                      
0000d185  vListInitialise                       
0000d1b5  vListInitialiseItem                   
0000d1c5  vListInsertEnd                        
0000d201  vListInsert                           
0000d267  uxListRemove                          
0000d2b1  pxPortInitialiseStack                 
0000d317  xPortStartScheduler                   
0000d34d  vPortEndScheduler                     
0000d34f  vPortEnterCritical                    
0000d36f  vPortExitCritical                     
0000d385  xPortSysTickHandler                   
0000d3ab  vPortSetupTimerInterrupt              
0000d4f9  fputs                                 
0000d60d  ldexp                                 
0000d60d  ldexpl                                
0000d60d  scalbn                                
0000d60d  scalbnl                               
0000d71d  __aeabi_dmul                          
0000d819  setvbuf                               
0000d8f5  free                                  
0000d9cd  adc_init                              
0000da0f  get_adc_count                         
0000da3b  get_current                           
0000dab1  ulPortGetIPSR                         
0000dac9  xPortPendSVHandler                    
0000db29  vPortSVCHandler                       
0000db49  vPortStartFirstTask                   
0000db65  vPortEnableVFP                        
0000dc27  __aeabi_memcpy                        
0000dc27  __aeabi_memcpy4                       
0000dc27  __aeabi_memcpy8                       
0000dc27  memcpy                                
0000dcc3  __aeabi_uldivmod                      
0000dd59  fputc                                 
0000dd59  putc                                  
0000dde5  __aeabi_cdcmpeq                       
0000dde5  __aeabi_cdcmple                       
0000de6b  __aeabi_cdrcmple                      
0000def1  ADCSequenceStepConfigure              
0000df6b  __aeabi_memclr                        
0000df6b  __aeabi_memclr4                       
0000df6b  __aeabi_memclr8                       
0000df6d  __aeabi_memset                        
0000df6d  __aeabi_memset4                       
0000df6d  __aeabi_memset8                       
0000df73  memset                                
0000dfe5  EMACInit                              
0000e05d  malloc                                
0000e0d5  __TI_closefile                        
0000e1b7  __aeabi_d2f                           
0000e225  HOSTlseek                             
0000e28d  HOSTrename                            
0000e2f5  IntEnable                             
0000e35d  __TI_decompress_lzss                  
0000e3c5  printf                                
0000e42d  frexp                                 
0000e42d  frexpl                                
0000e491  fseek                                 
0000e4f5  __TI_wrt_ok                           
0000e559  HOSTopen                              
0000e5b9  close                                 
0000e615  EMACPHYConfigSet                      
0000e66d  HOSTread                              
0000e6c5  HOSTwrite                             
0000e71d  ConfigureLEDs                         
0000e775  GPIOIntTypeSet                        
0000e821  ltoa                                  
0000e8c7  ADCSequenceConfigure                  
0000e919  SysCtlPeripheralReset                 
0000e969  __TI_doflush                          
0000e9b5  atoi                                  
0000ea01  GPIOPinConfigure                      
0000ea91  exit                                  
0000ead9  __aeabi_d2iz                          
0000eb21  UARTConfigSetExpClk                   
0000eb69  HOSTclose                             
0000ebad  HOSTunlink                            
0000ec35  __TI_auto_init_nobinit_nopinit        
0000ec79  getdevice                             
0000ecfd  __aeabi_uidiv                         
0000ecfd  __aeabi_uidivmod                      
0000ed3d  sprintf                               
0000edf9  EMACIntEnable                         
0000ee35  EMACConfigSet                         
0000ee6d  SysCtlPeripheralPresent               
0000eea5  SysCtlPeripheralReady                 
0000eedd  __TI_writemsg                         
0000ef0b  C$$IO$$                               
0000ef15  _c_int00_noargs                       
0000ef4d  minit                                 
0000ef85  __aeabi_f2d                           
0000efbd  __aeabi_ul2f                          
0000eff3  strncpy                               
0000f029  EMACIntClear                          
0000f05d  IntRegister                           
0000f091  SysCtlPeripheralEnable                
0000f0c5  __TI_cleanup                          
0000f0f9  __TI_readmsg                          
0000f12d  EMACAddrSet                           
0000f15d  finddevice                            
0000f18d  ADCIntStatus                          
0000f1bb  __aeabi_i2d                           
0000f1e9  EMACIntStatus                         
0000f215  remove                                
0000f215  unlink                                
0000f241  GPIODirModeSet                        
0000f26d  lseek                                 
0000f2bd  write                                 
0000f2e5  IntPrioritySet                        
0000f309  memcmp                                
0000f32d  memmove                               
0000f351  PWMGenConfigure                       
0000f375  UARTDisable                           
0000f3b5  memchr                                
0000f3d5  __aeabi_ui2d                          
0000f3f5  ADCSequenceDataGet                    
0000f413  PWMPulseWidthSet                      
0000f431  memccpy                               
0000f44d  ADCProcessorTrigger                   
0000f465  GPIOIntRegister                       
0000f47d  GPIOPinTypeGPIOOutput                 
0000f495  UARTIntRegister                       
0000f4c5  strcmp                                
0000f4dd  EMACReset                             
0000f4f3  EMACRxEnable                          
0000f509  EMACTxEnable                          
0000f51f  strchr                                
0000f535  FlashUserGet                          
0000f549  PWMClockSet                           
0000f55d  UARTEnable                            
0000f571  copysign                              
0000f571  copysignl                             
0000f585  strcpy                                
0000f599  strlen                                
0000f5ad  GPIOPinTypeADC                        
0000f5bf  GPIOPinTypeGPIOInput                  
0000f5d1  GPIOPinTypePWM                        
0000f5e3  GPIOPinTypeQEI                        
0000f5f5  GPIOPinTypeUART                       
0000f607  PWMGenPeriodGet                       
0000f619  PWMOutputInvert                       
0000f62b  PWMOutputState                        
0000f63d  wcslen                                
0000f651  EMACFrameFilterSet                    
0000f661  PWMGenPeriodSet                       
0000f671  QEIVelocityConfigure                  
0000f681  ADCSequenceEnable                     
0000f68f  QEIConfigure                          
0000f69d  UARTCharsAvail                        
0000f6ab  __TI_decompress_none                  
0000f6b9  GPIOIntEnable                         
0000f6c5  PWMGenEnable                          
0000f6d1  __TI_zero_init                        
0000f6dd  ResetISR                              
0000f6e9  QEIEnable                             
0000f6f3  QEIVelocityEnable                     
0000f6fd  UARTCharGet                           
0000f707  UARTCharPut                           
0000f711  UARTIntDisable                        
0000f725  EMACTxDMAPollDemand                   
0000f72d  UARTIntEnable                         
0000f735  __aeabi_errno_addr                    
0000f73d  EMACRxDMADescriptorListSet            
0000f743  EMACTxDMADescriptorListSet            
0000f749  GPIOIntClear                          
0000f74f  GPIOPinWrite                          
0000f755  SysCtlDelay                           
0000f75b  QEIPositionGet                        
0000f75f  QEIVelocityGet                        
0000f763  UARTIntClear                          
0000f76f  _system_pre_init                      
0000f773  C$$EXIT                               
0000f773  abort                                 
0000f928  _ctypes_                              
0000ff94  xBroadcastMACAddress                  
0000ff9c  xBufferAllocFixedSize                 
0000ffa0  ulMaxSyscallInterruptPriority         
0001004c  __TI_Handler_Table_Base               
00010058  __TI_Handler_Table_Limit              
00010068  __TI_CINIT_Base                       
00010080  __TI_CINIT_Limit                      
20000000  g_pfnRAMVectors                       
200077a0  g_ppui8RxBuffer                       
20008c48  __CIOBUF_                             
20008d68  __TI_tmpnams                          
20008e08  g_psRxDescriptor                      
20008e68  g_psTxDescriptor                      
20008ec8  xQueueRegistry                        
20008f60  g_pid_values                          
20008fc4  gMotorValues                          
200090d4  xBoundTCPSocketsList                  
200090e8  xBoundUDPSocketsList                  
200090fc  g_pid_params                          
20009120  parmbuf                               
20009128  pui8MACAddr                           
20009130  timer_cur_val                         
20009138  timer_past_val                        
2000914c  g_ui32RxDescIndex                     
20009150  g_ui32SysClock                        
20009154  g_ui32TxDescIndex                     
20009158  ip                                    
2000915c  ui32Loop                              
20009160  ui32User0                             
20009164  ui32User1                             
20009168  xData_Semaphore                       
2000916c  xEMACRxEventSemaphore                 
20009170  xPingReplyQueue                       
20009174  xUARTRxEventSemaphore                 
20009178  ui8PHYAddr                            
20009180  __stack                               
20009380  __STACK_TOP                           
20009980  __STACK_END                           
20009980  _ftable                               
20009a70  _device                               
20009ae8  _stream                               
20009b38  pxCurrentTCB                          
20009b68  xNetworkEventQueue                    
20009b6c  usPacketIdentifier                    
20009b8c  xDefaultPartUDPPacketHeader           
20009bb8  toggle                                
20009bbc  packet_type_strings                   
20009bd0  xDefaultAddressing                    
20009be4  xNetworkAddressing                    
20009c08  __TI_ft_end                           
20009c0c  __aeabi_stdin                         
20009c10  __aeabi_stdout                        
20009c14  __aeabi_stderr                        
20009c18  __TI_cleanup_ptr                      
20009c1c  __TI_dtors_ptr                        
20009c20  __TI_enable_exit_profile_output       
20009c30  _lock                                 
20009c34  _unlock                               
20009c44  xTCPWindowLoggingLevel                
20009c48  comm_hw_used                          
20009c4c  xSocket                               
20009c6c  ulNextInitialSequenceNumber           
20009c74  errno                                 
20009c80  _sys_memory                           
ffffffff  __TI_pprof_out_hndl                   
ffffffff  __TI_prof_data_size                   
ffffffff  __TI_prof_data_start                  
ffffffff  __binit__                             
ffffffff  __c_args__                            
ffffffff  binit                                 
UNDEFED   __mpu_init                            
UNDEFED   _system_post_cinit                    

[523 symbols]
